
U-Boot SPL 2021.10 (Feb 12 2023 - 18:15:33 +0800)
DDR version: dc2e84f0.
Trying to boot from SPI

OpenSBI v1.2
   ____                    _____ ____ _____
  / __ \                  / ____|  _ \_   _|
 | |  | |_ __   ___ _ __ | (___ | |_) || |
 | |  | | '_ \ / _ \ '_ \ \___ \|  _ < | |
 | |__| | |_) |  __/ | | |____) | |_) || |_
  \____/| .__/ \___|_| |_|_____/|____/_____|
        | |
        |_|

Platform Name             : StarFive VisionFive V2
Platform Features         : medeleg
Platform HART Count       : 5
Platform IPI Device       : aclint-mswi
Platform Timer Device     : aclint-mtimer @ 4000000Hz
Platform Console Device   : uart8250
Platform HSM Device       : jh7110-hsm
Platform PMU Device       : ---
Platform Reboot Device    : pm-reset
Platform Shutdown Device  : pm-reset
Firmware Base             : 0x40000000
Firmware Size             : 292 KB
Runtime SBI Version       : 1.0

Domain0 Name              : root
Domain0 Boot HART         : 1
Domain0 HARTs             : 0*,1*,2*,3*,4*
Domain0 Region00          : 0x0000000002000000-0x000000000200ffff (I)
Domain0 Region01          : 0x0000000040000000-0x000000004007ffff ()
Domain0 Region02          : 0x0000000000000000-0xffffffffffffffff (R,W,X)
Domain0 Next Address      : 0x0000000040200000
Domain0 Next Arg1         : 0x0000000042200000
Domain0 Next Mode         : S-mode
Domain0 SysReset          : yes

Boot HART ID              : 1
Boot HART Domain          : root
Boot HART Priv Version    : v1.11
Boot HART Base ISA        : rv64imafdcbx
Boot HART ISA Extensions  : none
Boot HART PMP Count       : 8
Boot HART PMP Granularity : 4096
Boot HART PMP Address Bits: 34
Boot HART MHPM Count      : 2
Boot HART MIDELEG         : 0x0000000000000222
Boot HART MEDELEG         : 0x000000000000b109


U-Boot 2021.10 (Feb 12 2023 - 18:15:33 +0800), Build: jenkins-VF2_515_Branch_SDK_Release-24

CPU:   rv64imacu
Model: StarFive VisionFive V2
DRAM:  8 GiB
MMC:   sdio0@16010000: 0, sdio1@16020000: 1
Loading Environment from SPIFlash... SF: Detected gd25lq128 with page size 256 Bytes, erase size 4 KiB, total 16 MiB
*** Warning - bad CRC, using default environment

StarFive EEPROM format v2

--------EEPROM INFO--------
Vendor : StarFive Technology Co., Ltd.
Product full SN: VF7110B1-2253-D008E000-00004584
data version: 0x2
PCB revision: 0xb2
BOM revision: A
Ethernet MAC0 address: 6c:cf:39:00:47:2c
Ethernet MAC1 address: 6c:cf:39:00:47:2d
--------EEPROM INFO--------

In:    serial@10000000
Out:   serial@10000000
Err:   serial@10000000
Model: StarFive VisionFive V2
Net:   eth0: ethernet@16030000, eth1: ethernet@16040000
switch to partitions #0, OK
mmc1 is current device
found device 1
bootmode flash device 1
** Invalid partition 3 **
Couldn't find partition mmc 1:3
Can't set block device
** Invalid partition 3 **
Couldn't find partition mmc 1:3
Can't set block device
Hit any key to stop autoboot:  2  1  0 
** Invalid partition 3 **
Couldn't find partition mmc 1:3
Can't set block device
Importing environment from mmc1 ...
## Warning: Input data exceeds 1048576 bytes - truncated
## Info: input data size = 1048578 = 0x100002
** Invalid partition 2 **
Couldn't find partition mmc 1:2
Can't set block device
## Warning: defaulting to text format
## Error: "boot2" not defined
switch to partitions #0, OK
mmc1 is current device
Scanning mmc 1:1...
Found U-Boot script /boot.scr.uimg
1595 bytes read in 8 ms (194.3 KiB/s)
## Executing script at 43900000
nife: boot.scr is driving this boot, milestones 218 and 257
nife: tftp server is 192.168.8.206, setenv nife_boot_server to point somewhere else
ethernet@16030000 Waiting for PHY auto negotiation to complete...... done
BOOTP broadcast 1
BOOTP broadcast 2
DHCP client bound to address 192.168.8.200 (258 ms)
Using ethernet@16030000 device
TFTP from server 192.168.8.206; our IP address is 192.168.8.200
Filename 'nife-vf2.img'.
Load address: 0x40200000
Loading: *#################################################################
	 #################################################################
	 #################################################################
	 ######################
	 3.7 MiB/s
done
Bytes transferred = 3177792 (307d40 hex)
Using ethernet@16030000 device
TFTP from server 192.168.8.206; our IP address is 192.168.8.200
Filename 'nife-initrd.img'.
Load address: 0x90000000
Loading: *#################################################################
	 #################################################################
	 #################################################################
	 #################################################################
	 #################################################################
	 #################################################################
	 #################################################################
	 #################################################################
	 #################################################################
	 #################################################################
	 #################################################################
	 #################################################################
	 ############################################
	 3.5 MiB/s
done
Bytes transferred = 12094976 (b88e00 hex)
nife: payload came from net
Moving Image from 0x40200000 to 0x80200000, end=80507000
## Flattened Device Tree blob at 86000000
   Booting using the fdt blob at 0x86000000
   Using Device Tree in place at 0000000086000000, end 000000008600d41a

Starting kernel ...

clk u5_dw_i2c_clk_core already disabled
clk u5_dw_i2c_clk_apb already disabled

nife on RISC-V (rv64, S-mode, Sv39)
  hart 0 booted: high-half kernel, .bss, and the NS16550 console are up.
  running at  : 0xffffffc080224166  (high half: Sv39 paging is on)
  device tree : 0x0000000086000000
  screen      : none (no qemu,fw-cfg-mmio node: this machine has no ramfb to ask for); this console is the UART
  traps       : stvec set; a breakpoint was caught and stepped over (1)
  timer       : 21 ticks in ~0.2s (SBI timer + S-mode interrupt at 100 Hz)
  memory      : device tree parsed, frame allocator up (first frame 0x400a0000)
  smp: 5 core(s) in the device tree, 4 startable
  smp: cpu 0's riscv,isa names user mode and not supervisor: it cannot run this kernel, whatever status and mmu-type claim; not started
  plic: S contexts from the device tree differ from the 2h+1 formula (expected on the JH7110: the disabled S7 shifts every context down one)
  paging      : fine-grained W^X Sv39 tables installed, satp switched (paging on: true)
  isa         : rv64i m a c f d
              : 5 hart(s), mmu sv39 declared and sv39 in use, satp.ASID 0 bits measured; read from the deprecated riscv,isa
  firmware    : OpenSBI 0x10002, SBI 1.0, TIME IPI RFENCE HSM PMU
  cycles      : SBI PMU counter 0, CSR 0xc00, 64 bits
  smp: sbi hsm hart_start (the only mechanism RISC-V defines)
  smp: cpu 0 is not startable by this kernel (disabled, no supervisor
       mode, or an enable-method we do not speak); leaving it alone.
  smp: 4 core(s) online

nife
  isa         : rv64i m a c f d
              : 5 hart(s), mmu sv39 declared and sv39 in use, satp.ASID 0 bits measured; read from the deprecated riscv,isa
  firmware    : OpenSBI 0x10002, SBI 1.0, TIME IPI RFENCE HSM PMU
  stack top       : 0xffffffc080457000
  firmware handoff: 0x0000000086000000  (device tree)
  processors      : 4 online of 5 described, boot cpu hwid 0x1
  memory          : 4096 MiB total, 4072 MiB free (23964 KiB in use)
  console         : NS16550 at 0xffffffc010000000, interrupt line 32
                  : no screen; this console is the UART alone
  interrupts      : PLIC at 0x000000000c000000, this hart's S-mode context 2
  timer           : 100 Hz tick, counter at 4 MHz, interrupts ON
  initrd          : 12094976 bytes at 0x0000000090000000, a nifefs archive of 104 program(s)
  pcie            : none (this machine describes no host bridge)
  iommu           : none (no riscv-iommu-pci function on this machine's bus)
  mmu             : Sv39 on, fine-grained W^X tables installed, one satp, kernel high half at 0xffffffc000000000
                  : kernel root 0x00000000400a1000, live satp root 0x00000000400a1000
  scheduler       : 5 thread(s), round robin, preemptive
nife machine: riscv64, 4 processor(s), 4096 MiB, 100 Hz
  self-test       : exceptions ok      a breakpoint was caught and stepped over (1)
  self-test       : mapping    ok      0xffffffc180000000 -> 0x408cc000, read back 0xc0ffee, unmapped
  self-test       : frames     ok      one frame out and back at 0x408cc000; used 5993 -> Some(5994) -> Some(5993)
  self-test       : timer      ok      the 4MHz counter advanced 80001 and 2 tick(s) arrived in ~20ms
  self-test       : scheduler  ok      thread 5 ran and carried its captured state (0x268026802680268)
nife self-test: 5 of 5 passed
  user address space : process satp activated (kernel half shared), user 0x400000 -> Some((408e0000, Flags(3)))
  userspace   : a program was started at U-mode (yield/yield/exit via ecall)
  user ELF    : an archive; the progenitor composes this machine's userspace at the handoff below
  preemption  : two never-yield threads ran 7177288 and 6454513 iterations, 82 preemptions (a thread that refuses to yield is preempted anyway)
  uart irq    : source 32 (machine description)
  device IRQ  : userspace driver started (holds an Irq cap + a UART mapping); pipe a byte to see it
  virtio      : no block device attached (pass NIFE_DISK to attach one)
  pcie        : no virtio-blk on the bus (pass NIFE_DISK to attach one)
  hw clock    : JH7110 STG CRG at 0x10230000 (named by this machine's device tree): clocks 0x00000000,0x00000000 -> 0x80000000,0x80000000 (running); reset 3 assert 0x007ffffe -> 0x007ffff6, status 0x00000009 (released, 1 polls)
  capability slots: 2 of 64 at peak
  hw entropy  : JH7110 TRNG at 0x1600c000 served 32+32 bytes to a client through a capability that names no device; first draw b337f23d.., second differs; STAT after init 0x00040308 (256-bit: all eight RAND words are the answer); since the pcie line 21094 us, of which bring-up 804 us (window mapped, driver spawned, reseed, first generation; the hw clock line's own console time excluded) and 64 bytes in 59 us (1075630 bytes/s over 8 round trips)
nife: the capability core runs on RISC-V.

job-mix: started 32 tasks and 2 servers on 4 online core(s), cntfrq=4000000 Hz
  capability slots: 6 of 64 at peak
job-mix: one job is one of 7 kinds (16 per round, 8 rounds per task per subrun); see crates/job_mix for the mix and what it deliberately leaves out
job-mix: this measures THIS kernel under multi-tasking load; it compares nothing against an event kernel and does not decide design/decisions/96-process-kernel-or-event-kernel.md
job-mix: each point is the median of 21 repeats, with the fastest and slowest beside it (since 2026-09-19); a transcript before that date printed the best of 3 as ticks= and jpm=, which is a different statistic from a different mix and is not comparable with jpm_median=
job-mix-census: where the kernel placed each thread at spawn: S=echo server, T=task
job-mix-census: core=1 threads=7 S0 T5 T15 T17 T22 T27 T31
job-mix-census: core=2 threads=7 T0 T1 T6 T7 T13 T19 T26
job-mix-census: core=3 threads=10 S1 T3 T4 T8 T10 T11 T16 T23 T25 T29
job-mix-census: core=4 threads=10 T2 T9 T12 T14 T18 T20 T21 T24 T28 T30
job-mix-census: placement decides throughput on real silicon by up to fifteenfold (notes/soak.md, milestone 240), so a jobs-per-minute figure from ONE boot is a draw and not a result; notes/job-mix.md's procedure asks for repeated boots
  capability slots: 9 of 64 at peak
job-mix-repeat: tasks=1 repeat=0 ticks=108674
job-mix-repeat: tasks=1 repeat=1 ticks=96431
job-mix-repeat: tasks=1 repeat=2 ticks=96301
job-mix-repeat: tasks=1 repeat=3 ticks=96451
job-mix-repeat: tasks=1 repeat=4 ticks=96375
job-mix-repeat: tasks=1 repeat=5 ticks=96244
job-mix-repeat: tasks=1 repeat=6 ticks=96489
job-mix-repeat: tasks=1 repeat=7 ticks=96584
job-mix-repeat: tasks=1 repeat=8 ticks=96320
job-mix-repeat: tasks=1 repeat=9 ticks=96509
job-mix-repeat: tasks=1 repeat=10 ticks=96436
job-mix-repeat: tasks=1 repeat=11 ticks=96446
job-mix-repeat: tasks=1 repeat=12 ticks=96504
job-mix-repeat: tasks=1 repeat=13 ticks=96538
job-mix-repeat: tasks=1 repeat=14 ticks=96540
job-mix-repeat: tasks=1 repeat=15 ticks=96557
job-mix-repeat: tasks=1 repeat=16 ticks=96298
job-mix-repeat: tasks=1 repeat=17 ticks=96494
job-mix-repeat: tasks=1 repeat=18 ticks=96454
job-mix-repeat: tasks=1 repeat=19 ticks=96338
job-mix-repeat: tasks=1 repeat=20 ticks=96554
job-mix: tasks=1 jobs=128 repeats=21 ticks_min=96244 ticks_median=96454 ticks_max=108674 jpm_median=318493
job-mix-kind: tasks=1 kind=compute jobs=336 ticks=809645 per_job=2409 region_ticks=0
job-mix-kind: tasks=1 kind=touch jobs=336 ticks=263399 per_job=783 region_ticks=0
job-mix-kind: tasks=1 kind=null_syscall jobs=336 ticks=37113 per_job=110 region_ticks=0
job-mix-kind: tasks=1 kind=yield jobs=336 ticks=34209 per_job=101 region_ticks=0
job-mix-kind: tasks=1 kind=round_trip jobs=672 ticks=361278 per_job=537 region_ticks=0
job-mix-kind: tasks=1 kind=map jobs=336 ticks=124189 per_job=369 region_ticks=39858
job-mix-kind: tasks=1 kind=spawn jobs=336 ticks=401110 per_job=1193 region_ticks=63910
job-mix-repeat: tasks=2 repeat=0 ticks=104676
job-mix-repeat: tasks=2 repeat=1 ticks=104836
job-mix-repeat: tasks=2 repeat=2 ticks=104390
job-mix-repeat: tasks=2 repeat=3 ticks=103451
job-mix-repeat: tasks=2 repeat=4 ticks=104748
job-mix-repeat: tasks=2 repeat=5 ticks=104565
job-mix-repeat: tasks=2 repeat=6 ticks=104721
job-mix-repeat: tasks=2 repeat=7 ticks=104508
job-mix-repeat: tasks=2 repeat=8 ticks=104046
job-mix-repeat: tasks=2 repeat=9 ticks=105009
job-mix-repeat: tasks=2 repeat=10 ticks=104933
job-mix-repeat: tasks=2 repeat=11 ticks=104784
job-mix-repeat: tasks=2 repeat=12 ticks=104675
job-mix-repeat: tasks=2 repeat=13 ticks=103628
job-mix-repeat: tasks=2 repeat=14 ticks=104731
job-mix-repeat: tasks=2 repeat=15 ticks=105371
job-mix-repeat: tasks=2 repeat=16 ticks=104972
job-mix-repeat: tasks=2 repeat=17 ticks=104539
job-mix-repeat: tasks=2 repeat=18 ticks=104043
job-mix-repeat: tasks=2 repeat=19 ticks=104840
job-mix-repeat: tasks=2 repeat=20 ticks=104289
job-mix: tasks=2 jobs=256 repeats=21 ticks_min=103451 ticks_median=104676 ticks_max=105371 jpm_median=586954
job-mix-kind: tasks=2 kind=compute jobs=672 ticks=1654733 per_job=2462 region_ticks=0
job-mix-kind: tasks=2 kind=touch jobs=672 ticks=527803 per_job=785 region_ticks=0
job-mix-kind: tasks=2 kind=null_syscall jobs=672 ticks=77211 per_job=114 region_ticks=0
job-mix-kind: tasks=2 kind=yield jobs=672 ticks=80542 per_job=119 region_ticks=0
job-mix-kind: tasks=2 kind=round_trip jobs=1344 ticks=871274 per_job=648 region_ticks=0
job-mix-kind: tasks=2 kind=map jobs=672 ticks=281174 per_job=418 region_ticks=91832
job-mix-kind: tasks=2 kind=spawn jobs=672 ticks=869170 per_job=1293 region_ticks=150194
job-mix-repeat: tasks=4 repeat=0 ticks=130939
job-mix-repeat: tasks=4 repeat=1 ticks=129341
job-mix-repeat: tasks=4 repeat=2 ticks=130009
job-mix-repeat: tasks=4 repeat=3 ticks=130290
job-mix-repeat: tasks=4 repeat=4 ticks=128819
job-mix-repeat: tasks=4 repeat=5 ticks=128597
job-mix-repeat: tasks=4 repeat=6 ticks=130142
job-mix-repeat: tasks=4 repeat=7 ticks=131762
job-mix-repeat: tasks=4 repeat=8 ticks=122911
job-mix-repeat: tasks=4 repeat=9 ticks=131365
job-mix-repeat: tasks=4 repeat=10 ticks=121628
job-mix-repeat: tasks=4 repeat=11 ticks=130543
job-mix-repeat: tasks=4 repeat=12 ticks=128853
job-mix-repeat: tasks=4 repeat=13 ticks=130560
job-mix-repeat: tasks=4 repeat=14 ticks=132725
job-mix-repeat: tasks=4 repeat=15 ticks=132770
job-mix-repeat: tasks=4 repeat=16 ticks=128619
job-mix-repeat: tasks=4 repeat=17 ticks=130137
job-mix-repeat: tasks=4 repeat=18 ticks=128487
job-mix-repeat: tasks=4 repeat=19 ticks=130892
job-mix-repeat: tasks=4 repeat=20 ticks=127200
job-mix: tasks=4 jobs=512 repeats=21 ticks_min=121628 ticks_median=130137 ticks_max=132770 jpm_median=944235
job-mix-kind: tasks=4 kind=compute jobs=1344 ticks=3398829 per_job=2528 region_ticks=0
job-mix-kind: tasks=4 kind=touch jobs=1344 ticks=1100601 per_job=818 region_ticks=0
job-mix-kind: tasks=4 kind=null_syscall jobs=1344 ticks=161472 per_job=120 region_ticks=0
job-mix-kind: tasks=4 kind=yield jobs=1344 ticks=248626 per_job=184 region_ticks=0
job-mix-kind: tasks=4 kind=round_trip jobs=2688 ticks=2880528 per_job=1071 region_ticks=0
job-mix-kind: tasks=4 kind=map jobs=1344 ticks=624710 per_job=464 region_ticks=205068
job-mix-kind: tasks=4 kind=spawn jobs=1344 ticks=1891840 per_job=1407 region_ticks=315260
job-mix-repeat: tasks=8 repeat=0 ticks=243817
job-mix-repeat: tasks=8 repeat=1 ticks=242039
job-mix-repeat: tasks=8 repeat=2 ticks=246992
job-mix-repeat: tasks=8 repeat=3 ticks=252225
job-mix-repeat: tasks=8 repeat=4 ticks=245202
job-mix-repeat: tasks=8 repeat=5 ticks=248298
job-mix-repeat: tasks=8 repeat=6 ticks=242335
job-mix-repeat: tasks=8 repeat=7 ticks=238735
job-mix-repeat: tasks=8 repeat=8 ticks=249362
job-mix-repeat: tasks=8 repeat=9 ticks=238207
job-mix-repeat: tasks=8 repeat=10 ticks=241767
job-mix-repeat: tasks=8 repeat=11 ticks=247580
job-mix-repeat: tasks=8 repeat=12 ticks=242784
job-mix-repeat: tasks=8 repeat=13 ticks=237367
job-mix-repeat: tasks=8 repeat=14 ticks=237189
job-mix-repeat: tasks=8 repeat=15 ticks=242381
job-mix-repeat: tasks=8 repeat=16 ticks=244772
job-mix-repeat: tasks=8 repeat=17 ticks=245103
job-mix-repeat: tasks=8 repeat=18 ticks=241352
job-mix-repeat: tasks=8 repeat=19 ticks=248088
job-mix-repeat: tasks=8 repeat=20 ticks=253837
job-mix: tasks=8 jobs=1024 repeats=21 ticks_min=237189 ticks_median=243817 ticks_max=253837 jpm_median=1007969
job-mix-kind: tasks=8 kind=compute jobs=2688 ticks=7252345 per_job=2698 region_ticks=0
job-mix-kind: tasks=8 kind=touch jobs=2688 ticks=2346858 per_job=873 region_ticks=0
job-mix-kind: tasks=8 kind=null_syscall jobs=2688 ticks=342999 per_job=127 region_ticks=0
job-mix-kind: tasks=8 kind=yield jobs=2688 ticks=3274180 per_job=1218 region_ticks=0
job-mix-kind: tasks=8 kind=round_trip jobs=5376 ticks=16788248 per_job=3122 region_ticks=0
job-mix-kind: tasks=8 kind=map jobs=2688 ticks=1334214 per_job=496 region_ticks=426728
job-mix-kind: tasks=8 kind=spawn jobs=2688 ticks=6568906 per_job=2443 region_ticks=656524
job-mix-repeat: tasks=16 repeat=0 ticks=480102
job-mix-repeat: tasks=16 repeat=1 ticks=482529
job-mix-repeat: tasks=16 repeat=2 ticks=484947
job-mix-repeat: tasks=16 repeat=3 ticks=478898
job-mix-repeat: tasks=16 repeat=4 ticks=483410
job-mix-repeat: tasks=16 repeat=5 ticks=481475
job-mix-repeat: tasks=16 repeat=6 ticks=476465
job-mix-repeat: tasks=16 repeat=7 ticks=476576
job-mix-repeat: tasks=16 repeat=8 ticks=481568
job-mix-repeat: tasks=16 repeat=9 ticks=478105
job-mix-repeat: tasks=16 repeat=10 ticks=479918
job-mix-repeat: tasks=16 repeat=11 ticks=482507
job-mix-repeat: tasks=16 repeat=12 ticks=482593
job-mix-repeat: tasks=16 repeat=13 ticks=473066
job-mix-repeat: tasks=16 repeat=14 ticks=489938
job-mix-repeat: tasks=16 repeat=15 ticks=479447
job-mix-repeat: tasks=16 repeat=16 ticks=476813
job-mix-repeat: tasks=16 repeat=17 ticks=477566
job-mix-repeat: tasks=16 repeat=18 ticks=483031
job-mix-repeat: tasks=16 repeat=19 ticks=479954
job-mix-repeat: tasks=16 repeat=20 ticks=481508
job-mix: tasks=16 jobs=2048 repeats=21 ticks_min=473066 ticks_median=480102 ticks_max=489938 jpm_median=1023782
job-mix-kind: tasks=16 kind=compute jobs=5376 ticks=15078164 per_job=2804 region_ticks=0
job-mix-kind: tasks=16 kind=touch jobs=5376 ticks=4865735 per_job=905 region_ticks=0
job-mix-kind: tasks=16 kind=null_syscall jobs=5376 ticks=706179 per_job=131 region_ticks=0
job-mix-kind: tasks=16 kind=yield jobs=5376 ticks=16614571 per_job=3090 region_ticks=0
job-mix-kind: tasks=16 kind=round_trip jobs=10752 ticks=94380715 per_job=8777 region_ticks=0
job-mix-kind: tasks=16 kind=map jobs=5376 ticks=2721859 per_job=506 region_ticks=881054
job-mix-kind: tasks=16 kind=spawn jobs=5376 ticks=16858066 per_job=3135 region_ticks=1386910
job-mix-repeat: tasks=32 repeat=0 ticks=952598
job-mix-repeat: tasks=32 repeat=1 ticks=946283
job-mix-repeat: tasks=32 repeat=2 ticks=956082
job-mix-repeat: tasks=32 repeat=3 ticks=945933
job-mix-repeat: tasks=32 repeat=4 ticks=953825
job-mix-repeat: tasks=32 repeat=5 ticks=952546
job-mix-repeat: tasks=32 repeat=6 ticks=949036
job-mix-repeat: tasks=32 repeat=7 ticks=967968
job-mix-repeat: tasks=32 repeat=8 ticks=944692
job-mix-repeat: tasks=32 repeat=9 ticks=947175
job-mix-repeat: tasks=32 repeat=10 ticks=948369
job-mix-repeat: tasks=32 repeat=11 ticks=954883
job-mix-repeat: tasks=32 repeat=12 ticks=952540
job-mix-repeat: tasks=32 repeat=13 ticks=951152
job-mix-repeat: tasks=32 repeat=14 ticks=948859
job-mix-repeat: tasks=32 repeat=15 ticks=954423
job-mix-repeat: tasks=32 repeat=16 ticks=948822
job-mix-repeat: tasks=32 repeat=17 ticks=947008
job-mix-repeat: tasks=32 repeat=18 ticks=949476
job-mix-repeat: tasks=32 repeat=19 ticks=945913
job-mix-repeat: tasks=32 repeat=20 ticks=956165
job-mix: tasks=32 jobs=4096 repeats=21 ticks_min=944692 ticks_median=949476 ticks_max=967968 jpm_median=1035350
job-mix-kind: tasks=32 kind=compute jobs=10752 ticks=31060076 per_job=2888 region_ticks=0
job-mix-kind: tasks=32 kind=touch jobs=10752 ticks=9991686 per_job=929 region_ticks=0
job-mix-kind: tasks=32 kind=null_syscall jobs=10752 ticks=1450343 per_job=134 region_ticks=0
job-mix-kind: tasks=32 kind=yield jobs=10752 ticks=53654051 per_job=4990 region_ticks=0
job-mix-kind: tasks=32 kind=round_trip jobs=21504 ticks=468478381 per_job=21785 region_ticks=0
job-mix-kind: tasks=32 kind=map jobs=10752 ticks=5991460 per_job=557 region_ticks=1898456
job-mix-kind: tasks=32 kind=spawn jobs=10752 ticks=39644755 per_job=3687 region_ticks=2859109
job-mix: done
