
U-Boot SPL 2021.10 (Feb 12 2023 - 18:15:33 +0800)
DDR version: dc2e84f0.
Trying to boot from SPI

OpenSBI v1.2
   ____                    _____ ____ _____
  / __ \                  / ____|  _ \_   _|
 | |  | |_ __   ___ _ __ | (___ | |_) || |
 | |  | | '_ \ / _ \ '_ \ \___ \|  _ < | |
 | |__| | |_) |  __/ | | |____) | |_) || |_
  \____/| .__/ \___|_| |_|_____/|____/_____|
        | |
        |_|

Platform Name             : StarFive VisionFive V2
Platform Features         : medeleg
Platform HART Count       : 5
Platform IPI Device       : aclint-mswi
Platform Timer Device     : aclint-mtimer @ 4000000Hz
Platform Console Device   : uart8250
Platform HSM Device       : jh7110-hsm
Platform PMU Device       : ---
Platform Reboot Device    : pm-reset
Platform Shutdown Device  : pm-reset
Firmware Base             : 0x40000000
Firmware Size             : 292 KB
Runtime SBI Version       : 1.0

Domain0 Name              : root
Domain0 Boot HART         : 1
Domain0 HARTs             : 0*,1*,2*,3*,4*
Domain0 Region00          : 0x0000000002000000-0x000000000200ffff (I)
Domain0 Region01          : 0x0000000040000000-0x000000004007ffff ()
Domain0 Region02          : 0x0000000000000000-0xffffffffffffffff (R,W,X)
Domain0 Next Address      : 0x0000000040200000
Domain0 Next Arg1         : 0x0000000042200000
Domain0 Next Mode         : S-mode
Domain0 SysReset          : yes

Boot HART ID              : 1
Boot HART Domain          : root
Boot HART Priv Version    : v1.11
Boot HART Base ISA        : rv64imafdcbx
Boot HART ISA Extensions  : none
Boot HART PMP Count       : 8
Boot HART PMP Granularity : 4096
Boot HART PMP Address Bits: 34
Boot HART MHPM Count      : 2
Boot HART MIDELEG         : 0x0000000000000222
Boot HART MEDELEG         : 0x000000000000b109


U-Boot 2021.10 (Feb 12 2023 - 18:15:33 +0800), Build: jenkins-VF2_515_Branch_SDK_Release-24

CPU:   rv64imacu
Model: StarFive VisionFive V2
DRAM:  8 GiB
MMC:   sdio0@16010000: 0, sdio1@16020000: 1
Loading Environment from SPIFlash... SF: Detected gd25lq128 with page size 256 Bytes, erase size 4 KiB, total 16 MiB
*** Warning - bad CRC, using default environment

StarFive EEPROM format v2

--------EEPROM INFO--------
Vendor : StarFive Technology Co., Ltd.
Product full SN: VF7110B1-2253-D008E000-00004584
data version: 0x2
PCB revision: 0xb2
BOM revision: A
Ethernet MAC0 address: 6c:cf:39:00:47:2c
Ethernet MAC1 address: 6c:cf:39:00:47:2d
--------EEPROM INFO--------

In:    serial@10000000
Out:   serial@10000000
Err:   serial@10000000
Model: StarFive VisionFive V2
Net:   eth0: ethernet@16030000, eth1: ethernet@16040000
switch to partitions #0, OK
mmc1 is current device
found device 1
bootmode flash device 1
** Invalid partition 3 **
Couldn't find partition mmc 1:3
Can't set block device
** Invalid partition 3 **
Couldn't find partition mmc 1:3
Can't set block device
Hit any key to stop autoboot:  2  1  0 
** Invalid partition 3 **
Couldn't find partition mmc 1:3
Can't set block device
Importing environment from mmc1 ...
## Warning: Input data exceeds 1048576 bytes - truncated
## Info: input data size = 1048578 = 0x100002
** Invalid partition 2 **
Couldn't find partition mmc 1:2
Can't set block device
## Warning: defaulting to text format
## Error: "boot2" not defined
switch to partitions #0, OK
mmc1 is current device
Scanning mmc 1:1...
Found U-Boot script /boot.scr.uimg
1595 bytes read in 8 ms (194.3 KiB/s)
## Executing script at 43900000
nife: boot.scr is driving this boot, milestones 218 and 257
nife: tftp server is 192.168.8.206, setenv nife_boot_server to point somewhere else
ethernet@16030000 Waiting for PHY auto negotiation to complete...... done
BOOTP broadcast 1
BOOTP broadcast 2
DHCP client bound to address 192.168.8.200 (257 ms)
Using ethernet@16030000 device
TFTP from server 192.168.8.206; our IP address is 192.168.8.200
Filename 'nife-vf2.img'.
Load address: 0x40200000
Loading: *#################################################################
	 #################################################################
	 #################################################################
	 ########################
	 3.9 MiB/s
done
Bytes transferred = 3206464 (30ed40 hex)
Using ethernet@16030000 device
TFTP from server 192.168.8.206; our IP address is 192.168.8.200
Filename 'nife-initrd.img'.
Load address: 0x90000000
Loading: *#################################################################
	 #################################################################
	 #################################################################
	 #################################################################
	 #################################################################
	 #################################################################
	 #################################################################
	 #################################################################
	 #################################################################
	 #################################################################
	 #################################################################
	 #################################################################
	 ############################################
	 4 MiB/s
done
Bytes transferred = 12094976 (b88e00 hex)
nife: payload came from net
Moving Image from 0x40200000 to 0x80200000, end=8050e000
## Flattened Device Tree blob at 86000000
   Booting using the fdt blob at 0x86000000
   Using Device Tree in place at 0000000086000000, end 000000008600d41a

Starting kernel ...

clk u5_dw_i2c_clk_core already disabled
clk u5_dw_i2c_clk_apb already disabled

nife on RISC-V (rv64, S-mode, Sv39)
  hart 0 booted: high-half kernel, .bss, and the NS16550 console are up.
  running at  : 0xffffffc0802270b6  (high half: Sv39 paging is on)
  device tree : 0x0000000086000000
  screen      : none (no qemu,fw-cfg-mmio node: this machine has no ramfb to ask for); this console is the UART
  traps       : stvec set; a breakpoint was caught and stepped over (1)
  timer       : 21 ticks in ~0.2s (SBI timer + S-mode interrupt at 100 Hz)
  memory      : device tree parsed, frame allocator up (first frame 0x400a0000)
  smp: 5 core(s) in the device tree, 4 startable
  smp: cpu 0's riscv,isa names user mode and not supervisor: it cannot run this kernel, whatever status and mmu-type claim; not started
  plic: S contexts from the device tree differ from the 2h+1 formula (expected on the JH7110: the disabled S7 shifts every context down one)
  paging      : fine-grained W^X Sv39 tables installed, satp switched (paging on: true)
  isa         : rv64i m a c f d
              : 5 hart(s), mmu sv39 declared and sv39 in use, satp.ASID 0 bits measured; read from the deprecated riscv,isa
  firmware    : OpenSBI 0x10002, SBI 1.0, TIME IPI RFENCE HSM PMU
  cycles      : SBI PMU counter 0, CSR 0xc00, 64 bits
  smp: sbi hsm hart_start (the only mechanism RISC-V defines)
  smp: cpu 0 is not startable by this kernel (disabled, no supervisor
       mode, or an enable-method we do not speak); leaving it alone.
  smp: 4 core(s) online

nife
  isa         : rv64i m a c f d
              : 5 hart(s), mmu sv39 declared and sv39 in use, satp.ASID 0 bits measured; read from the deprecated riscv,isa
  firmware    : OpenSBI 0x10002, SBI 1.0, TIME IPI RFENCE HSM PMU
  stack top       : 0xffffffc08045e000
  firmware handoff: 0x0000000086000000  (device tree)
  processors      : 4 online of 5 described, boot cpu hwid 0x1
  memory          : 4096 MiB total, 4072 MiB free (23992 KiB in use)
  console         : NS16550 at 0xffffffc010000000, interrupt line 32
                  : no screen; this console is the UART alone
  interrupts      : PLIC at 0x000000000c000000, this hart's S-mode context 2
  timer           : 100 Hz tick, counter at 4 MHz, interrupts ON
  initrd          : 12094976 bytes at 0x0000000090000000, a nifefs archive of 104 program(s)
  pcie            : none (this machine describes no host bridge)
  iommu           : none (no riscv-iommu-pci function on this machine's bus)
  mmu             : Sv39 on, fine-grained W^X tables installed, one satp, kernel high half at 0xffffffc000000000
                  : kernel root 0x00000000400a1000, live satp root 0x00000000400a1000
  scheduler       : 5 thread(s), round robin, preemptive
nife machine: riscv64, 4 processor(s), 4096 MiB, 100 Hz
  self-test       : exceptions ok      a breakpoint was caught and stepped over (1)
  self-test       : mapping    ok      0xffffffc180000000 -> 0x408cc000, read back 0xc0ffee, unmapped
  self-test       : frames     ok      one frame out and back at 0x408cc000; used 6000 -> Some(6001) -> Some(6000)
  self-test       : timer      ok      the 4MHz counter advanced 80000 and 2 tick(s) arrived in ~20ms
  self-test       : scheduler  ok      thread 5 ran and carried its captured state (0x268026802680268)
nife self-test: 5 of 5 passed
  user address space : process satp activated (kernel half shared), user 0x400000 -> Some((408e0000, Flags(3)))
  userspace   : a program was started at U-mode (yield/yield/exit via ecall)
  user ELF    : an archive; the progenitor composes this machine's userspace at the handoff below
  preemption  : two never-yield threads ran 7259418 and 6573776 iterations, 82 preemptions (a thread that refuses to yield is preempted anyway)
  uart irq    : source 32 (machine description)
  device IRQ  : userspace driver started (holds an Irq cap + a UART mapping); pipe a byte to see it
  virtio      : no block device attached (pass NIFE_DISK to attach one)
  pcie        : no virtio-blk on the bus (pass NIFE_DISK to attach one)
  hw clock    : JH7110 STG CRG at 0x10230000 (named by this machine's device tree): clocks 0x00000000,0x00000000 -> 0x80000000,0x80000000 (running); reset 3 assert 0x007ffffe -> 0x007ffff6, status 0x00000009 (released, 1 polls)
  capability slots: 2 of 64 at peak
  hw entropy  : JH7110 TRNG at 0x1600c000 served 32+32 bytes to a client through a capability that names no device; first draw eb580599.., second differs; STAT after init 0x00040308 (256-bit: all eight RAND words are the answer); since the pcie line 20890 us, of which bring-up 581 us (window mapped, driver spawned, reseed, first generation; the hw clock line's own console time excluded) and 64 bytes in 71 us (891986 bytes/s over 8 round trips)
nife: the capability core runs on RISC-V.

job-mix: started 32 tasks and 2 servers on 4 online core(s), cntfrq=4000000 Hz
job-mix: one job is one of 7 kinds (16 per round, 8 rounds per task per subrun); see crates/job_mix for the mix and what it deliberately leaves out
job-mix: this measures THIS kernel under multi-tasking load; it compares nothing against an event kernel and does not decide design/decisions/0096-process-kernel-or-event-kernel.md
  capability slots: 6 of 64 at peak
job-mix: each point is the median of 21 repeats, with the fastest and slowest beside it (since 2026-09-19); a transcript before that date printed the best of 3 as ticks= and jpm=, which is a different statistic from a different mix and is not comparable with jpm_median=
job-mix-census: where the kernel placed each thread at spawn: S=echo server, T=task
job-mix-census: core=1 threads=7 T2 T8 T9 T16 T18 T23 T28
job-mix-census: core=2 threads=10 T1 T3 T4 T10 T17 T20 T24 T25 T27 T30
job-mix-census: core=3 threads=8 S0 T5 T11 T12 T14 T21 T22 T29
job-mix-census: core=4 threads=9 S1 T0 T6 T7 T13 T15 T19 T26 T31
job-mix-census: placement decides throughput on real silicon by up to fifteenfold (notes/soak.md, milestone 240), so a jobs-per-minute figure from ONE boot is a draw and not a result; notes/job-mix.md's procedure asks for repeated boots
  capability slots: 9 of 64 at peak
job-mix-repeat: tasks=1 repeat=0 ticks=102628
job-mix-repeat: tasks=1 repeat=1 ticks=99028
job-mix-repeat: tasks=1 repeat=2 ticks=99098
job-mix-repeat: tasks=1 repeat=3 ticks=99020
job-mix-repeat: tasks=1 repeat=4 ticks=99087
job-mix-repeat: tasks=1 repeat=5 ticks=98895
job-mix-repeat: tasks=1 repeat=6 ticks=98924
job-mix-repeat: tasks=1 repeat=7 ticks=99032
job-mix-repeat: tasks=1 repeat=8 ticks=98963
job-mix-repeat: tasks=1 repeat=9 ticks=98821
job-mix-repeat: tasks=1 repeat=10 ticks=98968
job-mix-repeat: tasks=1 repeat=11 ticks=98981
job-mix-repeat: tasks=1 repeat=12 ticks=98899
job-mix-repeat: tasks=1 repeat=13 ticks=98999
job-mix-repeat: tasks=1 repeat=14 ticks=98962
job-mix-repeat: tasks=1 repeat=15 ticks=99031
job-mix-repeat: tasks=1 repeat=16 ticks=99149
job-mix-repeat: tasks=1 repeat=17 ticks=99042
job-mix-repeat: tasks=1 repeat=18 ticks=98955
job-mix-repeat: tasks=1 repeat=19 ticks=99004
job-mix-repeat: tasks=1 repeat=20 ticks=98924
job-mix: tasks=1 jobs=128 repeats=21 ticks_min=98821 ticks_median=98999 ticks_max=102628 jpm_median=310306
job-mix-kind: tasks=1 kind=compute jobs=336 ticks=809278 per_job=2408 region_ticks=0
job-mix-kind: tasks=1 kind=touch jobs=336 ticks=263490 per_job=784 region_ticks=0
job-mix-kind: tasks=1 kind=null_syscall jobs=336 ticks=39000 per_job=116 region_ticks=0
job-mix-kind: tasks=1 kind=yield jobs=336 ticks=35124 per_job=104 region_ticks=0
job-mix-kind: tasks=1 kind=round_trip jobs=672 ticks=394001 per_job=586 region_ticks=0
job-mix-kind: tasks=1 kind=map jobs=336 ticks=126995 per_job=377 region_ticks=42039
job-mix-kind: tasks=1 kind=spawn jobs=336 ticks=407646 per_job=1213 region_ticks=66178
job-mix-lock: tasks=1 rank=60 name=ipc_tables contended=1600 wait_ticks=3475
job-mix-lock: tasks=1 site=reap reaps=672 stack_free_ticks=100966 remove_ticks=1612
job-mix-lock: tasks=1 site=current_cap calls=118986 contended=0 wait_ticks=0
job-mix-repeat: tasks=2 repeat=0 ticks=121029
job-mix-repeat: tasks=2 repeat=1 ticks=118429
job-mix-repeat: tasks=2 repeat=2 ticks=118831
job-mix-repeat: tasks=2 repeat=3 ticks=117538
job-mix-repeat: tasks=2 repeat=4 ticks=117371
job-mix-repeat: tasks=2 repeat=5 ticks=119283
job-mix-repeat: tasks=2 repeat=6 ticks=119148
job-mix-repeat: tasks=2 repeat=7 ticks=117560
job-mix-repeat: tasks=2 repeat=8 ticks=118408
job-mix-repeat: tasks=2 repeat=9 ticks=119093
job-mix-repeat: tasks=2 repeat=10 ticks=117496
job-mix-repeat: tasks=2 repeat=11 ticks=117337
job-mix-repeat: tasks=2 repeat=12 ticks=118860
job-mix-repeat: tasks=2 repeat=13 ticks=119240
job-mix-repeat: tasks=2 repeat=14 ticks=117599
job-mix-repeat: tasks=2 repeat=15 ticks=117813
job-mix-repeat: tasks=2 repeat=16 ticks=118538
job-mix-repeat: tasks=2 repeat=17 ticks=119674
job-mix-repeat: tasks=2 repeat=18 ticks=118990
job-mix-repeat: tasks=2 repeat=19 ticks=117181
job-mix-repeat: tasks=2 repeat=20 ticks=117383
job-mix: tasks=2 jobs=256 repeats=21 ticks_min=117181 ticks_median=118429 ticks_max=121029 jpm_median=518791
job-mix-kind: tasks=2 kind=compute jobs=672 ticks=1652544 per_job=2459 region_ticks=0
job-mix-kind: tasks=2 kind=touch jobs=672 ticks=530545 per_job=789 region_ticks=0
job-mix-kind: tasks=2 kind=null_syscall jobs=672 ticks=79756 per_job=118 region_ticks=0
job-mix-kind: tasks=2 kind=yield jobs=672 ticks=127628 per_job=189 region_ticks=0
job-mix-kind: tasks=2 kind=round_trip jobs=1344 ticks=1360373 per_job=1012 region_ticks=0
job-mix-kind: tasks=2 kind=map jobs=672 ticks=279939 per_job=416 region_ticks=94840
job-mix-kind: tasks=2 kind=spawn jobs=672 ticks=912311 per_job=1357 region_ticks=156479
job-mix-lock: tasks=2 rank=30 name=- contended=1 wait_ticks=2
job-mix-lock: tasks=2 rank=45 name=- contended=956 wait_ticks=14758
job-mix-lock: tasks=2 rank=57 name=capability_table contended=74 wait_ticks=131
job-mix-lock: tasks=2 rank=58 name=memory_region contended=324 wait_ticks=1681
job-mix-lock: tasks=2 rank=59 name=- contended=771 wait_ticks=10254
job-mix-lock: tasks=2 rank=60 name=ipc_tables contended=139043 wait_ticks=340912
job-mix-lock: tasks=2 rank=61 name=address_spaces contended=952 wait_ticks=12203
job-mix-lock: tasks=2 site=reap reaps=1344 stack_free_ticks=216311 remove_ticks=3469
job-mix-lock: tasks=2 site=current_cap calls=238132 contended=55 wait_ticks=96
job-mix-repeat: tasks=4 repeat=0 ticks=158912
job-mix-repeat: tasks=4 repeat=1 ticks=152477
job-mix-repeat: tasks=4 repeat=2 ticks=151191
job-mix-repeat: tasks=4 repeat=3 ticks=156645
job-mix-repeat: tasks=4 repeat=4 ticks=155398
job-mix-repeat: tasks=4 repeat=5 ticks=157471
job-mix-repeat: tasks=4 repeat=6 ticks=157953
job-mix-repeat: tasks=4 repeat=7 ticks=155832
job-mix-repeat: tasks=4 repeat=8 ticks=153757
job-mix-repeat: tasks=4 repeat=9 ticks=162086
job-mix-repeat: tasks=4 repeat=10 ticks=152529
job-mix-repeat: tasks=4 repeat=11 ticks=154152
job-mix-repeat: tasks=4 repeat=12 ticks=154953
job-mix-repeat: tasks=4 repeat=13 ticks=156439
job-mix-repeat: tasks=4 repeat=14 ticks=152917
job-mix-repeat: tasks=4 repeat=15 ticks=155295
job-mix-repeat: tasks=4 repeat=16 ticks=156432
job-mix-repeat: tasks=4 repeat=17 ticks=147671
job-mix-repeat: tasks=4 repeat=18 ticks=155136
job-mix-repeat: tasks=4 repeat=19 ticks=152600
job-mix-repeat: tasks=4 repeat=20 ticks=154308
job-mix: tasks=4 jobs=512 repeats=21 ticks_min=147671 ticks_median=155136 ticks_max=162086 jpm_median=792079
job-mix-kind: tasks=4 kind=compute jobs=1344 ticks=3417952 per_job=2543 region_ticks=0
job-mix-kind: tasks=4 kind=touch jobs=1344 ticks=1110464 per_job=826 region_ticks=0
job-mix-kind: tasks=4 kind=null_syscall jobs=1344 ticks=167168 per_job=124 region_ticks=0
job-mix-kind: tasks=4 kind=yield jobs=1344 ticks=457022 per_job=340 region_ticks=0
job-mix-kind: tasks=4 kind=round_trip jobs=2688 ticks=4667476 per_job=1736 region_ticks=0
job-mix-kind: tasks=4 kind=map jobs=1344 ticks=621074 per_job=462 region_ticks=208875
job-mix-kind: tasks=4 kind=spawn jobs=1344 ticks=2117813 per_job=1575 region_ticks=345401
job-mix-lock: tasks=4 rank=15 name=- contended=9 wait_ticks=15
job-mix-lock: tasks=4 rank=30 name=- contended=6 wait_ticks=13
job-mix-lock: tasks=4 rank=45 name=- contended=3784 wait_ticks=65920
job-mix-lock: tasks=4 rank=57 name=capability_table contended=316 wait_ticks=591
job-mix-lock: tasks=4 rank=58 name=memory_region contended=1064 wait_ticks=5221
job-mix-lock: tasks=4 rank=59 name=- contended=2545 wait_ticks=34511
job-mix-lock: tasks=4 rank=60 name=ipc_tables contended=320054 wait_ticks=1241793
job-mix-lock: tasks=4 rank=61 name=address_spaces contended=4964 wait_ticks=71073
job-mix-lock: tasks=4 site=reap reaps=2688 stack_free_ticks=464709 remove_ticks=7274
job-mix-lock: tasks=4 site=current_cap calls=476296 contended=228 wait_ticks=420
job-mix-repeat: tasks=8 repeat=0 ticks=300618
job-mix-repeat: tasks=8 repeat=1 ticks=295813
job-mix-repeat: tasks=8 repeat=2 ticks=292332
job-mix-repeat: tasks=8 repeat=3 ticks=307688
job-mix-repeat: tasks=8 repeat=4 ticks=291582
job-mix-repeat: tasks=8 repeat=5 ticks=292824
job-mix-repeat: tasks=8 repeat=6 ticks=305710
job-mix-repeat: tasks=8 repeat=7 ticks=295094
job-mix-repeat: tasks=8 repeat=8 ticks=293968
job-mix-repeat: tasks=8 repeat=9 ticks=296848
job-mix-repeat: tasks=8 repeat=10 ticks=301624
job-mix-repeat: tasks=8 repeat=11 ticks=299262
job-mix-repeat: tasks=8 repeat=12 ticks=296677
job-mix-repeat: tasks=8 repeat=13 ticks=287456
job-mix-repeat: tasks=8 repeat=14 ticks=299846
job-mix-repeat: tasks=8 repeat=15 ticks=300830
job-mix-repeat: tasks=8 repeat=16 ticks=296905
job-mix-repeat: tasks=8 repeat=17 ticks=297951
job-mix-repeat: tasks=8 repeat=18 ticks=299914
job-mix-repeat: tasks=8 repeat=19 ticks=303919
job-mix-repeat: tasks=8 repeat=20 ticks=296898
job-mix: tasks=8 jobs=1024 repeats=21 ticks_min=287456 ticks_median=296905 ticks_max=307688 jpm_median=827739
job-mix-kind: tasks=8 kind=compute jobs=2688 ticks=7117503 per_job=2647 region_ticks=0
job-mix-kind: tasks=8 kind=touch jobs=2688 ticks=2322571 per_job=864 region_ticks=0
job-mix-kind: tasks=8 kind=null_syscall jobs=2688 ticks=359999 per_job=133 region_ticks=0
job-mix-kind: tasks=8 kind=yield jobs=2688 ticks=3925325 per_job=1460 region_ticks=0
job-mix-kind: tasks=8 kind=round_trip jobs=5376 ticks=24742931 per_job=4602 region_ticks=0
job-mix-kind: tasks=8 kind=map jobs=2688 ticks=1352511 per_job=503 region_ticks=446071
job-mix-kind: tasks=8 kind=spawn jobs=2688 ticks=6567379 per_job=2443 region_ticks=691550
job-mix-lock: tasks=8 rank=15 name=- contended=12 wait_ticks=20
job-mix-lock: tasks=8 rank=30 name=- contended=11 wait_ticks=23
job-mix-lock: tasks=8 rank=45 name=- contended=6415 wait_ticks=116374
job-mix-lock: tasks=8 rank=55 name=- contended=4 wait_ticks=8
job-mix-lock: tasks=8 rank=57 name=capability_table contended=643 wait_ticks=1193
job-mix-lock: tasks=8 rank=58 name=memory_region contended=1800 wait_ticks=8839
job-mix-lock: tasks=8 rank=59 name=- contended=5329 wait_ticks=67454
job-mix-lock: tasks=8 rank=60 name=ipc_tables contended=735238 wait_ticks=3217280
job-mix-lock: tasks=8 rank=61 name=address_spaces contended=12036 wait_ticks=143760
job-mix-lock: tasks=8 site=reap reaps=5376 stack_free_ticks=926079 remove_ticks=14525
job-mix-lock: tasks=8 site=current_cap calls=952493 contended=516 wait_ticks=971
job-mix-repeat: tasks=16 repeat=0 ticks=570032
job-mix-repeat: tasks=16 repeat=1 ticks=577369
job-mix-repeat: tasks=16 repeat=2 ticks=555246
job-mix-repeat: tasks=16 repeat=3 ticks=573379
job-mix-repeat: tasks=16 repeat=4 ticks=579162
job-mix-repeat: tasks=16 repeat=5 ticks=574585
job-mix-repeat: tasks=16 repeat=6 ticks=590166
job-mix-repeat: tasks=16 repeat=7 ticks=584921
job-mix-repeat: tasks=16 repeat=8 ticks=580663
job-mix-repeat: tasks=16 repeat=9 ticks=568623
job-mix-repeat: tasks=16 repeat=10 ticks=581478
job-mix-repeat: tasks=16 repeat=11 ticks=569424
job-mix-repeat: tasks=16 repeat=12 ticks=575684
job-mix-repeat: tasks=16 repeat=13 ticks=576264
job-mix-repeat: tasks=16 repeat=14 ticks=586274
job-mix-repeat: tasks=16 repeat=15 ticks=575109
job-mix-repeat: tasks=16 repeat=16 ticks=571360
job-mix-repeat: tasks=16 repeat=17 ticks=579281
job-mix-repeat: tasks=16 repeat=18 ticks=570643
job-mix-repeat: tasks=16 repeat=19 ticks=584620
job-mix-repeat: tasks=16 repeat=20 ticks=582382
job-mix: tasks=16 jobs=2048 repeats=21 ticks_min=555246 ticks_median=576264 ticks_max=590166 jpm_median=852942
job-mix-kind: tasks=16 kind=compute jobs=5376 ticks=14945646 per_job=2780 region_ticks=0
job-mix-kind: tasks=16 kind=touch jobs=5376 ticks=4803295 per_job=893 region_ticks=0
job-mix-kind: tasks=16 kind=null_syscall jobs=5376 ticks=743798 per_job=138 region_ticks=0
job-mix-kind: tasks=16 kind=yield jobs=5376 ticks=18040365 per_job=3355 region_ticks=0
job-mix-kind: tasks=16 kind=round_trip jobs=10752 ticks=122839431 per_job=11424 region_ticks=0
job-mix-kind: tasks=16 kind=map jobs=5376 ticks=2803444 per_job=521 region_ticks=934875
job-mix-kind: tasks=16 kind=spawn jobs=5376 ticks=16902884 per_job=3144 region_ticks=1482547
job-mix-lock: tasks=16 rank=15 name=- contended=30 wait_ticks=50
job-mix-lock: tasks=16 rank=30 name=- contended=28 wait_ticks=52
job-mix-lock: tasks=16 rank=45 name=- contended=14201 wait_ticks=243386
job-mix-lock: tasks=16 rank=55 name=- contended=2 wait_ticks=4
job-mix-lock: tasks=16 rank=57 name=capability_table contended=1304 wait_ticks=2419
job-mix-lock: tasks=16 rank=58 name=memory_region contended=3743 wait_ticks=18223
job-mix-lock: tasks=16 rank=59 name=- contended=10945 wait_ticks=134217
job-mix-lock: tasks=16 rank=60 name=ipc_tables contended=1405664 wait_ticks=6312956
job-mix-lock: tasks=16 rank=61 name=address_spaces contended=25404 wait_ticks=294991
job-mix-lock: tasks=16 site=reap reaps=10752 stack_free_ticks=1853211 remove_ticks=29261
job-mix-lock: tasks=16 site=current_cap calls=1904224 contended=1054 wait_ticks=1961
job-mix-repeat: tasks=32 repeat=0 ticks=1144543
job-mix-repeat: tasks=32 repeat=1 ticks=1135856
job-mix-repeat: tasks=32 repeat=2 ticks=1129993
job-mix-repeat: tasks=32 repeat=3 ticks=1139207
job-mix-repeat: tasks=32 repeat=4 ticks=1142633
job-mix-repeat: tasks=32 repeat=5 ticks=1128897
job-mix-repeat: tasks=32 repeat=6 ticks=1144569
job-mix-repeat: tasks=32 repeat=7 ticks=1143004
job-mix-repeat: tasks=32 repeat=8 ticks=1127398
job-mix-repeat: tasks=32 repeat=9 ticks=1144475
job-mix-repeat: tasks=32 repeat=10 ticks=1129344
job-mix-repeat: tasks=32 repeat=11 ticks=1131228
job-mix-repeat: tasks=32 repeat=12 ticks=1123125
job-mix-repeat: tasks=32 repeat=13 ticks=1132184
job-mix-repeat: tasks=32 repeat=14 ticks=1128112
job-mix-repeat: tasks=32 repeat=15 ticks=1142804
job-mix-repeat: tasks=32 repeat=16 ticks=1145816
job-mix-repeat: tasks=32 repeat=17 ticks=1163402
job-mix-repeat: tasks=32 repeat=18 ticks=1129189
job-mix-repeat: tasks=32 repeat=19 ticks=1143953
job-mix-repeat: tasks=32 repeat=20 ticks=1138334
job-mix: tasks=32 jobs=4096 repeats=21 ticks_min=1123125 ticks_median=1138334 ticks_max=1163402 jpm_median=863577
job-mix-kind: tasks=32 kind=compute jobs=10752 ticks=30691995 per_job=2854 region_ticks=0
job-mix-kind: tasks=32 kind=touch jobs=10752 ticks=9911012 per_job=921 region_ticks=0
job-mix-kind: tasks=32 kind=null_syscall jobs=10752 ticks=1503625 per_job=139 region_ticks=0
job-mix-kind: tasks=32 kind=yield jobs=10752 ticks=52547339 per_job=4887 region_ticks=0
job-mix-kind: tasks=32 kind=round_trip jobs=21504 ticks=595239519 per_job=27680 region_ticks=0
job-mix-kind: tasks=32 kind=map jobs=10752 ticks=6024029 per_job=560 region_ticks=1939262
job-mix-kind: tasks=32 kind=spawn jobs=10752 ticks=39770645 per_job=3698 region_ticks=3011893
job-mix-lock: tasks=32 rank=15 name=- contended=62 wait_ticks=111
job-mix-lock: tasks=32 rank=30 name=- contended=74 wait_ticks=134
job-mix-lock: tasks=32 rank=45 name=- contended=30451 wait_ticks=513493
job-mix-lock: tasks=32 rank=55 name=- contended=5 wait_ticks=11
job-mix-lock: tasks=32 rank=57 name=capability_table contended=2536 wait_ticks=4711
job-mix-lock: tasks=32 rank=58 name=memory_region contended=7497 wait_ticks=37271
job-mix-lock: tasks=32 rank=59 name=- contended=22599 wait_ticks=300451
job-mix-lock: tasks=32 rank=60 name=ipc_tables contended=2783245 wait_ticks=12680458
job-mix-lock: tasks=32 rank=61 name=address_spaces contended=50609 wait_ticks=631380
job-mix-lock: tasks=32 site=reap reaps=21504 stack_free_ticks=3720746 remove_ticks=58696
job-mix-lock: tasks=32 site=current_cap calls=3808394 contended=1958 wait_ticks=3670
job-mix: done
