
U-Boot SPL 2021.10 (Feb 12 2023 - 18:15:33 +0800)
DDR version: dc2e84f0.
Trying to boot from SPI

OpenSBI v1.2
   ____                    _____ ____ _____
  / __ \                  / ____|  _ \_   _|
 | |  | |_ __   ___ _ __ | (___ | |_) || |
 | |  | | '_ \ / _ \ '_ \ \___ \|  _ < | |
 | |__| | |_) |  __/ | | |____) | |_) || |_
  \____/| .__/ \___|_| |_|_____/|____/_____|
        | |
        |_|

Platform Name             : StarFive VisionFive V2
Platform Features         : medeleg
Platform HART Count       : 5
Platform IPI Device       : aclint-mswi
Platform Timer Device     : aclint-mtimer @ 4000000Hz
Platform Console Device   : uart8250
Platform HSM Device       : jh7110-hsm
Platform PMU Device       : ---
Platform Reboot Device    : pm-reset
Platform Shutdown Device  : pm-reset
Firmware Base             : 0x40000000
Firmware Size             : 292 KB
Runtime SBI Version       : 1.0

Domain0 Name              : root
Domain0 Boot HART         : 1
Domain0 HARTs             : 0*,1*,2*,3*,4*
Domain0 Region00          : 0x0000000002000000-0x000000000200ffff (I)
Domain0 Region01          : 0x0000000040000000-0x000000004007ffff ()
Domain0 Region02          : 0x0000000000000000-0xffffffffffffffff (R,W,X)
Domain0 Next Address      : 0x0000000040200000
Domain0 Next Arg1         : 0x0000000042200000
Domain0 Next Mode         : S-mode
Domain0 SysReset          : yes

Boot HART ID              : 1
Boot HART Domain          : root
Boot HART Priv Version    : v1.11
Boot HART Base ISA        : rv64imafdcbx
Boot HART ISA Extensions  : none
Boot HART PMP Count       : 8
Boot HART PMP Granularity : 4096
Boot HART PMP Address Bits: 34
Boot HART MHPM Count      : 2
Boot HART MIDELEG         : 0x0000000000000222
Boot HART MEDELEG         : 0x000000000000b109


U-Boot 2021.10 (Feb 12 2023 - 18:15:33 +0800), Build: jenkins-VF2_515_Branch_SDK_Release-24

CPU:   rv64imacu
Model: StarFive VisionFive V2
DRAM:  8 GiB
MMC:   sdio0@16010000: 0, sdio1@16020000: 1
Loading Environment from SPIFlash... SF: Detected gd25lq128 with page size 256 Bytes, erase size 4 KiB, total 16 MiB
*** Warning - bad CRC, using default environment

StarFive EEPROM format v2

--------EEPROM INFO--------
Vendor : StarFive Technology Co., Ltd.
Product full SN: VF7110B1-2253-D008E000-00004584
data version: 0x2
PCB revision: 0xb2
BOM revision: A
Ethernet MAC0 address: 6c:cf:39:00:47:2c
Ethernet MAC1 address: 6c:cf:39:00:47:2d
--------EEPROM INFO--------

In:    serial@10000000
Out:   serial@10000000
Err:   serial@10000000
Model: StarFive VisionFive V2
Net:   eth0: ethernet@16030000, eth1: ethernet@16040000
switch to partitions #0, OK
mmc1 is current device
found device 1
bootmode flash device 1
** Invalid partition 3 **
Couldn't find partition mmc 1:3
Can't set block device
** Invalid partition 3 **
Couldn't find partition mmc 1:3
Can't set block device
Hit any key to stop autoboot:  2  1  0 
** Invalid partition 3 **
Couldn't find partition mmc 1:3
Can't set block device
Importing environment from mmc1 ...
## Warning: Input data exceeds 1048576 bytes - truncated
## Info: input data size = 1048578 = 0x100002
** Invalid partition 2 **
Couldn't find partition mmc 1:2
Can't set block device
## Warning: defaulting to text format
## Error: "boot2" not defined
switch to partitions #0, OK
mmc1 is current device
Scanning mmc 1:1...
Found U-Boot script /boot.scr.uimg
1595 bytes read in 8 ms (194.3 KiB/s)
## Executing script at 43900000
nife: boot.scr is driving this boot, milestones 218 and 257
nife: tftp server is 192.168.8.206, setenv nife_boot_server to point somewhere else
ethernet@16030000 Waiting for PHY auto negotiation to complete...... done
BOOTP broadcast 1
BOOTP broadcast 2
DHCP client bound to address 192.168.8.200 (258 ms)
Using ethernet@16030000 device
TFTP from server 192.168.8.206; our IP address is 192.168.8.200
Filename 'nife-vf2.img'.
Load address: 0x40200000
Loading: *#################################################################
	 #################################################################
	 #################################################################
	 ######################
	 6.6 MiB/s
done
Bytes transferred = 3177792 (307d40 hex)
Using ethernet@16030000 device
TFTP from server 192.168.8.206; our IP address is 192.168.8.200
Filename 'nife-initrd.img'.
Load address: 0x90000000
Loading: *#################################################################
	 #################################################################
	 #################################################################
	 #################################################################
	 #################################################################
	 #################################################################
	 #################################################################
	 #################################################################
	 #################################################################
	 #################################################################
	 #################################################################
	 #################################################################
	 ##############################################
	 7.3 MiB/s
done
Bytes transferred = 12116992 (b8e400 hex)
nife: payload came from net
Moving Image from 0x40200000 to 0x80200000, end=80507000
## Flattened Device Tree blob at 86000000
   Booting using the fdt blob at 0x86000000
   Using Device Tree in place at 0000000086000000, end 000000008600d41a

Starting kernel ...

clk u5_dw_i2c_clk_core already disabled
clk u5_dw_i2c_clk_apb already disabled

nife on RISC-V (rv64, S-mode, Sv39)
  hart 0 booted: high-half kernel, .bss, and the NS16550 console are up.
  running at  : 0xffffffc080224166  (high half: Sv39 paging is on)
  device tree : 0x0000000086000000
  screen      : none (no qemu,fw-cfg-mmio node: this machine has no ramfb to ask for); this console is the UART
  traps       : stvec set; a breakpoint was caught and stepped over (1)
  timer       : 21 ticks in ~0.2s (SBI timer + S-mode interrupt at 100 Hz)
  memory      : device tree parsed, frame allocator up (first frame 0x400a0000)
  smp: 5 core(s) in the device tree, 4 startable
  smp: cpu 0's riscv,isa names user mode and not supervisor: it cannot run this kernel, whatever status and mmu-type claim; not started
  plic: S contexts from the device tree differ from the 2h+1 formula (expected on the JH7110: the disabled S7 shifts every context down one)
  paging      : fine-grained W^X Sv39 tables installed, satp switched (paging on: true)
  isa         : rv64i m a c f d
              : 5 hart(s), mmu sv39 declared and sv39 in use, satp.ASID 0 bits measured; read from the deprecated riscv,isa
  firmware    : OpenSBI 0x10002, SBI 1.0, TIME IPI RFENCE HSM PMU
  cycles      : SBI PMU counter 0, CSR 0xc00, 64 bits
  smp: sbi hsm hart_start (the only mechanism RISC-V defines)
  smp: cpu 0 is not startable by this kernel (disabled, no supervisor
       mode, or an enable-method we do not speak); leaving it alone.
  smp: 4 core(s) online

nife
  isa         : rv64i m a c f d
              : 5 hart(s), mmu sv39 declared and sv39 in use, satp.ASID 0 bits measured; read from the deprecated riscv,isa
  firmware    : OpenSBI 0x10002, SBI 1.0, TIME IPI RFENCE HSM PMU
  stack top       : 0xffffffc080457000
  firmware handoff: 0x0000000086000000  (device tree)
  processors      : 4 online of 5 described, boot cpu hwid 0x1
  memory          : 4096 MiB total, 4072 MiB free (23988 KiB in use)
  console         : NS16550 at 0xffffffc010000000, interrupt line 32
                  : no screen; this console is the UART alone
  interrupts      : PLIC at 0x000000000c000000, this hart's S-mode context 2
  timer           : 100 Hz tick, counter at 4 MHz, interrupts ON
  initrd          : 12116992 bytes at 0x0000000090000000, a nifefs archive of 104 program(s)
  pcie            : none (this machine describes no host bridge)
  iommu           : none (no riscv-iommu-pci function on this machine's bus)
  mmu             : Sv39 on, fine-grained W^X tables installed, one satp, kernel high half at 0xffffffc000000000
                  : kernel root 0x00000000400a1000, live satp root 0x00000000400a1000
  scheduler       : 5 thread(s), round robin, preemptive
nife machine: riscv64, 4 processor(s), 4096 MiB, 100 Hz
  self-test       : exceptions ok      a breakpoint was caught and stepped over (1)
  self-test       : mapping    ok      0xffffffc180000000 -> 0x408cc000, read back 0xc0ffee, unmapped
  self-test       : frames     ok      one frame out and back at 0x408cc000; used 5999 -> Some(6000) -> Some(5999)
  self-test       : timer      ok      the 4MHz counter advanced 80000 and 2 tick(s) arrived in ~20ms
  self-test       : scheduler  ok      thread 5 ran and carried its captured state (0x268026802680268)
nife self-test: 5 of 5 passed
  user address space : process satp activated (kernel half shared), user 0x400000 -> Some((408e0000, Flags(3)))
  userspace   : a program was started at U-mode (yield/yield/exit via ecall)
  user ELF    : an archive; the progenitor composes this machine's userspace at the handoff below
  preemption  : two never-yield threads ran 7169470 and 6455268 iterations, 81 preemptions (a thread that refuses to yield is preempted anyway)
  uart irq    : source 32 (machine description)
  device IRQ  : userspace driver started (holds an Irq cap + a UART mapping); pipe a byte to see it
  virtio      : no block device attached (pass NIFE_DISK to attach one)
  pcie        : no virtio-blk on the bus (pass NIFE_DISK to attach one)
  hw clock    : JH7110 STG CRG at 0x10230000 (named by this machine's device tree): clocks 0x00000000,0x00000000 -> 0x80000000,0x80000000 (running); reset 3 assert 0x007ffffe -> 0x007ffff6, status 0x00000009 (released, 1 polls)
  capability slots: 2 of 64 at peak
  hw entropy  : JH7110 TRNG at 0x1600c000 served 32+32 bytes to a client through a capability that names no device; first draw 1ee167fb.., second differs; STAT after init 0x00040308 (256-bit: all eight RAND words are the answer); since the pcie line 21093 us, of which bring-up 803 us (window mapped, driver spawned, reseed, first generation; the hw clock line's own console time excluded) and 64 bytes in 59 us (1080168 bytes/s over 8 round trips)
nife: the capability core runs on RISC-V.

job-mix: started 32 tasks and 2 servers on 4 online core(s), cntfrq=4000000 Hz
job-mix: one job is one of 7 kinds (16 per round, 8 rounds per task per subrun); see crates/job_mix for the mix and what it deliberately leaves out
  capability slots: 6 of 64 at peak
job-mix: this measures THIS kernel under multi-tasking load; it compares nothing against an event kernel and does not decide design/decisions/96-process-kernel-or-event-kernel.md
job-mix: each point is the median of 21 repeats, with the fastest and slowest beside it (since 2026-09-19); a transcript before that date printed the best of 3 as ticks= and jpm=, which is a different statistic from a different mix and is not comparable with jpm_median=
job-mix-census: where the kernel placed each thread at spawn: S=echo server, T=task
job-mix-census: core=1 threads=7 S0 T5 T15 T17 T22 T27 T31
job-mix-census: core=2 threads=7 T0 T1 T6 T7 T13 T19 T26
job-mix-census: core=3 threads=9 S1 T3 T4 T8 T10 T11 T16 T23 T25
job-mix-census: core=4 threads=11 T2 T9 T12 T14 T18 T20 T21 T24 T28 T29 T30
job-mix-census: placement decides throughput on real silicon by up to fifteenfold (notes/soak.md, milestone 240), so a jobs-per-minute figure from ONE boot is a draw and not a result; notes/job-mix.md's procedure asks for repeated boots
  capability slots: 9 of 64 at peak
job-mix-repeat: tasks=1 repeat=0 ticks=108844
job-mix-repeat: tasks=1 repeat=1 ticks=96667
job-mix-repeat: tasks=1 repeat=2 ticks=96434
job-mix-repeat: tasks=1 repeat=3 ticks=96649
job-mix-repeat: tasks=1 repeat=4 ticks=96515
job-mix-repeat: tasks=1 repeat=5 ticks=96413
job-mix-repeat: tasks=1 repeat=6 ticks=96728
job-mix-repeat: tasks=1 repeat=7 ticks=96793
job-mix-repeat: tasks=1 repeat=8 ticks=96629
job-mix-repeat: tasks=1 repeat=9 ticks=96653
job-mix-repeat: tasks=1 repeat=10 ticks=96666
job-mix-repeat: tasks=1 repeat=11 ticks=96638
job-mix-repeat: tasks=1 repeat=12 ticks=96754
job-mix-repeat: tasks=1 repeat=13 ticks=96648
job-mix-repeat: tasks=1 repeat=14 ticks=96663
job-mix-repeat: tasks=1 repeat=15 ticks=96687
job-mix-repeat: tasks=1 repeat=16 ticks=96589
job-mix-repeat: tasks=1 repeat=17 ticks=96589
job-mix-repeat: tasks=1 repeat=18 ticks=96492
job-mix-repeat: tasks=1 repeat=19 ticks=96625
job-mix-repeat: tasks=1 repeat=20 ticks=96671
job-mix: tasks=1 jobs=128 repeats=21 ticks_min=96413 ticks_median=96649 ticks_max=108844 jpm_median=317851
job-mix-kind: tasks=1 kind=compute jobs=336 ticks=809660 per_job=2409 region_ticks=0
job-mix-kind: tasks=1 kind=touch jobs=336 ticks=263495 per_job=784 region_ticks=0
job-mix-kind: tasks=1 kind=null_syscall jobs=336 ticks=35990 per_job=107 region_ticks=0
job-mix-kind: tasks=1 kind=yield jobs=336 ticks=34157 per_job=101 region_ticks=0
job-mix-kind: tasks=1 kind=round_trip jobs=672 ticks=366184 per_job=544 region_ticks=0
job-mix-kind: tasks=1 kind=map jobs=336 ticks=124179 per_job=369 region_ticks=39755
job-mix-kind: tasks=1 kind=spawn jobs=336 ticks=401035 per_job=1193 region_ticks=63897
job-mix-repeat: tasks=2 repeat=0 ticks=104642
job-mix-repeat: tasks=2 repeat=1 ticks=104267
job-mix-repeat: tasks=2 repeat=2 ticks=105071
job-mix-repeat: tasks=2 repeat=3 ticks=105037
job-mix-repeat: tasks=2 repeat=4 ticks=104566
job-mix-repeat: tasks=2 repeat=5 ticks=103770
job-mix-repeat: tasks=2 repeat=6 ticks=104047
job-mix-repeat: tasks=2 repeat=7 ticks=104883
job-mix-repeat: tasks=2 repeat=8 ticks=104570
job-mix-repeat: tasks=2 repeat=9 ticks=105317
job-mix-repeat: tasks=2 repeat=10 ticks=104134
job-mix-repeat: tasks=2 repeat=11 ticks=104697
job-mix-repeat: tasks=2 repeat=12 ticks=105033
job-mix-repeat: tasks=2 repeat=13 ticks=104560
job-mix-repeat: tasks=2 repeat=14 ticks=103628
job-mix-repeat: tasks=2 repeat=15 ticks=104681
job-mix-repeat: tasks=2 repeat=16 ticks=104661
job-mix-repeat: tasks=2 repeat=17 ticks=104454
job-mix-repeat: tasks=2 repeat=18 ticks=104050
job-mix-repeat: tasks=2 repeat=19 ticks=104036
job-mix-repeat: tasks=2 repeat=20 ticks=104609
job-mix: tasks=2 jobs=256 repeats=21 ticks_min=103628 ticks_median=104570 ticks_max=105317 jpm_median=587549
job-mix-kind: tasks=2 kind=compute jobs=672 ticks=1653665 per_job=2460 region_ticks=0
job-mix-kind: tasks=2 kind=touch jobs=672 ticks=528692 per_job=786 region_ticks=0
job-mix-kind: tasks=2 kind=null_syscall jobs=672 ticks=74317 per_job=110 region_ticks=0
job-mix-kind: tasks=2 kind=yield jobs=672 ticks=79269 per_job=117 region_ticks=0
job-mix-kind: tasks=2 kind=round_trip jobs=1344 ticks=878271 per_job=653 region_ticks=0
job-mix-kind: tasks=2 kind=map jobs=672 ticks=281705 per_job=419 region_ticks=91842
job-mix-kind: tasks=2 kind=spawn jobs=672 ticks=862129 per_job=1282 region_ticks=146544
job-mix-repeat: tasks=4 repeat=0 ticks=129274
job-mix-repeat: tasks=4 repeat=1 ticks=130593
job-mix-repeat: tasks=4 repeat=2 ticks=132433
job-mix-repeat: tasks=4 repeat=3 ticks=131394
job-mix-repeat: tasks=4 repeat=4 ticks=130886
job-mix-repeat: tasks=4 repeat=5 ticks=131054
job-mix-repeat: tasks=4 repeat=6 ticks=130870
job-mix-repeat: tasks=4 repeat=7 ticks=130462
job-mix-repeat: tasks=4 repeat=8 ticks=124143
job-mix-repeat: tasks=4 repeat=9 ticks=130829
job-mix-repeat: tasks=4 repeat=10 ticks=128452
job-mix-repeat: tasks=4 repeat=11 ticks=125624
job-mix-repeat: tasks=4 repeat=12 ticks=128993
job-mix-repeat: tasks=4 repeat=13 ticks=125891
job-mix-repeat: tasks=4 repeat=14 ticks=127817
job-mix-repeat: tasks=4 repeat=15 ticks=120249
job-mix-repeat: tasks=4 repeat=16 ticks=126645
job-mix-repeat: tasks=4 repeat=17 ticks=127683
job-mix-repeat: tasks=4 repeat=18 ticks=130903
job-mix-repeat: tasks=4 repeat=19 ticks=130095
job-mix-repeat: tasks=4 repeat=20 ticks=130961
job-mix: tasks=4 jobs=512 repeats=21 ticks_min=120249 ticks_median=130095 ticks_max=132433 jpm_median=944540
job-mix-kind: tasks=4 kind=compute jobs=1344 ticks=3400720 per_job=2530 region_ticks=0
job-mix-kind: tasks=4 kind=touch jobs=1344 ticks=1099386 per_job=817 region_ticks=0
job-mix-kind: tasks=4 kind=null_syscall jobs=1344 ticks=156640 per_job=116 region_ticks=0
job-mix-kind: tasks=4 kind=yield jobs=1344 ticks=249749 per_job=185 region_ticks=0
job-mix-kind: tasks=4 kind=round_trip jobs=2688 ticks=2840745 per_job=1056 region_ticks=0
job-mix-kind: tasks=4 kind=map jobs=1344 ticks=616543 per_job=458 region_ticks=204561
job-mix-kind: tasks=4 kind=spawn jobs=1344 ticks=1889972 per_job=1406 region_ticks=315419
job-mix-repeat: tasks=8 repeat=0 ticks=242454
job-mix-repeat: tasks=8 repeat=1 ticks=243210
job-mix-repeat: tasks=8 repeat=2 ticks=242203
job-mix-repeat: tasks=8 repeat=3 ticks=243024
job-mix-repeat: tasks=8 repeat=4 ticks=242213
job-mix-repeat: tasks=8 repeat=5 ticks=246297
job-mix-repeat: tasks=8 repeat=6 ticks=240319
job-mix-repeat: tasks=8 repeat=7 ticks=243472
job-mix-repeat: tasks=8 repeat=8 ticks=240878
job-mix-repeat: tasks=8 repeat=9 ticks=239371
job-mix-repeat: tasks=8 repeat=10 ticks=245461
job-mix-repeat: tasks=8 repeat=11 ticks=243891
job-mix-repeat: tasks=8 repeat=12 ticks=242419
job-mix-repeat: tasks=8 repeat=13 ticks=238874
job-mix-repeat: tasks=8 repeat=14 ticks=246515
job-mix-repeat: tasks=8 repeat=15 ticks=246975
job-mix-repeat: tasks=8 repeat=16 ticks=242458
job-mix-repeat: tasks=8 repeat=17 ticks=243055
job-mix-repeat: tasks=8 repeat=18 ticks=243862
job-mix-repeat: tasks=8 repeat=19 ticks=244004
job-mix-repeat: tasks=8 repeat=20 ticks=242785
job-mix: tasks=8 jobs=1024 repeats=21 ticks_min=238874 ticks_median=243024 ticks_max=246975 jpm_median=1011258
job-mix-kind: tasks=8 kind=compute jobs=2688 ticks=7261932 per_job=2701 region_ticks=0
job-mix-kind: tasks=8 kind=touch jobs=2688 ticks=2347433 per_job=873 region_ticks=0
job-mix-kind: tasks=8 kind=null_syscall jobs=2688 ticks=330152 per_job=122 region_ticks=0
job-mix-kind: tasks=8 kind=yield jobs=2688 ticks=3157309 per_job=1174 region_ticks=0
job-mix-kind: tasks=8 kind=round_trip jobs=5376 ticks=16854257 per_job=3135 region_ticks=0
job-mix-kind: tasks=8 kind=map jobs=2688 ticks=1315615 per_job=489 region_ticks=433487
job-mix-kind: tasks=8 kind=spawn jobs=2688 ticks=6584549 per_job=2449 region_ticks=655693
job-mix-repeat: tasks=16 repeat=0 ticks=485054
job-mix-repeat: tasks=16 repeat=1 ticks=476166
job-mix-repeat: tasks=16 repeat=2 ticks=485674
job-mix-repeat: tasks=16 repeat=3 ticks=477047
job-mix-repeat: tasks=16 repeat=4 ticks=476519
job-mix-repeat: tasks=16 repeat=5 ticks=480839
job-mix-repeat: tasks=16 repeat=6 ticks=487879
job-mix-repeat: tasks=16 repeat=7 ticks=485183
job-mix-repeat: tasks=16 repeat=8 ticks=483114
job-mix-repeat: tasks=16 repeat=9 ticks=487214
job-mix-repeat: tasks=16 repeat=10 ticks=483475
job-mix-repeat: tasks=16 repeat=11 ticks=482333
job-mix-repeat: tasks=16 repeat=12 ticks=477790
job-mix-repeat: tasks=16 repeat=13 ticks=475856
job-mix-repeat: tasks=16 repeat=14 ticks=483938
job-mix-repeat: tasks=16 repeat=15 ticks=478125
job-mix-repeat: tasks=16 repeat=16 ticks=483233
job-mix-repeat: tasks=16 repeat=17 ticks=474221
job-mix-repeat: tasks=16 repeat=18 ticks=481614
job-mix-repeat: tasks=16 repeat=19 ticks=485276
job-mix-repeat: tasks=16 repeat=20 ticks=484696
job-mix: tasks=16 jobs=2048 repeats=21 ticks_min=474221 ticks_median=483114 ticks_max=487879 jpm_median=1017399
job-mix-kind: tasks=16 kind=compute jobs=5376 ticks=15031198 per_job=2795 region_ticks=0
job-mix-kind: tasks=16 kind=touch jobs=5376 ticks=4850509 per_job=902 region_ticks=0
job-mix-kind: tasks=16 kind=null_syscall jobs=5376 ticks=668262 per_job=124 region_ticks=0
job-mix-kind: tasks=16 kind=yield jobs=5376 ticks=16470583 per_job=3063 region_ticks=0
job-mix-kind: tasks=16 kind=round_trip jobs=10752 ticks=92957992 per_job=8645 region_ticks=0
job-mix-kind: tasks=16 kind=map jobs=5376 ticks=2767970 per_job=514 region_ticks=869686
job-mix-kind: tasks=16 kind=spawn jobs=5376 ticks=16796431 per_job=3124 region_ticks=1411960
job-mix-repeat: tasks=32 repeat=0 ticks=950537
job-mix-repeat: tasks=32 repeat=1 ticks=946162
job-mix-repeat: tasks=32 repeat=2 ticks=945303
job-mix-repeat: tasks=32 repeat=3 ticks=951077
job-mix-repeat: tasks=32 repeat=4 ticks=955452
job-mix-repeat: tasks=32 repeat=5 ticks=952797
job-mix-repeat: tasks=32 repeat=6 ticks=950860
job-mix-repeat: tasks=32 repeat=7 ticks=946113
job-mix-repeat: tasks=32 repeat=8 ticks=946005
job-mix-repeat: tasks=32 repeat=9 ticks=954976
job-mix-repeat: tasks=32 repeat=10 ticks=958499
job-mix-repeat: tasks=32 repeat=11 ticks=949774
job-mix-repeat: tasks=32 repeat=12 ticks=949545
job-mix-repeat: tasks=32 repeat=13 ticks=945532
job-mix-repeat: tasks=32 repeat=14 ticks=953524
job-mix-repeat: tasks=32 repeat=15 ticks=949828
job-mix-repeat: tasks=32 repeat=16 ticks=946391
job-mix-repeat: tasks=32 repeat=17 ticks=958464
job-mix-repeat: tasks=32 repeat=18 ticks=953749
job-mix-repeat: tasks=32 repeat=19 ticks=950580
job-mix-repeat: tasks=32 repeat=20 ticks=951968
job-mix: tasks=32 jobs=4096 repeats=21 ticks_min=945303 ticks_median=950580 ticks_max=958499 jpm_median=1034147
job-mix-kind: tasks=32 kind=compute jobs=10752 ticks=31120807 per_job=2894 region_ticks=0
job-mix-kind: tasks=32 kind=touch jobs=10752 ticks=10105915 per_job=939 region_ticks=0
job-mix-kind: tasks=32 kind=null_syscall jobs=10752 ticks=1395338 per_job=129 region_ticks=0
job-mix-kind: tasks=32 kind=yield jobs=10752 ticks=53097075 per_job=4938 region_ticks=0
job-mix-kind: tasks=32 kind=round_trip jobs=21504 ticks=469692786 per_job=21842 region_ticks=0
job-mix-kind: tasks=32 kind=map jobs=10752 ticks=5935173 per_job=552 region_ticks=1886778
job-mix-kind: tasks=32 kind=spawn jobs=10752 ticks=39889950 per_job=3710 region_ticks=2876196
job-mix: done
