
U-Boot SPL 2021.10 (Feb 12 2023 - 18:15:33 +0800)
DDR version: dc2e84f0.
Trying to boot from SPI

OpenSBI v1.2
   ____                    _____ ____ _____
  / __ \                  / ____|  _ \_   _|
 | |  | |_ __   ___ _ __ | (___ | |_) || |
 | |  | | '_ \ / _ \ '_ \ \___ \|  _ < | |
 | |__| | |_) |  __/ | | |____) | |_) || |_
  \____/| .__/ \___|_| |_|_____/|____/_____|
        | |
        |_|

Platform Name             : StarFive VisionFive V2
Platform Features         : medeleg
Platform HART Count       : 5
Platform IPI Device       : aclint-mswi
Platform Timer Device     : aclint-mtimer @ 4000000Hz
Platform Console Device   : uart8250
Platform HSM Device       : jh7110-hsm
Platform PMU Device       : ---
Platform Reboot Device    : pm-reset
Platform Shutdown Device  : pm-reset
Firmware Base             : 0x40000000
Firmware Size             : 292 KB
Runtime SBI Version       : 1.0

Domain0 Name              : root
Domain0 Boot HART         : 1
Domain0 HARTs             : 0*,1*,2*,3*,4*
Domain0 Region00          : 0x0000000002000000-0x000000000200ffff (I)
Domain0 Region01          : 0x0000000040000000-0x000000004007ffff ()
Domain0 Region02          : 0x0000000000000000-0xffffffffffffffff (R,W,X)
Domain0 Next Address      : 0x0000000040200000
Domain0 Next Arg1         : 0x0000000042200000
Domain0 Next Mode         : S-mode
Domain0 SysReset          : yes

Boot HART ID              : 1
Boot HART Domain          : root
Boot HART Priv Version    : v1.11
Boot HART Base ISA        : rv64imafdcbx
Boot HART ISA Extensions  : none
Boot HART PMP Count       : 8
Boot HART PMP Granularity : 4096
Boot HART PMP Address Bits: 34
Boot HART MHPM Count      : 2
Boot HART MIDELEG         : 0x0000000000000222
Boot HART MEDELEG         : 0x000000000000b109


U-Boot 2021.10 (Feb 12 2023 - 18:15:33 +0800), Build: jenkins-VF2_515_Branch_SDK_Release-24

CPU:   rv64imacu
Model: StarFive VisionFive V2
DRAM:  8 GiB
MMC:   sdio0@16010000: 0, sdio1@16020000: 1
Loading Environment from SPIFlash... SF: Detected gd25lq128 with page size 256 Bytes, erase size 4 KiB, total 16 MiB
*** Warning - bad CRC, using default environment

StarFive EEPROM format v2

--------EEPROM INFO--------
Vendor : StarFive Technology Co., Ltd.
Product full SN: VF7110B1-2253-D008E000-00004584
data version: 0x2
PCB revision: 0xb2
BOM revision: A
Ethernet MAC0 address: 6c:cf:39:00:47:2c
Ethernet MAC1 address: 6c:cf:39:00:47:2d
--------EEPROM INFO--------

In:    serial@10000000
Out:   serial@10000000
Err:   serial@10000000
Model: StarFive VisionFive V2
Net:   eth0: ethernet@16030000, eth1: ethernet@16040000
switch to partitions #0, OK
mmc1 is current device
found device 1
bootmode flash device 1
** Invalid partition 3 **
Couldn't find partition mmc 1:3
Can't set block device
** Invalid partition 3 **
Couldn't find partition mmc 1:3
Can't set block device
Hit any key to stop autoboot:  2  1  0 
** Invalid partition 3 **
Couldn't find partition mmc 1:3
Can't set block device
Importing environment from mmc1 ...
## Warning: Input data exceeds 1048576 bytes - truncated
## Info: input data size = 1048578 = 0x100002
** Invalid partition 2 **
Couldn't find partition mmc 1:2
Can't set block device
## Warning: defaulting to text format
## Error: "boot2" not defined
switch to partitions #0, OK
mmc1 is current device
Scanning mmc 1:1...
Found U-Boot script /boot.scr.uimg
1595 bytes read in 8 ms (194.3 KiB/s)
## Executing script at 43900000
nife: boot.scr is driving this boot, milestones 218 and 257
nife: tftp server is 192.168.8.206, setenv nife_boot_server to point somewhere else
ethernet@16030000 Waiting for PHY auto negotiation to complete......... TIMEOUT !
phy_startup() failed: -110FAILED: -110ethernet@16040000 Waiting for PHY auto negotiation to complete...... done
BOOTP broadcast 1
BOOTP broadcast 2
DHCP client bound to address 192.168.8.185 (258 ms)
Using ethernet@16040000 device
TFTP from server 192.168.8.206; our IP address is 192.168.8.185
Filename 'nife-vf2.img'.
Load address: 0x40200000
Loading: *#################################################################
	 #################################################################
	 #################################################################
	 ######################
	 7.5 MiB/s
done
Bytes transferred = 3177792 (307d40 hex)
Using ethernet@16040000 device
TFTP from server 192.168.8.206; our IP address is 192.168.8.185
Filename 'nife-initrd.img'.
Load address: 0x90000000
Loading: *#################################################################
	 #################################################################
	 #################################################################
	 #################################################################
	 #################################################################
	 #################################################################
	 #################################################################
	 #################################################################
	 #################################################################
	 #################################################################
	 #################################################################
	 #################################################################
	 ############################################
	 7.5 MiB/s
done
Bytes transferred = 12094976 (b88e00 hex)
nife: payload came from net
Moving Image from 0x40200000 to 0x80200000, end=80507000
## Flattened Device Tree blob at 86000000
   Booting using the fdt blob at 0x86000000
   Using Device Tree in place at 0000000086000000, end 000000008600d41a

Starting kernel ...

clk u5_dw_i2c_clk_core already disabled
clk u5_dw_i2c_clk_apb already disabled

nife on RISC-V (rv64, S-mode, Sv39)
  hart 0 booted: high-half kernel, .bss, and the NS16550 console are up.
  running at  : 0xffffffc0802238fc  (high half: Sv39 paging is on)
  device tree : 0x0000000086000000
  screen      : none (no qemu,fw-cfg-mmio node: this machine has no ramfb to ask for); this console is the UART
  traps       : stvec set; a breakpoint was caught and stepped over (1)
  timer       : 21 ticks in ~0.2s (SBI timer + S-mode interrupt at 100 Hz)
  memory      : device tree parsed, frame allocator up (first frame 0x400a0000)
  smp: 5 core(s) in the device tree, 4 startable
  smp: cpu 0's riscv,isa names user mode and not supervisor: it cannot run this kernel, whatever status and mmu-type claim; not started
  plic: S contexts from the device tree differ from the 2h+1 formula (expected on the JH7110: the disabled S7 shifts every context down one)
  paging      : fine-grained W^X Sv39 tables installed, satp switched (paging on: true)
  isa         : rv64i m a c f d
              : 5 hart(s), mmu sv39 declared and sv39 in use, satp.ASID 0 bits measured; read from the deprecated riscv,isa
  firmware    : OpenSBI 0x10002, SBI 1.0, TIME IPI RFENCE HSM PMU
  cycles      : SBI PMU counter 0, CSR 0xc00, 64 bits
  smp: sbi hsm hart_start (the only mechanism RISC-V defines)
  smp: cpu 0 is not startable by this kernel (disabled, no supervisor
       mode, or an enable-method we do not speak); leaving it alone.
  smp: 4 core(s) online

nife
  isa         : rv64i m a c f d
              : 5 hart(s), mmu sv39 declared and sv39 in use, satp.ASID 0 bits measured; read from the deprecated riscv,isa
  firmware    : OpenSBI 0x10002, SBI 1.0, TIME IPI RFENCE HSM PMU
  stack top       : 0xffffffc080457000
  firmware handoff: 0x0000000086000000  (device tree)
  processors      : 4 online of 5 described, boot cpu hwid 0x1
  memory          : 4096 MiB total, 4072 MiB free (23964 KiB in use)
  console         : NS16550 at 0xffffffc010000000, interrupt line 32
                  : no screen; this console is the UART alone
  interrupts      : PLIC at 0x000000000c000000, this hart's S-mode context 2
  timer           : 100 Hz tick, counter at 4 MHz, interrupts ON
  initrd          : 12094976 bytes at 0x0000000090000000, a nifefs archive of 104 program(s)
  pcie            : none (this machine describes no host bridge)
  iommu           : none (no riscv-iommu-pci function on this machine's bus)
  mmu             : Sv39 on, fine-grained W^X tables installed, one satp, kernel high half at 0xffffffc000000000
                  : kernel root 0x00000000400a1000, live satp root 0x00000000400a1000
  scheduler       : 5 thread(s), round robin, preemptive
nife machine: riscv64, 4 processor(s), 4096 MiB, 100 Hz
  self-test       : exceptions ok      a breakpoint was caught and stepped over (1)
  self-test       : mapping    ok      0xffffffc180000000 -> 0x408cc000, read back 0xc0ffee, unmapped
  self-test       : frames     ok      one frame out and back at 0x408cc000; used 5993 -> Some(5994) -> Some(5993)
  self-test       : timer      ok      the 4MHz counter advanced 80000 and 2 tick(s) arrived in ~20ms
  self-test       : scheduler  ok      thread 5 ran and carried its captured state (0x268026802680268)
nife self-test: 5 of 5 passed
  user address space : process satp activated (kernel half shared), user 0x400000 -> Some((408e0000, Flags(3)))
  userspace   : a program was started at U-mode (yield/yield/exit via ecall)
  user ELF    : an archive; the progenitor composes this machine's userspace at the handoff below
  preemption  : two never-yield threads ran 7277020 and 6574275 iterations, 81 preemptions (a thread that refuses to yield is preempted anyway)
  uart irq    : source 32 (machine description)
  device IRQ  : userspace driver started (holds an Irq cap + a UART mapping); pipe a byte to see it
  virtio      : no block device attached (pass NIFE_DISK to attach one)
  pcie        : no virtio-blk on the bus (pass NIFE_DISK to attach one)
  hw clock    : JH7110 STG CRG at 0x10230000 (named by this machine's device tree): clocks 0x00000000,0x00000000 -> 0x80000000,0x80000000 (running); reset 3 assert 0x007ffffe -> 0x007ffff6, status 0x00000009 (released, 1 polls)
  capability slots: 2 of 64 at peak
  hw entropy  : JH7110 TRNG at 0x1600c000 served 32+32 bytes to a client through a capability that names no device; first draw 90542d2d.., second differs; STAT after init 0x00040308 (256-bit: all eight RAND words are the answer); since the pcie line 20884 us, of which bring-up 561 us (window mapped, driver spawned, reseed, first generation; the hw clock line's own console time excluded) and 64 bytes in 65 us (973384 bytes/s over 8 round trips)
nife: the capability core runs on RISC-V.

job-mix: started 32 tasks and 2 servers on 4 online core(s), cntfrq=4000000 Hz
job-mix: one job is one of 7 kinds (16 per round, 8 rounds per task per subrun); see crates/job_mix for the mix and what it deliberately leaves out
  capability slots: 6 of 64 at peak
job-mix: this measures THIS kernel under multi-tasking load; it compares nothing against an event kernel and does not decide design/decisions/96-process-kernel-or-event-kernel.md
job-mix: each point is the median of 21 repeats, with the fastest and slowest beside it (since 2026-09-19); a transcript before that date printed the best of 3 as ticks= and jpm=, which is a different statistic from a different mix and is not comparable with jpm_median=
job-mix-census: where the kernel placed each thread at spawn: S=echo server, T=task
job-mix-census: core=1 threads=7 T2 T8 T9 T16 T18 T23 T28
job-mix-census: core=2 threads=11 T1 T3 T4 T10 T17 T20 T24 T25 T27 T29 T31
job-mix-census: core=3 threads=8 S0 T5 T11 T12 T14 T21 T22 T30
job-mix-census: core=4 threads=8 S1 T0 T6 T7 T13 T15 T19 T26
job-mix-census: placement decides throughput on real silicon by up to fifteenfold (notes/soak.md, milestone 240), so a jobs-per-minute figure from ONE boot is a draw and not a result; notes/job-mix.md's procedure asks for repeated boots
  capability slots: 9 of 64 at peak
job-mix-repeat: tasks=1 repeat=0 ticks=100366
job-mix-repeat: tasks=1 repeat=1 ticks=96581
job-mix-repeat: tasks=1 repeat=2 ticks=96620
job-mix-repeat: tasks=1 repeat=3 ticks=96547
job-mix-repeat: tasks=1 repeat=4 ticks=96643
job-mix-repeat: tasks=1 repeat=5 ticks=96483
job-mix-repeat: tasks=1 repeat=6 ticks=96542
job-mix-repeat: tasks=1 repeat=7 ticks=96578
job-mix-repeat: tasks=1 repeat=8 ticks=96502
job-mix-repeat: tasks=1 repeat=9 ticks=96389
job-mix-repeat: tasks=1 repeat=10 ticks=96591
job-mix-repeat: tasks=1 repeat=11 ticks=96491
job-mix-repeat: tasks=1 repeat=12 ticks=96425
job-mix-repeat: tasks=1 repeat=13 ticks=96552
job-mix-repeat: tasks=1 repeat=14 ticks=96502
job-mix-repeat: tasks=1 repeat=15 ticks=96549
job-mix-repeat: tasks=1 repeat=16 ticks=96723
job-mix-repeat: tasks=1 repeat=17 ticks=96641
job-mix-repeat: tasks=1 repeat=18 ticks=96508
job-mix-repeat: tasks=1 repeat=19 ticks=96511
job-mix-repeat: tasks=1 repeat=20 ticks=96479
job-mix: tasks=1 jobs=128 repeats=21 ticks_min=96389 ticks_median=96547 ticks_max=100366 jpm_median=318186
job-mix-kind: tasks=1 kind=compute jobs=336 ticks=809573 per_job=2409 region_ticks=0
job-mix-kind: tasks=1 kind=touch jobs=336 ticks=263321 per_job=783 region_ticks=0
job-mix-kind: tasks=1 kind=null_syscall jobs=336 ticks=37071 per_job=110 region_ticks=0
job-mix-kind: tasks=1 kind=yield jobs=336 ticks=33631 per_job=100 region_ticks=0
job-mix-kind: tasks=1 kind=round_trip jobs=672 ticks=363179 per_job=540 region_ticks=0
job-mix-kind: tasks=1 kind=map jobs=336 ticks=124696 per_job=371 region_ticks=40024
job-mix-kind: tasks=1 kind=spawn jobs=336 ticks=392991 per_job=1169 region_ticks=64530
job-mix-repeat: tasks=2 repeat=0 ticks=104723
job-mix-repeat: tasks=2 repeat=1 ticks=105731
job-mix-repeat: tasks=2 repeat=2 ticks=106149
job-mix-repeat: tasks=2 repeat=3 ticks=104877
job-mix-repeat: tasks=2 repeat=4 ticks=105571
job-mix-repeat: tasks=2 repeat=5 ticks=105561
job-mix-repeat: tasks=2 repeat=6 ticks=104886
job-mix-repeat: tasks=2 repeat=7 ticks=106376
job-mix-repeat: tasks=2 repeat=8 ticks=106190
job-mix-repeat: tasks=2 repeat=9 ticks=106338
job-mix-repeat: tasks=2 repeat=10 ticks=105514
job-mix-repeat: tasks=2 repeat=11 ticks=105718
job-mix-repeat: tasks=2 repeat=12 ticks=106593
job-mix-repeat: tasks=2 repeat=13 ticks=105177
job-mix-repeat: tasks=2 repeat=14 ticks=104637
job-mix-repeat: tasks=2 repeat=15 ticks=105268
job-mix-repeat: tasks=2 repeat=16 ticks=106751
job-mix-repeat: tasks=2 repeat=17 ticks=105654
job-mix-repeat: tasks=2 repeat=18 ticks=105957
job-mix-repeat: tasks=2 repeat=19 ticks=105342
job-mix-repeat: tasks=2 repeat=20 ticks=106018
job-mix: tasks=2 jobs=256 repeats=21 ticks_min=104637 ticks_median=105654 ticks_max=106751 jpm_median=581520
job-mix-kind: tasks=2 kind=compute jobs=672 ticks=1654726 per_job=2462 region_ticks=0
job-mix-kind: tasks=2 kind=touch jobs=672 ticks=528100 per_job=785 region_ticks=0
job-mix-kind: tasks=2 kind=null_syscall jobs=672 ticks=78503 per_job=116 region_ticks=0
job-mix-kind: tasks=2 kind=yield jobs=672 ticks=82159 per_job=122 region_ticks=0
job-mix-kind: tasks=2 kind=round_trip jobs=1344 ticks=910277 per_job=677 region_ticks=0
job-mix-kind: tasks=2 kind=map jobs=672 ticks=286026 per_job=425 region_ticks=93219
job-mix-kind: tasks=2 kind=spawn jobs=672 ticks=866485 per_job=1289 region_ticks=146808
job-mix-repeat: tasks=4 repeat=0 ticks=131708
job-mix-repeat: tasks=4 repeat=1 ticks=133032
job-mix-repeat: tasks=4 repeat=2 ticks=126404
job-mix-repeat: tasks=4 repeat=3 ticks=128707
job-mix-repeat: tasks=4 repeat=4 ticks=126076
job-mix-repeat: tasks=4 repeat=5 ticks=133168
job-mix-repeat: tasks=4 repeat=6 ticks=131026
job-mix-repeat: tasks=4 repeat=7 ticks=131237
job-mix-repeat: tasks=4 repeat=8 ticks=131710
job-mix-repeat: tasks=4 repeat=9 ticks=132447
job-mix-repeat: tasks=4 repeat=10 ticks=132837
job-mix-repeat: tasks=4 repeat=11 ticks=130768
job-mix-repeat: tasks=4 repeat=12 ticks=130868
job-mix-repeat: tasks=4 repeat=13 ticks=130280
job-mix-repeat: tasks=4 repeat=14 ticks=131242
job-mix-repeat: tasks=4 repeat=15 ticks=131908
job-mix-repeat: tasks=4 repeat=16 ticks=128464
job-mix-repeat: tasks=4 repeat=17 ticks=131333
job-mix-repeat: tasks=4 repeat=18 ticks=129359
job-mix-repeat: tasks=4 repeat=19 ticks=130132
job-mix-repeat: tasks=4 repeat=20 ticks=132048
job-mix: tasks=4 jobs=512 repeats=21 ticks_min=126076 ticks_median=131237 ticks_max=133168 jpm_median=936321
job-mix-kind: tasks=4 kind=compute jobs=1344 ticks=3402055 per_job=2531 region_ticks=0
job-mix-kind: tasks=4 kind=touch jobs=1344 ticks=1103415 per_job=820 region_ticks=0
job-mix-kind: tasks=4 kind=null_syscall jobs=1344 ticks=172044 per_job=128 region_ticks=0
job-mix-kind: tasks=4 kind=yield jobs=1344 ticks=262904 per_job=195 region_ticks=0
job-mix-kind: tasks=4 kind=round_trip jobs=2688 ticks=2983298 per_job=1109 region_ticks=0
job-mix-kind: tasks=4 kind=map jobs=1344 ticks=622123 per_job=462 region_ticks=206482
job-mix-kind: tasks=4 kind=spawn jobs=1344 ticks=1927142 per_job=1433 region_ticks=325970
job-mix-repeat: tasks=8 repeat=0 ticks=245228
job-mix-repeat: tasks=8 repeat=1 ticks=254296
job-mix-repeat: tasks=8 repeat=2 ticks=258569
job-mix-repeat: tasks=8 repeat=3 ticks=255098
job-mix-repeat: tasks=8 repeat=4 ticks=247046
job-mix-repeat: tasks=8 repeat=5 ticks=246893
job-mix-repeat: tasks=8 repeat=6 ticks=251674
job-mix-repeat: tasks=8 repeat=7 ticks=247916
job-mix-repeat: tasks=8 repeat=8 ticks=249720
job-mix-repeat: tasks=8 repeat=9 ticks=246275
job-mix-repeat: tasks=8 repeat=10 ticks=246209
job-mix-repeat: tasks=8 repeat=11 ticks=251519
job-mix-repeat: tasks=8 repeat=12 ticks=245349
job-mix-repeat: tasks=8 repeat=13 ticks=243084
job-mix-repeat: tasks=8 repeat=14 ticks=255530
job-mix-repeat: tasks=8 repeat=15 ticks=240928
job-mix-repeat: tasks=8 repeat=16 ticks=252522
job-mix-repeat: tasks=8 repeat=17 ticks=239990
job-mix-repeat: tasks=8 repeat=18 ticks=238393
job-mix-repeat: tasks=8 repeat=19 ticks=247514
job-mix-repeat: tasks=8 repeat=20 ticks=244539
job-mix: tasks=8 jobs=1024 repeats=21 ticks_min=238393 ticks_median=247046 ticks_max=258569 jpm_median=994794
job-mix-kind: tasks=8 kind=compute jobs=2688 ticks=7210180 per_job=2682 region_ticks=0
job-mix-kind: tasks=8 kind=touch jobs=2688 ticks=2351341 per_job=874 region_ticks=0
job-mix-kind: tasks=8 kind=null_syscall jobs=2688 ticks=362924 per_job=135 region_ticks=0
job-mix-kind: tasks=8 kind=yield jobs=2688 ticks=3047491 per_job=1133 region_ticks=0
job-mix-kind: tasks=8 kind=round_trip jobs=5376 ticks=17285031 per_job=3215 region_ticks=0
job-mix-kind: tasks=8 kind=map jobs=2688 ticks=1332179 per_job=495 region_ticks=440489
job-mix-kind: tasks=8 kind=spawn jobs=2688 ticks=6596491 per_job=2454 region_ticks=664232
job-mix-repeat: tasks=16 repeat=0 ticks=479891
job-mix-repeat: tasks=16 repeat=1 ticks=485939
job-mix-repeat: tasks=16 repeat=2 ticks=485304
job-mix-repeat: tasks=16 repeat=3 ticks=492679
job-mix-repeat: tasks=16 repeat=4 ticks=486151
job-mix-repeat: tasks=16 repeat=5 ticks=486228
job-mix-repeat: tasks=16 repeat=6 ticks=496791
job-mix-repeat: tasks=16 repeat=7 ticks=489045
job-mix-repeat: tasks=16 repeat=8 ticks=489735
job-mix-repeat: tasks=16 repeat=9 ticks=489405
job-mix-repeat: tasks=16 repeat=10 ticks=490296
job-mix-repeat: tasks=16 repeat=11 ticks=485468
job-mix-repeat: tasks=16 repeat=12 ticks=485762
job-mix-repeat: tasks=16 repeat=13 ticks=491388
job-mix-repeat: tasks=16 repeat=14 ticks=486862
job-mix-repeat: tasks=16 repeat=15 ticks=488208
job-mix-repeat: tasks=16 repeat=16 ticks=482773
job-mix-repeat: tasks=16 repeat=17 ticks=485499
job-mix-repeat: tasks=16 repeat=18 ticks=486933
job-mix-repeat: tasks=16 repeat=19 ticks=484508
job-mix-repeat: tasks=16 repeat=20 ticks=487109
job-mix: tasks=16 jobs=2048 repeats=21 ticks_min=479891 ticks_median=486862 ticks_max=496791 jpm_median=1009567
job-mix-kind: tasks=16 kind=compute jobs=5376 ticks=15042495 per_job=2798 region_ticks=0
job-mix-kind: tasks=16 kind=touch jobs=5376 ticks=4851147 per_job=902 region_ticks=0
job-mix-kind: tasks=16 kind=null_syscall jobs=5376 ticks=738339 per_job=137 region_ticks=0
job-mix-kind: tasks=16 kind=yield jobs=5376 ticks=16045622 per_job=2984 region_ticks=0
job-mix-kind: tasks=16 kind=round_trip jobs=10752 ticks=95768170 per_job=8907 region_ticks=0
job-mix-kind: tasks=16 kind=map jobs=5376 ticks=2764513 per_job=514 region_ticks=891604
job-mix-kind: tasks=16 kind=spawn jobs=5376 ticks=16687059 per_job=3103 region_ticks=1398536
job-mix-repeat: tasks=32 repeat=0 ticks=961546
job-mix-repeat: tasks=32 repeat=1 ticks=964395
job-mix-repeat: tasks=32 repeat=2 ticks=972465
job-mix-repeat: tasks=32 repeat=3 ticks=970360
job-mix-repeat: tasks=32 repeat=4 ticks=978450
job-mix-repeat: tasks=32 repeat=5 ticks=965436
job-mix-repeat: tasks=32 repeat=6 ticks=964948
job-mix-repeat: tasks=32 repeat=7 ticks=965291
job-mix-repeat: tasks=32 repeat=8 ticks=962246
job-mix-repeat: tasks=32 repeat=9 ticks=959538
job-mix-repeat: tasks=32 repeat=10 ticks=961686
job-mix-repeat: tasks=32 repeat=11 ticks=969121
job-mix-repeat: tasks=32 repeat=12 ticks=963794
job-mix-repeat: tasks=32 repeat=13 ticks=966790
job-mix-repeat: tasks=32 repeat=14 ticks=951895
job-mix-repeat: tasks=32 repeat=15 ticks=957737
job-mix-repeat: tasks=32 repeat=16 ticks=960584
job-mix-repeat: tasks=32 repeat=17 ticks=963386
job-mix-repeat: tasks=32 repeat=18 ticks=964551
job-mix-repeat: tasks=32 repeat=19 ticks=968772
job-mix-repeat: tasks=32 repeat=20 ticks=959125
job-mix: tasks=32 jobs=4096 repeats=21 ticks_min=951895 ticks_median=964395 ticks_max=978450 jpm_median=1019333
job-mix-kind: tasks=32 kind=compute jobs=10752 ticks=30981831 per_job=2881 region_ticks=0
job-mix-kind: tasks=32 kind=touch jobs=10752 ticks=9973017 per_job=927 region_ticks=0
job-mix-kind: tasks=32 kind=null_syscall jobs=10752 ticks=1532638 per_job=142 region_ticks=0
job-mix-kind: tasks=32 kind=yield jobs=10752 ticks=54342233 per_job=5054 region_ticks=0
job-mix-kind: tasks=32 kind=round_trip jobs=21504 ticks=476640744 per_job=22165 region_ticks=0
job-mix-kind: tasks=32 kind=map jobs=10752 ticks=6134911 per_job=570 region_ticks=1917227
job-mix-kind: tasks=32 kind=spawn jobs=10752 ticks=39572911 per_job=3680 region_ticks=2883801
job-mix: done
