
U-Boot SPL 2021.10 (Feb 12 2023 - 18:15:33 +0800)
DDR version: dc2e84f0.
Trying to boot from SPI

OpenSBI v1.2
   ____                    _____ ____ _____
  / __ \                  / ____|  _ \_   _|
 | |  | |_ __   ___ _ __ | (___ | |_) || |
 | |  | | '_ \ / _ \ '_ \ \___ \|  _ < | |
 | |__| | |_) |  __/ | | |____) | |_) || |_
  \____/| .__/ \___|_| |_|_____/|____/_____|
        | |
        |_|

Platform Name             : StarFive VisionFive V2
Platform Features         : medeleg
Platform HART Count       : 5
Platform IPI Device       : aclint-mswi
Platform Timer Device     : aclint-mtimer @ 4000000Hz
Platform Console Device   : uart8250
Platform HSM Device       : jh7110-hsm
Platform PMU Device       : ---
Platform Reboot Device    : pm-reset
Platform Shutdown Device  : pm-reset
Firmware Base             : 0x40000000
Firmware Size             : 292 KB
Runtime SBI Version       : 1.0

Domain0 Name              : root
Domain0 Boot HART         : 1
Domain0 HARTs             : 0*,1*,2*,3*,4*
Domain0 Region00          : 0x0000000002000000-0x000000000200ffff (I)
Domain0 Region01          : 0x0000000040000000-0x000000004007ffff ()
Domain0 Region02          : 0x0000000000000000-0xffffffffffffffff (R,W,X)
Domain0 Next Address      : 0x0000000040200000
Domain0 Next Arg1         : 0x0000000042200000
Domain0 Next Mode         : S-mode
Domain0 SysReset          : yes

Boot HART ID              : 1
Boot HART Domain          : root
Boot HART Priv Version    : v1.11
Boot HART Base ISA        : rv64imafdcbx
Boot HART ISA Extensions  : none
Boot HART PMP Count       : 8
Boot HART PMP Granularity : 4096
Boot HART PMP Address Bits: 34
Boot HART MHPM Count      : 2
Boot HART MIDELEG         : 0x0000000000000222
Boot HART MEDELEG         : 0x000000000000b109


U-Boot 2021.10 (Feb 12 2023 - 18:15:33 +0800), Build: jenkins-VF2_515_Branch_SDK_Release-24

CPU:   rv64imacu
Model: StarFive VisionFive V2
DRAM:  8 GiB
MMC:   sdio0@16010000: 0, sdio1@16020000: 1
Loading Environment from SPIFlash... SF: Detected gd25lq128 with page size 256 Bytes, erase size 4 KiB, total 16 MiB
*** Warning - bad CRC, using default environment

StarFive EEPROM format v2

--------EEPROM INFO--------
Vendor : StarFive Technology Co., Ltd.
Product full SN: VF7110B1-2253-D008E000-00004584
data version: 0x2
PCB revision: 0xb2
BOM revision: A
Ethernet MAC0 address: 6c:cf:39:00:47:2c
Ethernet MAC1 address: 6c:cf:39:00:47:2d
--------EEPROM INFO--------

In:    serial@10000000
Out:   serial@10000000
Err:   serial@10000000
Model: StarFive VisionFive V2
Net:   eth0: ethernet@16030000, eth1: ethernet@16040000
switch to partitions #0, OK
mmc1 is current device
found device 1
bootmode flash device 1
** Invalid partition 3 **
Couldn't find partition mmc 1:3
Can't set block device
** Invalid partition 3 **
Couldn't find partition mmc 1:3
Can't set block device
Hit any key to stop autoboot:  2  1  0 
** Invalid partition 3 **
Couldn't find partition mmc 1:3
Can't set block device
Importing environment from mmc1 ...
## Warning: Input data exceeds 1048576 bytes - truncated
## Info: input data size = 1048578 = 0x100002
** Invalid partition 2 **
Couldn't find partition mmc 1:2
Can't set block device
## Warning: defaulting to text format
## Error: "boot2" not defined
switch to partitions #0, OK
mmc1 is current device
Scanning mmc 1:1...
Found U-Boot script /boot.scr.uimg
1595 bytes read in 8 ms (194.3 KiB/s)
## Executing script at 43900000
nife: boot.scr is driving this boot, milestones 218 and 257
nife: tftp server is 192.168.8.206, setenv nife_boot_server to point somewhere else
ethernet@16030000 Waiting for PHY auto negotiation to complete...... done
BOOTP broadcast 1
BOOTP broadcast 2
DHCP client bound to address 192.168.8.200 (258 ms)
Using ethernet@16030000 device
TFTP from server 192.168.8.206; our IP address is 192.168.8.200
Filename 'nife-vf2.img'.
Load address: 0x40200000
Loading: *#################################################################
	 #################################################################
	 #################################################################
	 ######################
	 7 MiB/s
done
Bytes transferred = 3177792 (307d40 hex)
Using ethernet@16030000 device
TFTP from server 192.168.8.206; our IP address is 192.168.8.200
Filename 'nife-initrd.img'.
Load address: 0x90000000
Loading: *#################################################################
	 #################################################################
	 #################################################################
	 #################################################################
	 #################################################################
	 #################################################################
	 #################################################################
	 #################################################################
	 #################################################################
	 #################################################################
	 #################################################################
	 #################################################################
	 ############################################
	 7.2 MiB/s
done
Bytes transferred = 12094976 (b88e00 hex)
nife: payload came from net
Moving Image from 0x40200000 to 0x80200000, end=80507000
## Flattened Device Tree blob at 86000000
   Booting using the fdt blob at 0x86000000
   Using Device Tree in place at 0000000086000000, end 000000008600d41a

Starting kernel ...

clk u5_dw_i2c_clk_core already disabled
clk u5_dw_i2c_clk_apb already disabled

nife on RISC-V (rv64, S-mode, Sv39)
  hart 0 booted: high-half kernel, .bss, and the NS16550 console are up.
  running at  : 0xffffffc08021bf02  (high half: Sv39 paging is on)
  device tree : 0x0000000086000000
  screen      : none (no qemu,fw-cfg-mmio node: this machine has no ramfb to ask for); this console is the UART
  traps       : stvec set; a breakpoint was caught and stepped over (1)
  timer       : 21 ticks in ~0.2s (SBI timer + S-mode interrupt at 100 Hz)
  memory      : device tree parsed, frame allocator up (first frame 0x400a0000)
  smp: 5 core(s) in the device tree, 4 startable
  smp: cpu 0's riscv,isa names user mode and not supervisor: it cannot run this kernel, whatever status and mmu-type claim; not started
  plic: S contexts from the device tree differ from the 2h+1 formula (expected on the JH7110: the disabled S7 shifts every context down one)
  paging      : fine-grained W^X Sv39 tables installed, satp switched (paging on: true)
  isa         : rv64i m a c f d
              : 5 hart(s), mmu sv39 declared and sv39 in use, satp.ASID 0 bits measured; read from the deprecated riscv,isa
  firmware    : OpenSBI 0x10002, SBI 1.0, TIME IPI RFENCE HSM PMU
  cycles      : SBI PMU counter 0, CSR 0xc00, 64 bits
  smp: sbi hsm hart_start (the only mechanism RISC-V defines)
  smp: cpu 0 is not startable by this kernel (disabled, no supervisor
       mode, or an enable-method we do not speak); leaving it alone.
  smp: 4 core(s) online

nife
  isa         : rv64i m a c f d
              : 5 hart(s), mmu sv39 declared and sv39 in use, satp.ASID 0 bits measured; read from the deprecated riscv,isa
  firmware    : OpenSBI 0x10002, SBI 1.0, TIME IPI RFENCE HSM PMU
  stack top       : 0xffffffc080457000
  firmware handoff: 0x0000000086000000  (device tree)
  processors      : 4 online of 5 described, boot cpu hwid 0x1
  memory          : 4096 MiB total, 4072 MiB free (23964 KiB in use)
  console         : NS16550 at 0xffffffc010000000, interrupt line 32
                  : no screen; this console is the UART alone
  interrupts      : PLIC at 0x000000000c000000, this hart's S-mode context 2
  timer           : 100 Hz tick, counter at 4 MHz, interrupts ON
  initrd          : 12094976 bytes at 0x0000000090000000, a nifefs archive of 104 program(s)
  pcie            : none (this machine describes no host bridge)
  iommu           : none (no riscv-iommu-pci function on this machine's bus)
  mmu             : Sv39 on, fine-grained W^X tables installed, one satp, kernel high half at 0xffffffc000000000
                  : kernel root 0x00000000400a1000, live satp root 0x00000000400a1000
  scheduler       : 5 thread(s), round robin, preemptive
nife machine: riscv64, 4 processor(s), 4096 MiB, 100 Hz
  self-test       : exceptions ok      a breakpoint was caught and stepped over (1)
  self-test       : mapping    ok      0xffffffc180000000 -> 0x408cc000, read back 0xc0ffee, unmapped
  self-test       : frames     ok      one frame out and back at 0x408cc000; used 5993 -> Some(5994) -> Some(5993)
  self-test       : timer      ok      the 4MHz counter advanced 80000 and 2 tick(s) arrived in ~20ms
  self-test       : scheduler  ok      thread 5 ran and carried its captured state (0x268026802680268)
nife self-test: 5 of 5 passed
  user address space : process satp activated (kernel half shared), user 0x400000 -> Some((408e0000, Flags(3)))
  userspace   : a program was started at U-mode (yield/yield/exit via ecall)
  user ELF    : an archive; the progenitor composes this machine's userspace at the handoff below
  preemption  : two never-yield threads ran 4384695 and 10946625 iterations, 81 preemptions (a thread that refuses to yield is preempted anyway)
  uart irq    : source 32 (machine description)
  device IRQ  : userspace driver started (holds an Irq cap + a UART mapping); pipe a byte to see it
  virtio      : no block device attached (pass NIFE_DISK to attach one)
  pcie        : no virtio-blk on the bus (pass NIFE_DISK to attach one)
  hw clock    : JH7110 STG CRG at 0x10230000 (named by this machine's device tree): clocks 0x00000000,0x00000000 -> 0x80000000,0x80000000 (running); reset 3 assert 0x007ffffe -> 0x007ffff6, status 0x00000009 (released, 1 polls)
  capability slots: 2 of 64 at peak
  hw entropy  : JH7110 TRNG at 0x1600c000 served 32+32 bytes to a client through a capability that names no device; first draw 248744fc.., second differs; STAT after init 0x00040308 (256-bit: all eight RAND words are the answer); since the pcie line 20829 us, of which bring-up 551 us (window mapped, driver spawned, reseed, first generation; the hw clock line's own console time excluded) and 64 bytes in 64 us (988416 bytes/s over 8 round trips)
nife: the capability core runs on RISC-V.

job-mix: started 32 tasks and 2 servers on 4 online core(s), cntfrq=4000000 Hz
  capability slots: 6 of 64 at peak
job-mix: one job is one of 7 kinds (16 per round, 8 rounds per task per subrun); see crates/job_mix for the mix and what it deliberately leaves out
job-mix: this measures THIS kernel under multi-tasking load; it compares nothing against an event kernel and does not decide design/decisions/0096-process-kernel-or-event-kernel.md
job-mix: each point is the median of 21 repeats, with the fastest and slowest beside it (since 2026-09-19); a transcript before that date printed the best of 3 as ticks= and jpm=, which is a different statistic from a different mix and is not comparable with jpm_median=
job-mix-census: where the kernel placed each thread at spawn: S=echo server, T=task
job-mix-census: core=1 threads=7 T2 T8 T9 T16 T18 T23 T28
job-mix-census: core=2 threads=10 T1 T3 T4 T10 T17 T20 T24 T25 T27 T30
job-mix-census: core=3 threads=8 S0 T5 T11 T12 T14 T21 T22 T29
job-mix-census: core=4 threads=9 S1 T0 T6 T7 T13 T15 T19 T26 T31
job-mix-census: placement decides throughput on real silicon by up to fifteenfold (notes/soak.md, milestone 240), so a jobs-per-minute figure from ONE boot is a draw and not a result; notes/job-mix.md's procedure asks for repeated boots
  capability slots: 9 of 64 at peak
job-mix-repeat: tasks=1 repeat=0 ticks=97625
job-mix-repeat: tasks=1 repeat=1 ticks=97110
job-mix-repeat: tasks=1 repeat=2 ticks=97093
job-mix-repeat: tasks=1 repeat=3 ticks=96918
job-mix-repeat: tasks=1 repeat=4 ticks=97102
job-mix-repeat: tasks=1 repeat=5 ticks=96939
job-mix-repeat: tasks=1 repeat=6 ticks=96980
job-mix-repeat: tasks=1 repeat=7 ticks=97029
job-mix-repeat: tasks=1 repeat=8 ticks=96985
job-mix-repeat: tasks=1 repeat=9 ticks=96833
job-mix-repeat: tasks=1 repeat=10 ticks=96970
job-mix-repeat: tasks=1 repeat=11 ticks=96942
job-mix-repeat: tasks=1 repeat=12 ticks=96850
job-mix-repeat: tasks=1 repeat=13 ticks=97019
job-mix-repeat: tasks=1 repeat=14 ticks=97032
job-mix-repeat: tasks=1 repeat=15 ticks=96984
job-mix-repeat: tasks=1 repeat=16 ticks=97143
job-mix-repeat: tasks=1 repeat=17 ticks=97003
job-mix-repeat: tasks=1 repeat=18 ticks=96964
job-mix-repeat: tasks=1 repeat=19 ticks=96983
job-mix-repeat: tasks=1 repeat=20 ticks=96911
job-mix: tasks=1 jobs=128 repeats=21 ticks_min=96833 ticks_median=96984 ticks_max=97625 jpm_median=316753
job-mix-kind: tasks=1 kind=compute jobs=336 ticks=809614 per_job=2409 region_ticks=0
job-mix-kind: tasks=1 kind=touch jobs=336 ticks=263429 per_job=784 region_ticks=0
job-mix-kind: tasks=1 kind=null_syscall jobs=336 ticks=37578 per_job=111 region_ticks=0
job-mix-kind: tasks=1 kind=yield jobs=336 ticks=37362 per_job=111 region_ticks=0
job-mix-kind: tasks=1 kind=round_trip jobs=672 ticks=367656 per_job=547 region_ticks=0
job-mix-kind: tasks=1 kind=map jobs=336 ticks=124311 per_job=369 region_ticks=39725
job-mix-kind: tasks=1 kind=spawn jobs=336 ticks=390817 per_job=1163 region_ticks=63680
job-mix-repeat: tasks=2 repeat=0 ticks=105033
job-mix-repeat: tasks=2 repeat=1 ticks=104884
job-mix-repeat: tasks=2 repeat=2 ticks=104679
job-mix-repeat: tasks=2 repeat=3 ticks=104938
job-mix-repeat: tasks=2 repeat=4 ticks=105100
job-mix-repeat: tasks=2 repeat=5 ticks=105317
job-mix-repeat: tasks=2 repeat=6 ticks=104373
job-mix-repeat: tasks=2 repeat=7 ticks=105083
job-mix-repeat: tasks=2 repeat=8 ticks=104292
job-mix-repeat: tasks=2 repeat=9 ticks=104706
job-mix-repeat: tasks=2 repeat=10 ticks=105060
job-mix-repeat: tasks=2 repeat=11 ticks=105481
job-mix-repeat: tasks=2 repeat=12 ticks=105155
job-mix-repeat: tasks=2 repeat=13 ticks=104956
job-mix-repeat: tasks=2 repeat=14 ticks=105241
job-mix-repeat: tasks=2 repeat=15 ticks=105216
job-mix-repeat: tasks=2 repeat=16 ticks=105532
job-mix-repeat: tasks=2 repeat=17 ticks=104353
job-mix-repeat: tasks=2 repeat=18 ticks=104528
job-mix-repeat: tasks=2 repeat=19 ticks=104772
job-mix-repeat: tasks=2 repeat=20 ticks=103989
job-mix: tasks=2 jobs=256 repeats=21 ticks_min=103989 ticks_median=104956 ticks_max=105532 jpm_median=585388
job-mix-kind: tasks=2 kind=compute jobs=672 ticks=1653391 per_job=2460 region_ticks=0
job-mix-kind: tasks=2 kind=touch jobs=672 ticks=529266 per_job=787 region_ticks=0
job-mix-kind: tasks=2 kind=null_syscall jobs=672 ticks=77409 per_job=115 region_ticks=0
job-mix-kind: tasks=2 kind=yield jobs=672 ticks=85942 per_job=127 region_ticks=0
job-mix-kind: tasks=2 kind=round_trip jobs=1344 ticks=883550 per_job=657 region_ticks=0
job-mix-kind: tasks=2 kind=map jobs=672 ticks=276977 per_job=412 region_ticks=90782
job-mix-kind: tasks=2 kind=spawn jobs=672 ticks=868416 per_job=1292 region_ticks=147312
job-mix-repeat: tasks=4 repeat=0 ticks=131502
job-mix-repeat: tasks=4 repeat=1 ticks=132710
job-mix-repeat: tasks=4 repeat=2 ticks=132749
job-mix-repeat: tasks=4 repeat=3 ticks=133048
job-mix-repeat: tasks=4 repeat=4 ticks=126989
job-mix-repeat: tasks=4 repeat=5 ticks=129084
job-mix-repeat: tasks=4 repeat=6 ticks=126977
job-mix-repeat: tasks=4 repeat=7 ticks=125110
job-mix-repeat: tasks=4 repeat=8 ticks=119482
job-mix-repeat: tasks=4 repeat=9 ticks=131372
job-mix-repeat: tasks=4 repeat=10 ticks=130415
job-mix-repeat: tasks=4 repeat=11 ticks=130311
job-mix-repeat: tasks=4 repeat=12 ticks=128983
job-mix-repeat: tasks=4 repeat=13 ticks=131242
job-mix-repeat: tasks=4 repeat=14 ticks=128904
job-mix-repeat: tasks=4 repeat=15 ticks=130162
job-mix-repeat: tasks=4 repeat=16 ticks=131053
job-mix-repeat: tasks=4 repeat=17 ticks=128381
job-mix-repeat: tasks=4 repeat=18 ticks=129185
job-mix-repeat: tasks=4 repeat=19 ticks=129679
job-mix-repeat: tasks=4 repeat=20 ticks=127730
job-mix: tasks=4 jobs=512 repeats=21 ticks_min=119482 ticks_median=129679 ticks_max=133048 jpm_median=947570
job-mix-kind: tasks=4 kind=compute jobs=1344 ticks=3409108 per_job=2536 region_ticks=0
job-mix-kind: tasks=4 kind=touch jobs=1344 ticks=1098573 per_job=817 region_ticks=0
job-mix-kind: tasks=4 kind=null_syscall jobs=1344 ticks=164936 per_job=122 region_ticks=0
job-mix-kind: tasks=4 kind=yield jobs=1344 ticks=260786 per_job=194 region_ticks=0
job-mix-kind: tasks=4 kind=round_trip jobs=2688 ticks=2886557 per_job=1073 region_ticks=0
job-mix-kind: tasks=4 kind=map jobs=1344 ticks=621106 per_job=462 region_ticks=203571
job-mix-kind: tasks=4 kind=spawn jobs=1344 ticks=1880136 per_job=1398 region_ticks=311834
job-mix-repeat: tasks=8 repeat=0 ticks=250123
job-mix-repeat: tasks=8 repeat=1 ticks=240350
job-mix-repeat: tasks=8 repeat=2 ticks=240718
job-mix-repeat: tasks=8 repeat=3 ticks=247599
job-mix-repeat: tasks=8 repeat=4 ticks=240236
job-mix-repeat: tasks=8 repeat=5 ticks=240277
job-mix-repeat: tasks=8 repeat=6 ticks=243465
job-mix-repeat: tasks=8 repeat=7 ticks=244289
job-mix-repeat: tasks=8 repeat=8 ticks=242657
job-mix-repeat: tasks=8 repeat=9 ticks=245328
job-mix-repeat: tasks=8 repeat=10 ticks=239101
job-mix-repeat: tasks=8 repeat=11 ticks=245786
job-mix-repeat: tasks=8 repeat=12 ticks=247938
job-mix-repeat: tasks=8 repeat=13 ticks=241486
job-mix-repeat: tasks=8 repeat=14 ticks=248156
job-mix-repeat: tasks=8 repeat=15 ticks=245722
job-mix-repeat: tasks=8 repeat=16 ticks=249797
job-mix-repeat: tasks=8 repeat=17 ticks=250702
job-mix-repeat: tasks=8 repeat=18 ticks=247259
job-mix-repeat: tasks=8 repeat=19 ticks=248300
job-mix-repeat: tasks=8 repeat=20 ticks=248483
job-mix: tasks=8 jobs=1024 repeats=21 ticks_min=239101 ticks_median=245722 ticks_max=250702 jpm_median=1000154
job-mix-kind: tasks=8 kind=compute jobs=2688 ticks=7219214 per_job=2685 region_ticks=0
job-mix-kind: tasks=8 kind=touch jobs=2688 ticks=2347864 per_job=873 region_ticks=0
job-mix-kind: tasks=8 kind=null_syscall jobs=2688 ticks=348535 per_job=129 region_ticks=0
job-mix-kind: tasks=8 kind=yield jobs=2688 ticks=3218980 per_job=1197 region_ticks=0
job-mix-kind: tasks=8 kind=round_trip jobs=5376 ticks=16612889 per_job=3090 region_ticks=0
job-mix-kind: tasks=8 kind=map jobs=2688 ticks=1322011 per_job=491 region_ticks=429041
job-mix-kind: tasks=8 kind=spawn jobs=2688 ticks=6874093 per_job=2557 region_ticks=658491
job-mix-repeat: tasks=16 repeat=0 ticks=484818
job-mix-repeat: tasks=16 repeat=1 ticks=491532
job-mix-repeat: tasks=16 repeat=2 ticks=483777
job-mix-repeat: tasks=16 repeat=3 ticks=488620
job-mix-repeat: tasks=16 repeat=4 ticks=479592
job-mix-repeat: tasks=16 repeat=5 ticks=478392
job-mix-repeat: tasks=16 repeat=6 ticks=479963
job-mix-repeat: tasks=16 repeat=7 ticks=488660
job-mix-repeat: tasks=16 repeat=8 ticks=481590
job-mix-repeat: tasks=16 repeat=9 ticks=487676
job-mix-repeat: tasks=16 repeat=10 ticks=482027
job-mix-repeat: tasks=16 repeat=11 ticks=477991
job-mix-repeat: tasks=16 repeat=12 ticks=482465
job-mix-repeat: tasks=16 repeat=13 ticks=484318
job-mix-repeat: tasks=16 repeat=14 ticks=483673
job-mix-repeat: tasks=16 repeat=15 ticks=486645
job-mix-repeat: tasks=16 repeat=16 ticks=489330
job-mix-repeat: tasks=16 repeat=17 ticks=484934
job-mix-repeat: tasks=16 repeat=18 ticks=481877
job-mix-repeat: tasks=16 repeat=19 ticks=488293
job-mix-repeat: tasks=16 repeat=20 ticks=474469
job-mix: tasks=16 jobs=2048 repeats=21 ticks_min=474469 ticks_median=483777 ticks_max=491532 jpm_median=1016005
job-mix-kind: tasks=16 kind=compute jobs=5376 ticks=15032772 per_job=2796 region_ticks=0
job-mix-kind: tasks=16 kind=touch jobs=5376 ticks=4843529 per_job=900 region_ticks=0
job-mix-kind: tasks=16 kind=null_syscall jobs=5376 ticks=708966 per_job=131 region_ticks=0
job-mix-kind: tasks=16 kind=yield jobs=5376 ticks=16095536 per_job=2993 region_ticks=0
job-mix-kind: tasks=16 kind=round_trip jobs=10752 ticks=95294614 per_job=8862 region_ticks=0
job-mix-kind: tasks=16 kind=map jobs=5376 ticks=2740901 per_job=509 region_ticks=887757
job-mix-kind: tasks=16 kind=spawn jobs=5376 ticks=16642435 per_job=3095 region_ticks=1406288
job-mix-repeat: tasks=32 repeat=0 ticks=955103
job-mix-repeat: tasks=32 repeat=1 ticks=955204
job-mix-repeat: tasks=32 repeat=2 ticks=950519
job-mix-repeat: tasks=32 repeat=3 ticks=959188
job-mix-repeat: tasks=32 repeat=4 ticks=950475
job-mix-repeat: tasks=32 repeat=5 ticks=947132
job-mix-repeat: tasks=32 repeat=6 ticks=955150
job-mix-repeat: tasks=32 repeat=7 ticks=950506
job-mix-repeat: tasks=32 repeat=8 ticks=955250
job-mix-repeat: tasks=32 repeat=9 ticks=953354
job-mix-repeat: tasks=32 repeat=10 ticks=957603
job-mix-repeat: tasks=32 repeat=11 ticks=954029
job-mix-repeat: tasks=32 repeat=12 ticks=950238
job-mix-repeat: tasks=32 repeat=13 ticks=956341
job-mix-repeat: tasks=32 repeat=14 ticks=966498
job-mix-repeat: tasks=32 repeat=15 ticks=952471
job-mix-repeat: tasks=32 repeat=16 ticks=944730
job-mix-repeat: tasks=32 repeat=17 ticks=952545
job-mix-repeat: tasks=32 repeat=18 ticks=953770
job-mix-repeat: tasks=32 repeat=19 ticks=949488
job-mix-repeat: tasks=32 repeat=20 ticks=963185
job-mix: tasks=32 jobs=4096 repeats=21 ticks_min=944730 ticks_median=953770 ticks_max=966498 jpm_median=1030688
job-mix-kind: tasks=32 kind=compute jobs=10752 ticks=31124359 per_job=2894 region_ticks=0
job-mix-kind: tasks=32 kind=touch jobs=10752 ticks=9974228 per_job=927 region_ticks=0
job-mix-kind: tasks=32 kind=null_syscall jobs=10752 ticks=1476138 per_job=137 region_ticks=0
job-mix-kind: tasks=32 kind=yield jobs=10752 ticks=54003476 per_job=5022 region_ticks=0
job-mix-kind: tasks=32 kind=round_trip jobs=21504 ticks=470515242 per_job=21880 region_ticks=0
job-mix-kind: tasks=32 kind=map jobs=10752 ticks=5956197 per_job=553 region_ticks=1902595
job-mix-kind: tasks=32 kind=spawn jobs=10752 ticks=40152648 per_job=3734 region_ticks=2892570
job-mix: done
