
U-Boot SPL 2021.10 (Feb 12 2023 - 18:15:33 +0800)
DDR version: dc2e84f0.
Trying to boot from SPI

OpenSBI v1.2
   ____                    _____ ____ _____
  / __ \                  / ____|  _ \_   _|
 | |  | |_ __   ___ _ __ | (___ | |_) || |
 | |  | | '_ \ / _ \ '_ \ \___ \|  _ < | |
 | |__| | |_) |  __/ | | |____) | |_) || |_
  \____/| .__/ \___|_| |_|_____/|____/_____|
        | |
        |_|

Platform Name             : StarFive VisionFive V2
Platform Features         : medeleg
Platform HART Count       : 5
Platform IPI Device       : aclint-mswi
Platform Timer Device     : aclint-mtimer @ 4000000Hz
Platform Console Device   : uart8250
Platform HSM Device       : jh7110-hsm
Platform PMU Device       : ---
Platform Reboot Device    : pm-reset
Platform Shutdown Device  : pm-reset
Firmware Base             : 0x40000000
Firmware Size             : 292 KB
Runtime SBI Version       : 1.0

Domain0 Name              : root
Domain0 Boot HART         : 1
Domain0 HARTs             : 0*,1*,2*,3*,4*
Domain0 Region00          : 0x0000000002000000-0x000000000200ffff (I)
Domain0 Region01          : 0x0000000040000000-0x000000004007ffff ()
Domain0 Region02          : 0x0000000000000000-0xffffffffffffffff (R,W,X)
Domain0 Next Address      : 0x0000000040200000
Domain0 Next Arg1         : 0x0000000042200000
Domain0 Next Mode         : S-mode
Domain0 SysReset          : yes

Boot HART ID              : 1
Boot HART Domain          : root
Boot HART Priv Version    : v1.11
Boot HART Base ISA        : rv64imafdcbx
Boot HART ISA Extensions  : none
Boot HART PMP Count       : 8
Boot HART PMP Granularity : 4096
Boot HART PMP Address Bits: 34
Boot HART MHPM Count      : 2
Boot HART MIDELEG         : 0x0000000000000222
Boot HART MEDELEG         : 0x000000000000b109


U-Boot 2021.10 (Feb 12 2023 - 18:15:33 +0800), Build: jenkins-VF2_515_Branch_SDK_Release-24

CPU:   rv64imacu
Model: StarFive VisionFive V2
DRAM:  8 GiB
MMC:   sdio0@16010000: 0, sdio1@16020000: 1
Loading Environment from SPIFlash... SF: Detected gd25lq128 with page size 256 Bytes, erase size 4 KiB, total 16 MiB
*** Warning - bad CRC, using default environment

StarFive EEPROM format v2

--------EEPROM INFO--------
Vendor : StarFive Technology Co., Ltd.
Product full SN: VF7110B1-2253-D008E000-00004584
data version: 0x2
PCB revision: 0xb2
BOM revision: A
Ethernet MAC0 address: 6c:cf:39:00:47:2c
Ethernet MAC1 address: 6c:cf:39:00:47:2d
--------EEPROM INFO--------

In:    serial@10000000
Out:   serial@10000000
Err:   serial@10000000
Model: StarFive VisionFive V2
Net:   eth0: ethernet@16030000, eth1: ethernet@16040000
switch to partitions #0, OK
mmc1 is current device
found device 1
bootmode flash device 1
** Invalid partition 3 **
Couldn't find partition mmc 1:3
Can't set block device
** Invalid partition 3 **
Couldn't find partition mmc 1:3
Can't set block device
Hit any key to stop autoboot:  2  1  0 
** Invalid partition 3 **
Couldn't find partition mmc 1:3
Can't set block device
Importing environment from mmc1 ...
## Warning: Input data exceeds 1048576 bytes - truncated
## Info: input data size = 1048578 = 0x100002
** Invalid partition 2 **
Couldn't find partition mmc 1:2
Can't set block device
## Warning: defaulting to text format
## Error: "boot2" not defined
switch to partitions #0, OK
mmc1 is current device
Scanning mmc 1:1...
Found U-Boot script /boot.scr.uimg
1595 bytes read in 8 ms (194.3 KiB/s)
## Executing script at 43900000
nife: boot.scr is driving this boot, milestones 218 and 257
nife: tftp server is 192.168.8.206, setenv nife_boot_server to point somewhere else
ethernet@16030000 Waiting for PHY auto negotiation to complete...... done
BOOTP broadcast 1
BOOTP broadcast 2
DHCP client bound to address 192.168.8.200 (258 ms)
Using ethernet@16030000 device
TFTP from server 192.168.8.206; our IP address is 192.168.8.200
Filename 'nife-vf2.img'.
Load address: 0x40200000
Loading: *#################################################################
	 #################################################################
	 #################################################################
	 ######################
	 7.1 MiB/s
done
Bytes transferred = 3177792 (307d40 hex)
Using ethernet@16030000 device
TFTP from server 192.168.8.206; our IP address is 192.168.8.200
Filename 'nife-initrd.img'.
Load address: 0x90000000
Loading: *#################################################################
	 #################################################################
	 #################################################################
	 #################################################################
	 #################################################################
	 #################################################################
	 #################################################################
	 #################################################################
	 #################################################################
	 #################################################################
	 #################################################################
	 #################################################################
	 ############################################
	 7.2 MiB/s
done
Bytes transferred = 12094976 (b88e00 hex)
nife: payload came from net
Moving Image from 0x40200000 to 0x80200000, end=80507000
## Flattened Device Tree blob at 86000000
   Booting using the fdt blob at 0x86000000
   Using Device Tree in place at 0000000086000000, end 000000008600d41a

Starting kernel ...

clk u5_dw_i2c_clk_core already disabled
clk u5_dw_i2c_clk_apb already disabled

nife on RISC-V (rv64, S-mode, Sv39)
  hart 0 booted: high-half kernel, .bss, and the NS16550 console are up.
  running at  : 0xffffffc0802238fc  (high half: Sv39 paging is on)
  device tree : 0x0000000086000000
  screen      : none (no qemu,fw-cfg-mmio node: this machine has no ramfb to ask for); this console is the UART
  traps       : stvec set; a breakpoint was caught and stepped over (1)
  timer       : 21 ticks in ~0.2s (SBI timer + S-mode interrupt at 100 Hz)
  memory      : device tree parsed, frame allocator up (first frame 0x400a0000)
  smp: 5 core(s) in the device tree, 4 startable
  smp: cpu 0's riscv,isa names user mode and not supervisor: it cannot run this kernel, whatever status and mmu-type claim; not started
  plic: S contexts from the device tree differ from the 2h+1 formula (expected on the JH7110: the disabled S7 shifts every context down one)
  paging      : fine-grained W^X Sv39 tables installed, satp switched (paging on: true)
  isa         : rv64i m a c f d
              : 5 hart(s), mmu sv39 declared and sv39 in use, satp.ASID 0 bits measured; read from the deprecated riscv,isa
  firmware    : OpenSBI 0x10002, SBI 1.0, TIME IPI RFENCE HSM PMU
  cycles      : SBI PMU counter 0, CSR 0xc00, 64 bits
  smp: sbi hsm hart_start (the only mechanism RISC-V defines)
  smp: cpu 0 is not startable by this kernel (disabled, no supervisor
       mode, or an enable-method we do not speak); leaving it alone.
  smp: 4 core(s) online

nife
  isa         : rv64i m a c f d
              : 5 hart(s), mmu sv39 declared and sv39 in use, satp.ASID 0 bits measured; read from the deprecated riscv,isa
  firmware    : OpenSBI 0x10002, SBI 1.0, TIME IPI RFENCE HSM PMU
  stack top       : 0xffffffc080457000
  firmware handoff: 0x0000000086000000  (device tree)
  processors      : 4 online of 5 described, boot cpu hwid 0x1
  memory          : 4096 MiB total, 4072 MiB free (23964 KiB in use)
  console         : NS16550 at 0xffffffc010000000, interrupt line 32
                  : no screen; this console is the UART alone
  interrupts      : PLIC at 0x000000000c000000, this hart's S-mode context 2
  timer           : 100 Hz tick, counter at 4 MHz, interrupts ON
  initrd          : 12094976 bytes at 0x0000000090000000, a nifefs archive of 104 program(s)
  pcie            : none (this machine describes no host bridge)
  iommu           : none (no riscv-iommu-pci function on this machine's bus)
  mmu             : Sv39 on, fine-grained W^X tables installed, one satp, kernel high half at 0xffffffc000000000
                  : kernel root 0x00000000400a1000, live satp root 0x00000000400a1000
  scheduler       : 5 thread(s), round robin, preemptive
nife machine: riscv64, 4 processor(s), 4096 MiB, 100 Hz
  self-test       : exceptions ok      a breakpoint was caught and stepped over (1)
  self-test       : mapping    ok      0xffffffc180000000 -> 0x408cc000, read back 0xc0ffee, unmapped
  self-test       : frames     ok      one frame out and back at 0x408cc000; used 5993 -> Some(5994) -> Some(5993)
  self-test       : timer      ok      the 4MHz counter advanced 80001 and 2 tick(s) arrived in ~20ms
  self-test       : scheduler  ok      thread 5 ran and carried its captured state (0x268026802680268)
nife self-test: 5 of 5 passed
  user address space : process satp activated (kernel half shared), user 0x400000 -> Some((408e0000, Flags(3)))
  userspace   : a program was started at U-mode (yield/yield/exit via ecall)
  user ELF    : an archive; the progenitor composes this machine's userspace at the handoff below
  preemption  : two never-yield threads ran 7283163 and 6573074 iterations, 81 preemptions (a thread that refuses to yield is preempted anyway)
  uart irq    : source 32 (machine description)
  device IRQ  : userspace driver started (holds an Irq cap + a UART mapping); pipe a byte to see it
  virtio      : no block device attached (pass NIFE_DISK to attach one)
  pcie        : no virtio-blk on the bus (pass NIFE_DISK to attach one)
  hw clock    : JH7110 STG CRG at 0x10230000 (named by this machine's device tree): clocks 0x00000000,0x00000000 -> 0x80000000,0x80000000 (running); reset 3 assert 0x007ffffe -> 0x007ffff6, status 0x00000009 (released, 1 polls)
  capability slots: 2 of 64 at peak
  hw entropy  : JH7110 TRNG at 0x1600c000 served 32+32 bytes to a client through a capability that names no device; first draw 0afc4516.., second differs; STAT after init 0x00040308 (256-bit: all eight RAND words are the answer); since the pcie line 20882 us, of which bring-up 560 us (window mapped, driver spawned, reseed, first generation; the hw clock line's own console time excluded) and 64 bytes in 66 us (966037 bytes/s over 8 round trips)
nife: the capability core runs on RISC-V.

job-mix: started 32 tasks and 2 servers on 4 online core(s), cntfrq=4000000 Hz
job-mix: one job is one of 7 kinds (16 per round, 8 rounds per task per subrun); see crates/job_mix for the mix and what it deliberately leaves out
  capability slots: 6 of 64 at peak
job-mix: this measures THIS kernel under multi-tasking load; it compares nothing against an event kernel and does not decide design/decisions/0096-process-kernel-or-event-kernel.md
job-mix: each point is the median of 21 repeats, with the fastest and slowest beside it (since 2026-09-19); a transcript before that date printed the best of 3 as ticks= and jpm=, which is a different statistic from a different mix and is not comparable with jpm_median=
job-mix-census: where the kernel placed each thread at spawn: S=echo server, T=task
job-mix-census: core=1 threads=8 T2 T8 T9 T16 T18 T23 T28 T30
job-mix-census: core=2 threads=9 T1 T3 T4 T10 T17 T20 T24 T25 T27
job-mix-census: core=3 threads=9 S0 T5 T11 T12 T14 T21 T22 T29 T31
job-mix-census: core=4 threads=8 S1 T0 T6 T7 T13 T15 T19 T26
job-mix-census: placement decides throughput on real silicon by up to fifteenfold (notes/soak.md, milestone 240), so a jobs-per-minute figure from ONE boot is a draw and not a result; notes/job-mix.md's procedure asks for repeated boots
  capability slots: 9 of 64 at peak
job-mix-repeat: tasks=1 repeat=0 ticks=108720
job-mix-repeat: tasks=1 repeat=1 ticks=96556
job-mix-repeat: tasks=1 repeat=2 ticks=96596
job-mix-repeat: tasks=1 repeat=3 ticks=96400
job-mix-repeat: tasks=1 repeat=4 ticks=96589
job-mix-repeat: tasks=1 repeat=5 ticks=96536
job-mix-repeat: tasks=1 repeat=6 ticks=96547
job-mix-repeat: tasks=1 repeat=7 ticks=96507
job-mix-repeat: tasks=1 repeat=8 ticks=96547
job-mix-repeat: tasks=1 repeat=9 ticks=96407
job-mix-repeat: tasks=1 repeat=10 ticks=96439
job-mix-repeat: tasks=1 repeat=11 ticks=96585
job-mix-repeat: tasks=1 repeat=12 ticks=96401
job-mix-repeat: tasks=1 repeat=13 ticks=96534
job-mix-repeat: tasks=1 repeat=14 ticks=96502
job-mix-repeat: tasks=1 repeat=15 ticks=96579
job-mix-repeat: tasks=1 repeat=16 ticks=96664
job-mix-repeat: tasks=1 repeat=17 ticks=96504
job-mix-repeat: tasks=1 repeat=18 ticks=96476
job-mix-repeat: tasks=1 repeat=19 ticks=96576
job-mix-repeat: tasks=1 repeat=20 ticks=96452
job-mix: tasks=1 jobs=128 repeats=21 ticks_min=96400 ticks_median=96536 ticks_max=108720 jpm_median=318223
job-mix-kind: tasks=1 kind=compute jobs=336 ticks=809494 per_job=2409 region_ticks=0
job-mix-kind: tasks=1 kind=touch jobs=336 ticks=263335 per_job=783 region_ticks=0
job-mix-kind: tasks=1 kind=null_syscall jobs=336 ticks=37088 per_job=110 region_ticks=0
job-mix-kind: tasks=1 kind=yield jobs=336 ticks=33632 per_job=100 region_ticks=0
job-mix-kind: tasks=1 kind=round_trip jobs=672 ticks=362726 per_job=539 region_ticks=0
job-mix-kind: tasks=1 kind=map jobs=336 ticks=124647 per_job=370 region_ticks=40012
job-mix-kind: tasks=1 kind=spawn jobs=336 ticks=401450 per_job=1194 region_ticks=64704
job-mix-repeat: tasks=2 repeat=0 ticks=106463
job-mix-repeat: tasks=2 repeat=1 ticks=106684
job-mix-repeat: tasks=2 repeat=2 ticks=106204
job-mix-repeat: tasks=2 repeat=3 ticks=105826
job-mix-repeat: tasks=2 repeat=4 ticks=106064
job-mix-repeat: tasks=2 repeat=5 ticks=106268
job-mix-repeat: tasks=2 repeat=6 ticks=105333
job-mix-repeat: tasks=2 repeat=7 ticks=106202
job-mix-repeat: tasks=2 repeat=8 ticks=105270
job-mix-repeat: tasks=2 repeat=9 ticks=106019
job-mix-repeat: tasks=2 repeat=10 ticks=105309
job-mix-repeat: tasks=2 repeat=11 ticks=104945
job-mix-repeat: tasks=2 repeat=12 ticks=105927
job-mix-repeat: tasks=2 repeat=13 ticks=105535
job-mix-repeat: tasks=2 repeat=14 ticks=105947
job-mix-repeat: tasks=2 repeat=15 ticks=105719
job-mix-repeat: tasks=2 repeat=16 ticks=105982
job-mix-repeat: tasks=2 repeat=17 ticks=106122
job-mix-repeat: tasks=2 repeat=18 ticks=106380
job-mix-repeat: tasks=2 repeat=19 ticks=105149
job-mix-repeat: tasks=2 repeat=20 ticks=105366
job-mix: tasks=2 jobs=256 repeats=21 ticks_min=104945 ticks_median=105947 ticks_max=106684 jpm_median=579912
job-mix-kind: tasks=2 kind=compute jobs=672 ticks=1655211 per_job=2463 region_ticks=0
job-mix-kind: tasks=2 kind=touch jobs=672 ticks=527864 per_job=785 region_ticks=0
job-mix-kind: tasks=2 kind=null_syscall jobs=672 ticks=78841 per_job=117 region_ticks=0
job-mix-kind: tasks=2 kind=yield jobs=672 ticks=82376 per_job=122 region_ticks=0
job-mix-kind: tasks=2 kind=round_trip jobs=1344 ticks=911688 per_job=678 region_ticks=0
job-mix-kind: tasks=2 kind=map jobs=672 ticks=286597 per_job=426 region_ticks=92790
job-mix-kind: tasks=2 kind=spawn jobs=672 ticks=871567 per_job=1296 region_ticks=147324
job-mix-repeat: tasks=4 repeat=0 ticks=134223
job-mix-repeat: tasks=4 repeat=1 ticks=129822
job-mix-repeat: tasks=4 repeat=2 ticks=122854
job-mix-repeat: tasks=4 repeat=3 ticks=130065
job-mix-repeat: tasks=4 repeat=4 ticks=130142
job-mix-repeat: tasks=4 repeat=5 ticks=127287
job-mix-repeat: tasks=4 repeat=6 ticks=131968
job-mix-repeat: tasks=4 repeat=7 ticks=130962
job-mix-repeat: tasks=4 repeat=8 ticks=127230
job-mix-repeat: tasks=4 repeat=9 ticks=129650
job-mix-repeat: tasks=4 repeat=10 ticks=127434
job-mix-repeat: tasks=4 repeat=11 ticks=132266
job-mix-repeat: tasks=4 repeat=12 ticks=130298
job-mix-repeat: tasks=4 repeat=13 ticks=131829
job-mix-repeat: tasks=4 repeat=14 ticks=131801
job-mix-repeat: tasks=4 repeat=15 ticks=133720
job-mix-repeat: tasks=4 repeat=16 ticks=131283
job-mix-repeat: tasks=4 repeat=17 ticks=132947
job-mix-repeat: tasks=4 repeat=18 ticks=129679
job-mix-repeat: tasks=4 repeat=19 ticks=132134
job-mix-repeat: tasks=4 repeat=20 ticks=129943
job-mix: tasks=4 jobs=512 repeats=21 ticks_min=122854 ticks_median=130298 ticks_max=134223 jpm_median=943068
job-mix-kind: tasks=4 kind=compute jobs=1344 ticks=3408613 per_job=2536 region_ticks=0
job-mix-kind: tasks=4 kind=touch jobs=1344 ticks=1100226 per_job=818 region_ticks=0
job-mix-kind: tasks=4 kind=null_syscall jobs=1344 ticks=171548 per_job=127 region_ticks=0
job-mix-kind: tasks=4 kind=yield jobs=1344 ticks=259056 per_job=192 region_ticks=0
job-mix-kind: tasks=4 kind=round_trip jobs=2688 ticks=2940785 per_job=1094 region_ticks=0
job-mix-kind: tasks=4 kind=map jobs=1344 ticks=623831 per_job=464 region_ticks=205660
job-mix-kind: tasks=4 kind=spawn jobs=1344 ticks=1899730 per_job=1413 region_ticks=319633
job-mix-repeat: tasks=8 repeat=0 ticks=242363
job-mix-repeat: tasks=8 repeat=1 ticks=247741
job-mix-repeat: tasks=8 repeat=2 ticks=254718
job-mix-repeat: tasks=8 repeat=3 ticks=245180
job-mix-repeat: tasks=8 repeat=4 ticks=255865
job-mix-repeat: tasks=8 repeat=5 ticks=247149
job-mix-repeat: tasks=8 repeat=6 ticks=251963
job-mix-repeat: tasks=8 repeat=7 ticks=252512
job-mix-repeat: tasks=8 repeat=8 ticks=242101
job-mix-repeat: tasks=8 repeat=9 ticks=244191
job-mix-repeat: tasks=8 repeat=10 ticks=244455
job-mix-repeat: tasks=8 repeat=11 ticks=253470
job-mix-repeat: tasks=8 repeat=12 ticks=242377
job-mix-repeat: tasks=8 repeat=13 ticks=246004
job-mix-repeat: tasks=8 repeat=14 ticks=242940
job-mix-repeat: tasks=8 repeat=15 ticks=244258
job-mix-repeat: tasks=8 repeat=16 ticks=243986
job-mix-repeat: tasks=8 repeat=17 ticks=244959
job-mix-repeat: tasks=8 repeat=18 ticks=245394
job-mix-repeat: tasks=8 repeat=19 ticks=249934
job-mix-repeat: tasks=8 repeat=20 ticks=245264
job-mix: tasks=8 jobs=1024 repeats=21 ticks_min=242101 ticks_median=245264 ticks_max=255865 jpm_median=1002022
job-mix-kind: tasks=8 kind=compute jobs=2688 ticks=7181063 per_job=2671 region_ticks=0
job-mix-kind: tasks=8 kind=touch jobs=2688 ticks=2336511 per_job=869 region_ticks=0
job-mix-kind: tasks=8 kind=null_syscall jobs=2688 ticks=355259 per_job=132 region_ticks=0
job-mix-kind: tasks=8 kind=yield jobs=2688 ticks=3058236 per_job=1137 region_ticks=0
job-mix-kind: tasks=8 kind=round_trip jobs=5376 ticks=17383244 per_job=3233 region_ticks=0
job-mix-kind: tasks=8 kind=map jobs=2688 ticks=1331601 per_job=495 region_ticks=429958
job-mix-kind: tasks=8 kind=spawn jobs=2688 ticks=6640463 per_job=2470 region_ticks=671740
job-mix-repeat: tasks=16 repeat=0 ticks=485855
job-mix-repeat: tasks=16 repeat=1 ticks=490424
job-mix-repeat: tasks=16 repeat=2 ticks=486167
job-mix-repeat: tasks=16 repeat=3 ticks=485182
job-mix-repeat: tasks=16 repeat=4 ticks=482476
job-mix-repeat: tasks=16 repeat=5 ticks=485941
job-mix-repeat: tasks=16 repeat=6 ticks=487715
job-mix-repeat: tasks=16 repeat=7 ticks=487012
job-mix-repeat: tasks=16 repeat=8 ticks=496191
job-mix-repeat: tasks=16 repeat=9 ticks=491880
job-mix-repeat: tasks=16 repeat=10 ticks=491718
job-mix-repeat: tasks=16 repeat=11 ticks=481017
job-mix-repeat: tasks=16 repeat=12 ticks=490689
job-mix-repeat: tasks=16 repeat=13 ticks=481656
job-mix-repeat: tasks=16 repeat=14 ticks=485970
job-mix-repeat: tasks=16 repeat=15 ticks=486896
job-mix-repeat: tasks=16 repeat=16 ticks=481383
job-mix-repeat: tasks=16 repeat=17 ticks=485189
job-mix-repeat: tasks=16 repeat=18 ticks=483513
job-mix-repeat: tasks=16 repeat=19 ticks=483230
job-mix-repeat: tasks=16 repeat=20 ticks=493238
job-mix: tasks=16 jobs=2048 repeats=21 ticks_min=481017 ticks_median=485970 ticks_max=496191 jpm_median=1011420
job-mix-kind: tasks=16 kind=compute jobs=5376 ticks=15111857 per_job=2810 region_ticks=0
job-mix-kind: tasks=16 kind=touch jobs=5376 ticks=4853237 per_job=902 region_ticks=0
job-mix-kind: tasks=16 kind=null_syscall jobs=5376 ticks=749664 per_job=139 region_ticks=0
job-mix-kind: tasks=16 kind=yield jobs=5376 ticks=16532812 per_job=3075 region_ticks=0
job-mix-kind: tasks=16 kind=round_trip jobs=10752 ticks=95201503 per_job=8854 region_ticks=0
job-mix-kind: tasks=16 kind=map jobs=5376 ticks=2768276 per_job=514 region_ticks=896973
job-mix-kind: tasks=16 kind=spawn jobs=5376 ticks=16943986 per_job=3151 region_ticks=1404826
job-mix-repeat: tasks=32 repeat=0 ticks=972432
job-mix-repeat: tasks=32 repeat=1 ticks=956827
job-mix-repeat: tasks=32 repeat=2 ticks=955048
job-mix-repeat: tasks=32 repeat=3 ticks=969734
job-mix-repeat: tasks=32 repeat=4 ticks=956869
job-mix-repeat: tasks=32 repeat=5 ticks=962822
job-mix-repeat: tasks=32 repeat=6 ticks=957754
job-mix-repeat: tasks=32 repeat=7 ticks=966878
job-mix-repeat: tasks=32 repeat=8 ticks=964352
job-mix-repeat: tasks=32 repeat=9 ticks=962899
job-mix-repeat: tasks=32 repeat=10 ticks=958027
job-mix-repeat: tasks=32 repeat=11 ticks=963585
job-mix-repeat: tasks=32 repeat=12 ticks=958438
job-mix-repeat: tasks=32 repeat=13 ticks=963987
job-mix-repeat: tasks=32 repeat=14 ticks=975743
job-mix-repeat: tasks=32 repeat=15 ticks=961511
job-mix-repeat: tasks=32 repeat=16 ticks=956315
job-mix-repeat: tasks=32 repeat=17 ticks=968972
job-mix-repeat: tasks=32 repeat=18 ticks=965793
job-mix-repeat: tasks=32 repeat=19 ticks=964500
job-mix-repeat: tasks=32 repeat=20 ticks=958496
job-mix: tasks=32 jobs=4096 repeats=21 ticks_min=955048 ticks_median=962899 ticks_max=975743 jpm_median=1020917
job-mix-kind: tasks=32 kind=compute jobs=10752 ticks=31184674 per_job=2900 region_ticks=0
job-mix-kind: tasks=32 kind=touch jobs=10752 ticks=10000730 per_job=930 region_ticks=0
job-mix-kind: tasks=32 kind=null_syscall jobs=10752 ticks=1566806 per_job=145 region_ticks=0
job-mix-kind: tasks=32 kind=yield jobs=10752 ticks=54926682 per_job=5108 region_ticks=0
job-mix-kind: tasks=32 kind=round_trip jobs=21504 ticks=475445192 per_job=22109 region_ticks=0
job-mix-kind: tasks=32 kind=map jobs=10752 ticks=5987683 per_job=556 region_ticks=1947253
job-mix-kind: tasks=32 kind=spawn jobs=10752 ticks=39828538 per_job=3704 region_ticks=2914724
job-mix: done
