
U-Boot SPL 2021.10 (Feb 12 2023 - 18:15:33 +0800)
DDR version: dc2e84f0.
Trying to boot from SPI

OpenSBI v1.2
   ____                    _____ ____ _____
  / __ \                  / ____|  _ \_   _|
 | |  | |_ __   ___ _ __ | (___ | |_) || |
 | |  | | '_ \ / _ \ '_ \ \___ \|  _ < | |
 | |__| | |_) |  __/ | | |____) | |_) || |_
  \____/| .__/ \___|_| |_|_____/|____/_____|
        | |
        |_|

Platform Name             : StarFive VisionFive V2
Platform Features         : medeleg
Platform HART Count       : 5
Platform IPI Device       : aclint-mswi
Platform Timer Device     : aclint-mtimer @ 4000000Hz
Platform Console Device   : uart8250
Platform HSM Device       : jh7110-hsm
Platform PMU Device       : ---
Platform Reboot Device    : pm-reset
Platform Shutdown Device  : pm-reset
Firmware Base             : 0x40000000
Firmware Size             : 292 KB
Runtime SBI Version       : 1.0

Domain0 Name              : root
Domain0 Boot HART         : 1
Domain0 HARTs             : 0*,1*,2*,3*,4*
Domain0 Region00          : 0x0000000002000000-0x000000000200ffff (I)
Domain0 Region01          : 0x0000000040000000-0x000000004007ffff ()
Domain0 Region02          : 0x0000000000000000-0xffffffffffffffff (R,W,X)
Domain0 Next Address      : 0x0000000040200000
Domain0 Next Arg1         : 0x0000000042200000
Domain0 Next Mode         : S-mode
Domain0 SysReset          : yes

Boot HART ID              : 1
Boot HART Domain          : root
Boot HART Priv Version    : v1.11
Boot HART Base ISA        : rv64imafdcbx
Boot HART ISA Extensions  : none
Boot HART PMP Count       : 8
Boot HART PMP Granularity : 4096
Boot HART PMP Address Bits: 34
Boot HART MHPM Count      : 2
Boot HART MIDELEG         : 0x0000000000000222
Boot HART MEDELEG         : 0x000000000000b109


U-Boot 2021.10 (Feb 12 2023 - 18:15:33 +0800), Build: jenkins-VF2_515_Branch_SDK_Release-24

CPU:   rv64imacu
Model: StarFive VisionFive V2
DRAM:  8 GiB
MMC:   sdio0@16010000: 0, sdio1@16020000: 1
Loading Environment from SPIFlash... SF: Detected gd25lq128 with page size 256 Bytes, erase size 4 KiB, total 16 MiB
*** Warning - bad CRC, using default environment

StarFive EEPROM format v2

--------EEPROM INFO--------
Vendor : StarFive Technology Co., Ltd.
Product full SN: VF7110B1-2253-D008E000-00004584
data version: 0x2
PCB revision: 0xb2
BOM revision: A
Ethernet MAC0 address: 6c:cf:39:00:47:2c
Ethernet MAC1 address: 6c:cf:39:00:47:2d
--------EEPROM INFO--------

In:    serial@10000000
Out:   serial@10000000
Err:   serial@10000000
Model: StarFive VisionFive V2
Net:   eth0: ethernet@16030000, eth1: ethernet@16040000
switch to partitions #0, OK
mmc1 is current device
found device 1
bootmode flash device 1
** Invalid partition 3 **
Couldn't find partition mmc 1:3
Can't set block device
** Invalid partition 3 **
Couldn't find partition mmc 1:3
Can't set block device
Hit any key to stop autoboot:  2  1  0 
** Invalid partition 3 **
Couldn't find partition mmc 1:3
Can't set block device
Importing environment from mmc1 ...
## Warning: Input data exceeds 1048576 bytes - truncated
## Info: input data size = 1048578 = 0x100002
** Invalid partition 2 **
Couldn't find partition mmc 1:2
Can't set block device
## Warning: defaulting to text format
## Error: "boot2" not defined
switch to partitions #0, OK
mmc1 is current device
Scanning mmc 1:1...
Found U-Boot script /boot.scr.uimg
1595 bytes read in 7 ms (221.7 KiB/s)
## Executing script at 43900000
nife: boot.scr is driving this boot, milestones 218 and 257
nife: tftp server is 192.168.8.206, setenv nife_boot_server to point somewhere else
ethernet@16030000 Waiting for PHY auto negotiation to complete...... done
BOOTP broadcast 1
BOOTP broadcast 2
DHCP client bound to address 192.168.8.200 (258 ms)
Using ethernet@16030000 device
TFTP from server 192.168.8.206; our IP address is 192.168.8.200
Filename 'nife-vf2.img'.
Load address: 0x40200000
Loading: *#################################################################
	 #################################################################
	 #################################################################
	 ###################
	 5.2 MiB/s
done
Bytes transferred = 3128576 (2fbd00 hex)
Using ethernet@16030000 device
TFTP from server 192.168.8.206; our IP address is 192.168.8.200
Filename 'nife-initrd.img'.
Load address: 0x90000000
Loading: *#################################################################
	 #################################################################
	 #################################################################
	 #################################################################
	 #################################################################
	 #################################################################
	 #################################################################
	 #################################################################
	 #################################################################
	 #################################################################
	 #################################################################
	 #################################################################
	 ########
	 6.8 MiB/s
done
Bytes transferred = 11565056 (b07800 hex)
nife: payload came from net
Moving Image from 0x40200000 to 0x80200000, end=804fb000
## Flattened Device Tree blob at 86000000
   Booting using the fdt blob at 0x86000000
   Using Device Tree in place at 0000000086000000, end 000000008600d41a

Starting kernel ...

clk u5_dw_i2c_clk_core already disabled
clk u5_dw_i2c_clk_apb already disabled

nife on RISC-V (rv64, S-mode, Sv39)
  hart 0 booted: high-half kernel, .bss, and the NS16550 console are up.
  running at  : 0xffffffc08021783c  (high half: Sv39 paging is on)
  device tree : 0x0000000086000000
  screen      : none (no qemu,fw-cfg-mmio node: this machine has no ramfb to ask for); this console is the UART
  traps       : stvec set; a breakpoint was caught and stepped over (1)
  timer       : 21 ticks in ~0.2s (SBI timer + S-mode interrupt at 100 Hz)
  memory      : device tree parsed, frame allocator up (first frame 0x400a0000)
  smp: 5 core(s) in the device tree, 4 startable
  smp: cpu 0's riscv,isa names user mode and not supervisor: it cannot run this kernel, whatever status and mmu-type claim; not started
  plic: S contexts from the device tree differ from the 2h+1 formula (expected on the JH7110: the disabled S7 shifts every context down one)
  paging      : fine-grained W^X Sv39 tables installed, satp switched (paging on: true)
  isa         : rv64i m a c f d
              : 5 hart(s), mmu sv39 declared and sv39 in use, satp.ASID 0 bits measured; read from the deprecated riscv,isa
  firmware    : OpenSBI 0x10002, SBI 1.0, TIME IPI RFENCE HSM PMU
  cycles      : SBI PMU counter 0, CSR 0xc00, 64 bits
  smp: sbi hsm hart_start (the only mechanism RISC-V defines)
  smp: cpu 0 is not startable by this kernel (disabled, no supervisor
       mode, or an enable-method we do not speak); leaving it alone.
  smp: 4 core(s) online

nife
  isa         : rv64i m a c f d
              : 5 hart(s), mmu sv39 declared and sv39 in use, satp.ASID 0 bits measured; read from the deprecated riscv,isa
  firmware    : OpenSBI 0x10002, SBI 1.0, TIME IPI RFENCE HSM PMU
  stack top       : 0xffffffc08044b000
  firmware handoff: 0x0000000086000000  (device tree)
  processors      : 4 online of 5 described, boot cpu hwid 0x1
  memory          : 4096 MiB total, 4073 MiB free (23400 KiB in use)
  console         : NS16550 at 0xffffffc010000000, interrupt line 32
                  : no screen; this console is the UART alone
  interrupts      : PLIC at 0x000000000c000000, this hart's S-mode context 2
  timer           : 100 Hz tick, counter at 4 MHz, interrupts ON
  initrd          : 11565056 bytes at 0x0000000090000000, a nifefs archive of 103 program(s)
  pcie            : none (this machine describes no host bridge)
  iommu           : none (no riscv-iommu-pci function on this machine's bus)
  mmu             : Sv39 on, fine-grained W^X tables installed, one satp, kernel high half at 0xffffffc000000000
                  : kernel root 0x00000000400a1000, live satp root 0x00000000400a1000
  scheduler       : 5 thread(s), round robin, preemptive
nife machine: riscv64, 4 processor(s), 4096 MiB, 100 Hz
  self-test       : exceptions ok      a breakpoint was caught and stepped over (1)
  self-test       : mapping    ok      0xffffffc180000000 -> 0x408cc000, read back 0xc0ffee, unmapped
  self-test       : frames     ok      one frame out and back at 0x408cc000; used 5852 -> Some(5853) -> Some(5852)
  self-test       : timer      ok      the 4MHz counter advanced 80001 and 2 tick(s) arrived in ~20ms
  self-test       : scheduler  ok      thread 5 ran and carried its captured state (0x268026802680268)
nife self-test: 5 of 5 passed
  user address space : process satp activated (kernel half shared), user 0x400000 -> Some((408e0000, Flags(3)))
  userspace   : a program was started at U-mode (yield/yield/exit via ecall)
  user ELF    : an archive; the progenitor composes this machine's userspace at the handoff below
  preemption  : two never-yield threads ran 7282021 and 6573817 iterations, 82 preemptions (a thread that refuses to yield is preempted anyway)
  uart irq    : source 32 (machine description)
  device IRQ  : userspace driver started (holds an Irq cap + a UART mapping); pipe a byte to see it
  virtio      : no block device attached (pass NIFE_DISK to attach one)
  pcie        : no virtio-blk on the bus (pass NIFE_DISK to attach one)
  hw clock    : JH7110 STG CRG at 0x10230000 (named by this machine's device tree): clocks 0x00000000,0x00000000 -> 0x80000000,0x80000000 (running); reset 3 assert 0x007ffffe -> 0x007ffff6, status 0x00000009 (released, 1 polls)
  capability slots: 2 of 32 at peak
  hw entropy  : JH7110 TRNG at 0x1600c000 served 32+32 bytes to a client through a capability that names no device; first draw 979641ca.., second differs; STAT after init 0x00040308 (256-bit: all eight RAND words are the answer); since the pcie line 20870 us, of which bring-up 564 us (window mapped, driver spawned, reseed, first generation; the hw clock line's own console time excluded) and 64 bytes in 63 us (1015873 bytes/s over 8 round trips)
nife: the capability core runs on RISC-V.

job-mix: started 32 tasks and 2 servers on 4 online core(s), cntfrq=4000000 Hz
  capability slots: 6 of 32 at peak
job-mix: one job is one of 7 kinds (16 per round, 8 rounds per task per subrun); see crates/job_mix for the mix and what it deliberately leaves out
job-mix: this measures THIS kernel under multi-tasking load; it compares nothing against an event kernel and does not decide design/decisions/0096-process-kernel-or-event-kernel.md
job-mix: each point is the median of 21 repeats, with the fastest and slowest beside it (since 2026-09-19); a transcript before that date printed the best of 3 as ticks= and jpm=, which is a different statistic from a different mix and is not comparable with jpm_median=
job-mix-census: where the kernel placed each thread at spawn: S=echo server, T=task
job-mix-census: core=1 threads=7 T2 T8 T9 T16 T18 T23 T28
job-mix-census: core=2 threads=10 T1 T3 T4 T10 T17 T20 T24 T25 T27 T30
job-mix-census: core=3 threads=8 S0 T5 T11 T12 T14 T21 T22 T29
job-mix-census: core=4 threads=9 S1 T0 T6 T7 T13 T15 T19 T26 T31
job-mix-census: placement decides throughput on real silicon by up to fifteenfold (notes/soak.md, milestone 240), so a jobs-per-minute figure from ONE boot is a draw and not a result; notes/job-mix.md's procedure asks for repeated boots
  capability slots: 9 of 32 at peak
job-mix-repeat: tasks=1 repeat=0 ticks=95144
job-mix-repeat: tasks=1 repeat=1 ticks=94367
job-mix-repeat: tasks=1 repeat=2 ticks=94375
job-mix-repeat: tasks=1 repeat=3 ticks=94230
job-mix-repeat: tasks=1 repeat=4 ticks=94380
job-mix-repeat: tasks=1 repeat=5 ticks=94222
job-mix-repeat: tasks=1 repeat=6 ticks=94258
job-mix-repeat: tasks=1 repeat=7 ticks=94325
job-mix-repeat: tasks=1 repeat=8 ticks=94216
job-mix-repeat: tasks=1 repeat=9 ticks=94100
job-mix-repeat: tasks=1 repeat=10 ticks=94257
job-mix-repeat: tasks=1 repeat=11 ticks=94220
job-mix-repeat: tasks=1 repeat=12 ticks=94126
job-mix-repeat: tasks=1 repeat=13 ticks=94213
job-mix-repeat: tasks=1 repeat=14 ticks=94260
job-mix-repeat: tasks=1 repeat=15 ticks=94208
job-mix-repeat: tasks=1 repeat=16 ticks=94426
job-mix-repeat: tasks=1 repeat=17 ticks=94289
job-mix-repeat: tasks=1 repeat=18 ticks=94200
job-mix-repeat: tasks=1 repeat=19 ticks=94207
job-mix-repeat: tasks=1 repeat=20 ticks=94148
job-mix: tasks=1 jobs=128 repeats=21 ticks_min=94100 ticks_median=94230 ticks_max=95144 jpm_median=326010
job-mix-kind: tasks=1 kind=compute jobs=336 ticks=809560 per_job=2409 region_ticks=0
job-mix-kind: tasks=1 kind=touch jobs=336 ticks=263121 per_job=783 region_ticks=0
job-mix-kind: tasks=1 kind=null_syscall jobs=336 ticks=33280 per_job=99 region_ticks=0
job-mix-kind: tasks=1 kind=yield jobs=336 ticks=27466 per_job=81 region_ticks=0
job-mix-kind: tasks=1 kind=round_trip jobs=672 ticks=323742 per_job=481 region_ticks=0
job-mix-kind: tasks=1 kind=map jobs=336 ticks=118693 per_job=353 region_ticks=36257
job-mix-kind: tasks=1 kind=spawn jobs=336 ticks=397682 per_job=1183 region_ticks=56311
job-mix-repeat: tasks=2 repeat=0 ticks=105062
job-mix-repeat: tasks=2 repeat=1 ticks=105787
job-mix-repeat: tasks=2 repeat=2 ticks=104704
job-mix-repeat: tasks=2 repeat=3 ticks=105067
job-mix-repeat: tasks=2 repeat=4 ticks=104984
job-mix-repeat: tasks=2 repeat=5 ticks=104424
job-mix-repeat: tasks=2 repeat=6 ticks=105418
job-mix-repeat: tasks=2 repeat=7 ticks=104685
job-mix-repeat: tasks=2 repeat=8 ticks=105274
job-mix-repeat: tasks=2 repeat=9 ticks=105664
job-mix-repeat: tasks=2 repeat=10 ticks=105564
job-mix-repeat: tasks=2 repeat=11 ticks=105516
job-mix-repeat: tasks=2 repeat=12 ticks=105342
job-mix-repeat: tasks=2 repeat=13 ticks=105113
job-mix-repeat: tasks=2 repeat=14 ticks=105616
job-mix-repeat: tasks=2 repeat=15 ticks=105297
job-mix-repeat: tasks=2 repeat=16 ticks=105595
job-mix-repeat: tasks=2 repeat=17 ticks=105284
job-mix-repeat: tasks=2 repeat=18 ticks=104385
job-mix-repeat: tasks=2 repeat=19 ticks=104757
job-mix-repeat: tasks=2 repeat=20 ticks=104824
job-mix: tasks=2 jobs=256 repeats=21 ticks_min=104385 ticks_median=105274 ticks_max=105787 jpm_median=583619
job-mix-kind: tasks=2 kind=compute jobs=672 ticks=1652897 per_job=2459 region_ticks=0
job-mix-kind: tasks=2 kind=touch jobs=672 ticks=529957 per_job=788 region_ticks=0
job-mix-kind: tasks=2 kind=null_syscall jobs=672 ticks=78812 per_job=117 region_ticks=0
job-mix-kind: tasks=2 kind=yield jobs=672 ticks=68353 per_job=101 region_ticks=0
job-mix-kind: tasks=2 kind=round_trip jobs=1344 ticks=880300 per_job=654 region_ticks=0
job-mix-kind: tasks=2 kind=map jobs=672 ticks=284952 per_job=424 region_ticks=82624
job-mix-kind: tasks=2 kind=spawn jobs=672 ticks=892021 per_job=1327 region_ticks=130700
job-mix-repeat: tasks=4 repeat=0 ticks=133882
job-mix-repeat: tasks=4 repeat=1 ticks=133706
job-mix-repeat: tasks=4 repeat=2 ticks=131275
job-mix-repeat: tasks=4 repeat=3 ticks=132286
job-mix-repeat: tasks=4 repeat=4 ticks=131045
job-mix-repeat: tasks=4 repeat=5 ticks=130935
job-mix-repeat: tasks=4 repeat=6 ticks=135626
job-mix-repeat: tasks=4 repeat=7 ticks=134245
job-mix-repeat: tasks=4 repeat=8 ticks=131479
job-mix-repeat: tasks=4 repeat=9 ticks=131502
job-mix-repeat: tasks=4 repeat=10 ticks=130340
job-mix-repeat: tasks=4 repeat=11 ticks=134919
job-mix-repeat: tasks=4 repeat=12 ticks=133874
job-mix-repeat: tasks=4 repeat=13 ticks=131629
job-mix-repeat: tasks=4 repeat=14 ticks=134185
job-mix-repeat: tasks=4 repeat=15 ticks=131145
job-mix-repeat: tasks=4 repeat=16 ticks=133340
job-mix-repeat: tasks=4 repeat=17 ticks=131971
job-mix-repeat: tasks=4 repeat=18 ticks=134363
job-mix-repeat: tasks=4 repeat=19 ticks=131643
job-mix-repeat: tasks=4 repeat=20 ticks=133199
job-mix: tasks=4 jobs=512 repeats=21 ticks_min=130340 ticks_median=132286 ticks_max=135626 jpm_median=928896
job-mix-kind: tasks=4 kind=compute jobs=1344 ticks=3425851 per_job=2548 region_ticks=0
job-mix-kind: tasks=4 kind=touch jobs=1344 ticks=1111484 per_job=826 region_ticks=0
job-mix-kind: tasks=4 kind=null_syscall jobs=1344 ticks=199613 per_job=148 region_ticks=0
job-mix-kind: tasks=4 kind=yield jobs=1344 ticks=240020 per_job=178 region_ticks=0
job-mix-kind: tasks=4 kind=round_trip jobs=2688 ticks=2945555 per_job=1095 region_ticks=0
job-mix-kind: tasks=4 kind=map jobs=1344 ticks=677029 per_job=503 region_ticks=185157
job-mix-kind: tasks=4 kind=spawn jobs=1344 ticks=1976347 per_job=1470 region_ticks=280925
job-mix-repeat: tasks=8 repeat=0 ticks=249852
job-mix-repeat: tasks=8 repeat=1 ticks=249420
job-mix-repeat: tasks=8 repeat=2 ticks=245084
job-mix-repeat: tasks=8 repeat=3 ticks=248802
job-mix-repeat: tasks=8 repeat=4 ticks=239697
job-mix-repeat: tasks=8 repeat=5 ticks=241154
job-mix-repeat: tasks=8 repeat=6 ticks=246531
job-mix-repeat: tasks=8 repeat=7 ticks=252482
job-mix-repeat: tasks=8 repeat=8 ticks=254801
job-mix-repeat: tasks=8 repeat=9 ticks=244964
job-mix-repeat: tasks=8 repeat=10 ticks=251290
job-mix-repeat: tasks=8 repeat=11 ticks=246110
job-mix-repeat: tasks=8 repeat=12 ticks=245971
job-mix-repeat: tasks=8 repeat=13 ticks=251977
job-mix-repeat: tasks=8 repeat=14 ticks=251310
job-mix-repeat: tasks=8 repeat=15 ticks=258876
job-mix-repeat: tasks=8 repeat=16 ticks=254851
job-mix-repeat: tasks=8 repeat=17 ticks=245684
job-mix-repeat: tasks=8 repeat=18 ticks=247345
job-mix-repeat: tasks=8 repeat=19 ticks=242382
job-mix-repeat: tasks=8 repeat=20 ticks=250853
job-mix: tasks=8 jobs=1024 repeats=21 ticks_min=239697 ticks_median=248802 ticks_max=258876 jpm_median=987773
job-mix-kind: tasks=8 kind=compute jobs=2688 ticks=7235320 per_job=2691 region_ticks=0
job-mix-kind: tasks=8 kind=touch jobs=2688 ticks=2371802 per_job=882 region_ticks=0
job-mix-kind: tasks=8 kind=null_syscall jobs=2688 ticks=418875 per_job=155 region_ticks=0
job-mix-kind: tasks=8 kind=yield jobs=2688 ticks=3077007 per_job=1144 region_ticks=0
job-mix-kind: tasks=8 kind=round_trip jobs=5376 ticks=17459589 per_job=3247 region_ticks=0
job-mix-kind: tasks=8 kind=map jobs=2688 ticks=1458729 per_job=542 region_ticks=385686
job-mix-kind: tasks=8 kind=spawn jobs=2688 ticks=6738060 per_job=2506 region_ticks=573069
job-mix-repeat: tasks=16 repeat=0 ticks=488484
job-mix-repeat: tasks=16 repeat=1 ticks=493683
job-mix-repeat: tasks=16 repeat=2 ticks=492635
job-mix-repeat: tasks=16 repeat=3 ticks=498067
job-mix-repeat: tasks=16 repeat=4 ticks=496476
job-mix-repeat: tasks=16 repeat=5 ticks=492941
job-mix-repeat: tasks=16 repeat=6 ticks=496677
job-mix-repeat: tasks=16 repeat=7 ticks=494078
job-mix-repeat: tasks=16 repeat=8 ticks=494342
job-mix-repeat: tasks=16 repeat=9 ticks=493129
job-mix-repeat: tasks=16 repeat=10 ticks=489474
job-mix-repeat: tasks=16 repeat=11 ticks=495423
job-mix-repeat: tasks=16 repeat=12 ticks=487335
job-mix-repeat: tasks=16 repeat=13 ticks=497062
job-mix-repeat: tasks=16 repeat=14 ticks=492686
job-mix-repeat: tasks=16 repeat=15 ticks=490382
job-mix-repeat: tasks=16 repeat=16 ticks=491817
job-mix-repeat: tasks=16 repeat=17 ticks=497599
job-mix-repeat: tasks=16 repeat=18 ticks=494640
job-mix-repeat: tasks=16 repeat=19 ticks=492995
job-mix-repeat: tasks=16 repeat=20 ticks=492630
job-mix: tasks=16 jobs=2048 repeats=21 ticks_min=487335 ticks_median=493129 ticks_max=498067 jpm_median=996737
job-mix-kind: tasks=16 kind=compute jobs=5376 ticks=15188963 per_job=2825 region_ticks=0
job-mix-kind: tasks=16 kind=touch jobs=5376 ticks=4937238 per_job=918 region_ticks=0
job-mix-kind: tasks=16 kind=null_syscall jobs=5376 ticks=897754 per_job=166 region_ticks=0
job-mix-kind: tasks=16 kind=yield jobs=5376 ticks=16517311 per_job=3072 region_ticks=0
job-mix-kind: tasks=16 kind=round_trip jobs=10752 ticks=96913790 per_job=9013 region_ticks=0
job-mix-kind: tasks=16 kind=map jobs=5376 ticks=3050722 per_job=567 region_ticks=786255
job-mix-kind: tasks=16 kind=spawn jobs=5376 ticks=17608284 per_job=3275 region_ticks=1215000
job-mix-repeat: tasks=32 repeat=0 ticks=987058
job-mix-repeat: tasks=32 repeat=1 ticks=984890
job-mix-repeat: tasks=32 repeat=2 ticks=991749
job-mix-repeat: tasks=32 repeat=3 ticks=982534
job-mix-repeat: tasks=32 repeat=4 ticks=976051
job-mix-repeat: tasks=32 repeat=5 ticks=982605
job-mix-repeat: tasks=32 repeat=6 ticks=988714
job-mix-repeat: tasks=32 repeat=7 ticks=986827
job-mix-repeat: tasks=32 repeat=8 ticks=991415
job-mix-repeat: tasks=32 repeat=9 ticks=985020
job-mix-repeat: tasks=32 repeat=10 ticks=985872
job-mix-repeat: tasks=32 repeat=11 ticks=986529
job-mix-repeat: tasks=32 repeat=12 ticks=980466
job-mix-repeat: tasks=32 repeat=13 ticks=979702
job-mix-repeat: tasks=32 repeat=14 ticks=985010
job-mix-repeat: tasks=32 repeat=15 ticks=983619
job-mix-repeat: tasks=32 repeat=16 ticks=977698
job-mix-repeat: tasks=32 repeat=17 ticks=977037
job-mix-repeat: tasks=32 repeat=18 ticks=988771
job-mix-repeat: tasks=32 repeat=19 ticks=979976
job-mix-repeat: tasks=32 repeat=20 ticks=981936
job-mix: tasks=32 jobs=4096 repeats=21 ticks_min=976051 ticks_median=984890 ticks_max=991749 jpm_median=998121
job-mix-kind: tasks=32 kind=compute jobs=10752 ticks=31251741 per_job=2906 region_ticks=0
job-mix-kind: tasks=32 kind=touch jobs=10752 ticks=10172785 per_job=946 region_ticks=0
job-mix-kind: tasks=32 kind=null_syscall jobs=10752 ticks=1833065 per_job=170 region_ticks=0
job-mix-kind: tasks=32 kind=yield jobs=10752 ticks=55542425 per_job=5165 region_ticks=0
job-mix-kind: tasks=32 kind=round_trip jobs=21504 ticks=485155735 per_job=22561 region_ticks=0
job-mix-kind: tasks=32 kind=map jobs=10752 ticks=6577675 per_job=611 region_ticks=1747207
job-mix-kind: tasks=32 kind=spawn jobs=10752 ticks=41326459 per_job=3843 region_ticks=2548650
job-mix: done
