
U-Boot SPL 2021.10 (Feb 12 2023 - 18:15:33 +0800)
DDR version: dc2e84f0.
Trying to boot from SPI

OpenSBI v1.2
   ____                    _____ ____ _____
  / __ \                  / ____|  _ \_   _|
 | |  | |_ __   ___ _ __ | (___ | |_) || |
 | |  | | '_ \ / _ \ '_ \ \___ \|  _ < | |
 | |__| | |_) |  __/ | | |____) | |_) || |_
  \____/| .__/ \___|_| |_|_____/|____/_____|
        | |
        |_|

Platform Name             : StarFive VisionFive V2
Platform Features         : medeleg
Platform HART Count       : 5
Platform IPI Device       : aclint-mswi
Platform Timer Device     : aclint-mtimer @ 4000000Hz
Platform Console Device   : uart8250
Platform HSM Device       : jh7110-hsm
Platform PMU Device       : ---
Platform Reboot Device    : pm-reset
Platform Shutdown Device  : pm-reset
Firmware Base             : 0x40000000
Firmware Size             : 292 KB
Runtime SBI Version       : 1.0

Domain0 Name              : root
Domain0 Boot HART         : 1
Domain0 HARTs             : 0*,1*,2*,3*,4*
Domain0 Region00          : 0x0000000002000000-0x000000000200ffff (I)
Domain0 Region01          : 0x0000000040000000-0x000000004007ffff ()
Domain0 Region02          : 0x0000000000000000-0xffffffffffffffff (R,W,X)
Domain0 Next Address      : 0x0000000040200000
Domain0 Next Arg1         : 0x0000000042200000
Domain0 Next Mode         : S-mode
Domain0 SysReset          : yes

Boot HART ID              : 1
Boot HART Domain          : root
Boot HART Priv Version    : v1.11
Boot HART Base ISA        : rv64imafdcbx
Boot HART ISA Extensions  : none
Boot HART PMP Count       : 8
Boot HART PMP Granularity : 4096
Boot HART PMP Address Bits: 34
Boot HART MHPM Count      : 2
Boot HART MIDELEG         : 0x0000000000000222
Boot HART MEDELEG         : 0x000000000000b109


U-Boot 2021.10 (Feb 12 2023 - 18:15:33 +0800), Build: jenkins-VF2_515_Branch_SDK_Release-24

CPU:   rv64imacu
Model: StarFive VisionFive V2
DRAM:  8 GiB
MMC:   sdio0@16010000: 0, sdio1@16020000: 1
Loading Environment from SPIFlash... SF: Detected gd25lq128 with page size 256 Bytes, erase size 4 KiB, total 16 MiB
*** Warning - bad CRC, using default environment

StarFive EEPROM format v2

--------EEPROM INFO--------
Vendor : StarFive Technology Co., Ltd.
Product full SN: VF7110B1-2253-D008E000-00004584
data version: 0x2
PCB revision: 0xb2
BOM revision: A
Ethernet MAC0 address: 6c:cf:39:00:47:2c
Ethernet MAC1 address: 6c:cf:39:00:47:2d
--------EEPROM INFO--------

In:    serial@10000000
Out:   serial@10000000
Err:   serial@10000000
Model: StarFive VisionFive V2
Net:   eth0: ethernet@16030000, eth1: ethernet@16040000
switch to partitions #0, OK
mmc1 is current device
found device 1
bootmode flash device 1
** Invalid partition 3 **
Couldn't find partition mmc 1:3
Can't set block device
** Invalid partition 3 **
Couldn't find partition mmc 1:3
Can't set block device
Hit any key to stop autoboot:  2  1  0 
** Invalid partition 3 **
Couldn't find partition mmc 1:3
Can't set block device
Importing environment from mmc1 ...
## Warning: Input data exceeds 1048576 bytes - truncated
## Info: input data size = 1048578 = 0x100002
** Invalid partition 2 **
Couldn't find partition mmc 1:2
Can't set block device
## Warning: defaulting to text format
## Error: "boot2" not defined
switch to partitions #0, OK
mmc1 is current device
Scanning mmc 1:1...
Found U-Boot script /boot.scr.uimg
1595 bytes read in 7 ms (221.7 KiB/s)
## Executing script at 43900000
nife: boot.scr is driving this boot, milestones 218 and 257
nife: tftp server is 192.168.8.206, setenv nife_boot_server to point somewhere else
ethernet@16030000 Waiting for PHY auto negotiation to complete...... done
BOOTP broadcast 1
BOOTP broadcast 2
DHCP client bound to address 192.168.8.200 (258 ms)
Using ethernet@16030000 device
TFTP from server 192.168.8.206; our IP address is 192.168.8.200
Filename 'nife-vf2.img'.
Load address: 0x40200000
Loading: *#################################################################
	 #################################################################
	 #################################################################
	 ######################
	 6 MiB/s
done
Bytes transferred = 3177792 (307d40 hex)
Using ethernet@16030000 device
TFTP from server 192.168.8.206; our IP address is 192.168.8.200
Filename 'nife-initrd.img'.
Load address: 0x90000000
Loading: *#################################################################
	 #################################################################
	 #################################################################
	 #################################################################
	 #################################################################
	 #################################################################
	 #################################################################
	 #################################################################
	 #################################################################
	 #################################################################
	 #################################################################
	 #################################################################
	 ############################################
	 7.3 MiB/s
done
Bytes transferred = 12094976 (b88e00 hex)
nife: payload came from net
Moving Image from 0x40200000 to 0x80200000, end=80507000
## Flattened Device Tree blob at 86000000
   Booting using the fdt blob at 0x86000000
   Using Device Tree in place at 0000000086000000, end 000000008600d41a

Starting kernel ...

clk u5_dw_i2c_clk_core already disabled
clk u5_dw_i2c_clk_apb already disabled

nife on RISC-V (rv64, S-mode, Sv39)
  hart 0 booted: high-half kernel, .bss, and the NS16550 console are up.
  running at  : 0xffffffc08021bf22  (high half: Sv39 paging is on)
  device tree : 0x0000000086000000
  screen      : none (no qemu,fw-cfg-mmio node: this machine has no ramfb to ask for); this console is the UART
  traps       : stvec set; a breakpoint was caught and stepped over (1)
  timer       : 21 ticks in ~0.2s (SBI timer + S-mode interrupt at 100 Hz)
  memory      : device tree parsed, frame allocator up (first frame 0x400a0000)
  smp: 5 core(s) in the device tree, 4 startable
  smp: cpu 0's riscv,isa names user mode and not supervisor: it cannot run this kernel, whatever status and mmu-type claim; not started
  plic: S contexts from the device tree differ from the 2h+1 formula (expected on the JH7110: the disabled S7 shifts every context down one)
  paging      : fine-grained W^X Sv39 tables installed, satp switched (paging on: true)
  isa         : rv64i m a c f d
              : 5 hart(s), mmu sv39 declared and sv39 in use, satp.ASID 0 bits measured; read from the deprecated riscv,isa
  firmware    : OpenSBI 0x10002, SBI 1.0, TIME IPI RFENCE HSM PMU
  cycles      : SBI PMU counter 0, CSR 0xc00, 64 bits
  smp: sbi hsm hart_start (the only mechanism RISC-V defines)
  smp: cpu 0 is not startable by this kernel (disabled, no supervisor
       mode, or an enable-method we do not speak); leaving it alone.
  smp: 4 core(s) online

nife
  isa         : rv64i m a c f d
              : 5 hart(s), mmu sv39 declared and sv39 in use, satp.ASID 0 bits measured; read from the deprecated riscv,isa
  firmware    : OpenSBI 0x10002, SBI 1.0, TIME IPI RFENCE HSM PMU
  stack top       : 0xffffffc080457000
  firmware handoff: 0x0000000086000000  (device tree)
  processors      : 4 online of 5 described, boot cpu hwid 0x1
  memory          : 4096 MiB total, 4072 MiB free (23964 KiB in use)
  console         : NS16550 at 0xffffffc010000000, interrupt line 32
                  : no screen; this console is the UART alone
  interrupts      : PLIC at 0x000000000c000000, this hart's S-mode context 2
  timer           : 100 Hz tick, counter at 4 MHz, interrupts ON
  initrd          : 12094976 bytes at 0x0000000090000000, a nifefs archive of 104 program(s)
  pcie            : none (this machine describes no host bridge)
  iommu           : none (no riscv-iommu-pci function on this machine's bus)
  mmu             : Sv39 on, fine-grained W^X tables installed, one satp, kernel high half at 0xffffffc000000000
                  : kernel root 0x00000000400a1000, live satp root 0x00000000400a1000
  scheduler       : 5 thread(s), round robin, preemptive
nife machine: riscv64, 4 processor(s), 4096 MiB, 100 Hz
  self-test       : exceptions ok      a breakpoint was caught and stepped over (1)
  self-test       : mapping    ok      0xffffffc180000000 -> 0x408cc000, read back 0xc0ffee, unmapped
  self-test       : frames     ok      one frame out and back at 0x408cc000; used 5993 -> Some(5994) -> Some(5993)
  self-test       : timer      ok      the 4MHz counter advanced 80001 and 2 tick(s) arrived in ~20ms
  self-test       : scheduler  ok      thread 5 ran and carried its captured state (0x268026802680268)
nife self-test: 5 of 5 passed
  user address space : process satp activated (kernel half shared), user 0x400000 -> Some((408e0000, Flags(3)))
  userspace   : a program was started at U-mode (yield/yield/exit via ecall)
  user ELF    : an archive; the progenitor composes this machine's userspace at the handoff below
  preemption  : two never-yield threads ran 4375829 and 10948720 iterations, 81 preemptions (a thread that refuses to yield is preempted anyway)
  uart irq    : source 32 (machine description)
  device IRQ  : userspace driver started (holds an Irq cap + a UART mapping); pipe a byte to see it
  virtio      : no block device attached (pass NIFE_DISK to attach one)
  pcie        : no virtio-blk on the bus (pass NIFE_DISK to attach one)
  hw clock    : JH7110 STG CRG at 0x10230000 (named by this machine's device tree): clocks 0x00000000,0x00000000 -> 0x80000000,0x80000000 (running); reset 3 assert 0x007ffffe -> 0x007ffff6, status 0x00000009 (released, 1 polls)
  capability slots: 2 of 64 at peak
  hw entropy  : JH7110 TRNG at 0x1600c000 served 32+32 bytes to a client through a capability that names no device; first draw 71d07452.., second differs; STAT after init 0x00040308 (256-bit: all eight RAND words are the answer); since the pcie line 20834 us, of which bring-up 553 us (window mapped, driver spawned, reseed, first generation; the hw clock line's own console time excluded) and 64 bytes in 67 us (955223 bytes/s over 8 round trips)
nife: the capability core runs on RISC-V.

job-mix: started 32 tasks and 2 servers on 4 online core(s), cntfrq=4000000 Hz
  capability slots: 6 of 64 at peak
job-mix: one job is one of 7 kinds (16 per round, 8 rounds per task per subrun); see crates/job_mix for the mix and what it deliberately leaves out
job-mix: this measures THIS kernel under multi-tasking load; it compares nothing against an event kernel and does not decide design/decisions/0096-process-kernel-or-event-kernel.md
job-mix: each point is the median of 21 repeats, with the fastest and slowest beside it (since 2026-09-19); a transcript before that date printed the best of 3 as ticks= and jpm=, which is a different statistic from a different mix and is not comparable with jpm_median=
job-mix-census: where the kernel placed each thread at spawn: S=echo server, T=task
job-mix-census: core=1 threads=7 T2 T8 T9 T16 T18 T23 T28
job-mix-census: core=2 threads=10 T1 T3 T4 T10 T17 T20 T24 T27 T29 T31
job-mix-census: core=3 threads=8 S0 T5 T11 T12 T14 T21 T25 T30
job-mix-census: core=4 threads=9 S1 T0 T6 T7 T13 T15 T19 T22 T26
job-mix-census: placement decides throughput on real silicon by up to fifteenfold (notes/soak.md, milestone 240), so a jobs-per-minute figure from ONE boot is a draw and not a result; notes/job-mix.md's procedure asks for repeated boots
  capability slots: 9 of 64 at peak
job-mix-repeat: tasks=1 repeat=0 ticks=97917
job-mix-repeat: tasks=1 repeat=1 ticks=97307
job-mix-repeat: tasks=1 repeat=2 ticks=97403
job-mix-repeat: tasks=1 repeat=3 ticks=97327
job-mix-repeat: tasks=1 repeat=4 ticks=97377
job-mix-repeat: tasks=1 repeat=5 ticks=97327
job-mix-repeat: tasks=1 repeat=6 ticks=97212
job-mix-repeat: tasks=1 repeat=7 ticks=97391
job-mix-repeat: tasks=1 repeat=8 ticks=97343
job-mix-repeat: tasks=1 repeat=9 ticks=97184
job-mix-repeat: tasks=1 repeat=10 ticks=97376
job-mix-repeat: tasks=1 repeat=11 ticks=97313
job-mix-repeat: tasks=1 repeat=12 ticks=97180
job-mix-repeat: tasks=1 repeat=13 ticks=97359
job-mix-repeat: tasks=1 repeat=14 ticks=97310
job-mix-repeat: tasks=1 repeat=15 ticks=97312
job-mix-repeat: tasks=1 repeat=16 ticks=97512
job-mix-repeat: tasks=1 repeat=17 ticks=97351
job-mix-repeat: tasks=1 repeat=18 ticks=97294
job-mix-repeat: tasks=1 repeat=19 ticks=97347
job-mix-repeat: tasks=1 repeat=20 ticks=97146
job-mix: tasks=1 jobs=128 repeats=21 ticks_min=97146 ticks_median=97327 ticks_max=97917 jpm_median=315636
job-mix-kind: tasks=1 kind=compute jobs=336 ticks=809533 per_job=2409 region_ticks=0
job-mix-kind: tasks=1 kind=touch jobs=336 ticks=263487 per_job=784 region_ticks=0
job-mix-kind: tasks=1 kind=null_syscall jobs=336 ticks=39217 per_job=116 region_ticks=0
job-mix-kind: tasks=1 kind=yield jobs=336 ticks=36174 per_job=107 region_ticks=0
job-mix-kind: tasks=1 kind=round_trip jobs=672 ticks=371615 per_job=552 region_ticks=0
job-mix-kind: tasks=1 kind=map jobs=336 ticks=127827 per_job=380 region_ticks=39787
job-mix-kind: tasks=1 kind=spawn jobs=336 ticks=389860 per_job=1160 region_ticks=63750
job-mix-repeat: tasks=2 repeat=0 ticks=105649
job-mix-repeat: tasks=2 repeat=1 ticks=105477
job-mix-repeat: tasks=2 repeat=2 ticks=104818
job-mix-repeat: tasks=2 repeat=3 ticks=105111
job-mix-repeat: tasks=2 repeat=4 ticks=106005
job-mix-repeat: tasks=2 repeat=5 ticks=104669
job-mix-repeat: tasks=2 repeat=6 ticks=105447
job-mix-repeat: tasks=2 repeat=7 ticks=105160
job-mix-repeat: tasks=2 repeat=8 ticks=105369
job-mix-repeat: tasks=2 repeat=9 ticks=105088
job-mix-repeat: tasks=2 repeat=10 ticks=105177
job-mix-repeat: tasks=2 repeat=11 ticks=105276
job-mix-repeat: tasks=2 repeat=12 ticks=105216
job-mix-repeat: tasks=2 repeat=13 ticks=104843
job-mix-repeat: tasks=2 repeat=14 ticks=105289
job-mix-repeat: tasks=2 repeat=15 ticks=105200
job-mix-repeat: tasks=2 repeat=16 ticks=104951
job-mix-repeat: tasks=2 repeat=17 ticks=105369
job-mix-repeat: tasks=2 repeat=18 ticks=105748
job-mix-repeat: tasks=2 repeat=19 ticks=104081
job-mix-repeat: tasks=2 repeat=20 ticks=104510
job-mix: tasks=2 jobs=256 repeats=21 ticks_min=104081 ticks_median=105200 ticks_max=106005 jpm_median=584030
job-mix-kind: tasks=2 kind=compute jobs=672 ticks=1653895 per_job=2461 region_ticks=0
job-mix-kind: tasks=2 kind=touch jobs=672 ticks=528984 per_job=787 region_ticks=0
job-mix-kind: tasks=2 kind=null_syscall jobs=672 ticks=80818 per_job=120 region_ticks=0
job-mix-kind: tasks=2 kind=yield jobs=672 ticks=83806 per_job=124 region_ticks=0
job-mix-kind: tasks=2 kind=round_trip jobs=1344 ticks=891056 per_job=662 region_ticks=0
job-mix-kind: tasks=2 kind=map jobs=672 ticks=284509 per_job=423 region_ticks=90896
job-mix-kind: tasks=2 kind=spawn jobs=672 ticks=864386 per_job=1286 region_ticks=146727
job-mix-repeat: tasks=4 repeat=0 ticks=132496
job-mix-repeat: tasks=4 repeat=1 ticks=133247
job-mix-repeat: tasks=4 repeat=2 ticks=130403
job-mix-repeat: tasks=4 repeat=3 ticks=131869
job-mix-repeat: tasks=4 repeat=4 ticks=126792
job-mix-repeat: tasks=4 repeat=5 ticks=133750
job-mix-repeat: tasks=4 repeat=6 ticks=131181
job-mix-repeat: tasks=4 repeat=7 ticks=131095
job-mix-repeat: tasks=4 repeat=8 ticks=124109
job-mix-repeat: tasks=4 repeat=9 ticks=131832
job-mix-repeat: tasks=4 repeat=10 ticks=130009
job-mix-repeat: tasks=4 repeat=11 ticks=125026
job-mix-repeat: tasks=4 repeat=12 ticks=132631
job-mix-repeat: tasks=4 repeat=13 ticks=132248
job-mix-repeat: tasks=4 repeat=14 ticks=133392
job-mix-repeat: tasks=4 repeat=15 ticks=132180
job-mix-repeat: tasks=4 repeat=16 ticks=132975
job-mix-repeat: tasks=4 repeat=17 ticks=128464
job-mix-repeat: tasks=4 repeat=18 ticks=125129
job-mix-repeat: tasks=4 repeat=19 ticks=130763
job-mix-repeat: tasks=4 repeat=20 ticks=130537
job-mix: tasks=4 jobs=512 repeats=21 ticks_min=124109 ticks_median=131181 ticks_max=133750 jpm_median=936721
job-mix-kind: tasks=4 kind=compute jobs=1344 ticks=3400911 per_job=2530 region_ticks=0
job-mix-kind: tasks=4 kind=touch jobs=1344 ticks=1095859 per_job=815 region_ticks=0
job-mix-kind: tasks=4 kind=null_syscall jobs=1344 ticks=170347 per_job=126 region_ticks=0
job-mix-kind: tasks=4 kind=yield jobs=1344 ticks=256231 per_job=190 region_ticks=0
job-mix-kind: tasks=4 kind=round_trip jobs=2688 ticks=2926166 per_job=1088 region_ticks=0
job-mix-kind: tasks=4 kind=map jobs=1344 ticks=632254 per_job=470 region_ticks=203605
job-mix-kind: tasks=4 kind=spawn jobs=1344 ticks=1894743 per_job=1409 region_ticks=317274
job-mix-repeat: tasks=8 repeat=0 ticks=254773
job-mix-repeat: tasks=8 repeat=1 ticks=243518
job-mix-repeat: tasks=8 repeat=2 ticks=248242
job-mix-repeat: tasks=8 repeat=3 ticks=238222
job-mix-repeat: tasks=8 repeat=4 ticks=248899
job-mix-repeat: tasks=8 repeat=5 ticks=254224
job-mix-repeat: tasks=8 repeat=6 ticks=246780
job-mix-repeat: tasks=8 repeat=7 ticks=242753
job-mix-repeat: tasks=8 repeat=8 ticks=258257
job-mix-repeat: tasks=8 repeat=9 ticks=243271
job-mix-repeat: tasks=8 repeat=10 ticks=243730
job-mix-repeat: tasks=8 repeat=11 ticks=240275
job-mix-repeat: tasks=8 repeat=12 ticks=245560
job-mix-repeat: tasks=8 repeat=13 ticks=244627
job-mix-repeat: tasks=8 repeat=14 ticks=242274
job-mix-repeat: tasks=8 repeat=15 ticks=246449
job-mix-repeat: tasks=8 repeat=16 ticks=254813
job-mix-repeat: tasks=8 repeat=17 ticks=242866
job-mix-repeat: tasks=8 repeat=18 ticks=248279
job-mix-repeat: tasks=8 repeat=19 ticks=245162
job-mix-repeat: tasks=8 repeat=20 ticks=246485
job-mix: tasks=8 jobs=1024 repeats=21 ticks_min=238222 ticks_median=245560 ticks_max=258257 jpm_median=1000814
job-mix-kind: tasks=8 kind=compute jobs=2688 ticks=7216134 per_job=2684 region_ticks=0
job-mix-kind: tasks=8 kind=touch jobs=2688 ticks=2377006 per_job=884 region_ticks=0
job-mix-kind: tasks=8 kind=null_syscall jobs=2688 ticks=362251 per_job=134 region_ticks=0
job-mix-kind: tasks=8 kind=yield jobs=2688 ticks=3117660 per_job=1159 region_ticks=0
job-mix-kind: tasks=8 kind=round_trip jobs=5376 ticks=17002977 per_job=3162 region_ticks=0
job-mix-kind: tasks=8 kind=map jobs=2688 ticks=1340592 per_job=498 region_ticks=420501
job-mix-kind: tasks=8 kind=spawn jobs=2688 ticks=6616872 per_job=2461 region_ticks=658000
job-mix-repeat: tasks=16 repeat=0 ticks=482112
job-mix-repeat: tasks=16 repeat=1 ticks=481061
job-mix-repeat: tasks=16 repeat=2 ticks=489790
job-mix-repeat: tasks=16 repeat=3 ticks=495422
job-mix-repeat: tasks=16 repeat=4 ticks=481254
job-mix-repeat: tasks=16 repeat=5 ticks=479541
job-mix-repeat: tasks=16 repeat=6 ticks=480781
job-mix-repeat: tasks=16 repeat=7 ticks=482948
job-mix-repeat: tasks=16 repeat=8 ticks=481648
job-mix-repeat: tasks=16 repeat=9 ticks=484985
job-mix-repeat: tasks=16 repeat=10 ticks=485868
job-mix-repeat: tasks=16 repeat=11 ticks=481933
job-mix-repeat: tasks=16 repeat=12 ticks=481172
job-mix-repeat: tasks=16 repeat=13 ticks=483645
job-mix-repeat: tasks=16 repeat=14 ticks=481442
job-mix-repeat: tasks=16 repeat=15 ticks=482055
job-mix-repeat: tasks=16 repeat=16 ticks=483465
job-mix-repeat: tasks=16 repeat=17 ticks=478526
job-mix-repeat: tasks=16 repeat=18 ticks=486968
job-mix-repeat: tasks=16 repeat=19 ticks=482923
job-mix-repeat: tasks=16 repeat=20 ticks=488118
job-mix: tasks=16 jobs=2048 repeats=21 ticks_min=478526 ticks_median=482112 ticks_max=495422 jpm_median=1019514
job-mix-kind: tasks=16 kind=compute jobs=5376 ticks=15082185 per_job=2805 region_ticks=0
job-mix-kind: tasks=16 kind=touch jobs=5376 ticks=4807761 per_job=894 region_ticks=0
job-mix-kind: tasks=16 kind=null_syscall jobs=5376 ticks=727176 per_job=135 region_ticks=0
job-mix-kind: tasks=16 kind=yield jobs=5376 ticks=16380951 per_job=3047 region_ticks=0
job-mix-kind: tasks=16 kind=round_trip jobs=10752 ticks=95756002 per_job=8905 region_ticks=0
job-mix-kind: tasks=16 kind=map jobs=5376 ticks=2806752 per_job=522 region_ticks=878325
job-mix-kind: tasks=16 kind=spawn jobs=5376 ticks=16709208 per_job=3108 region_ticks=1387222
job-mix-repeat: tasks=32 repeat=0 ticks=952978
job-mix-repeat: tasks=32 repeat=1 ticks=966984
job-mix-repeat: tasks=32 repeat=2 ticks=954917
job-mix-repeat: tasks=32 repeat=3 ticks=948602
job-mix-repeat: tasks=32 repeat=4 ticks=958263
job-mix-repeat: tasks=32 repeat=5 ticks=956957
job-mix-repeat: tasks=32 repeat=6 ticks=963845
job-mix-repeat: tasks=32 repeat=7 ticks=966803
job-mix-repeat: tasks=32 repeat=8 ticks=957198
job-mix-repeat: tasks=32 repeat=9 ticks=954375
job-mix-repeat: tasks=32 repeat=10 ticks=957547
job-mix-repeat: tasks=32 repeat=11 ticks=952836
job-mix-repeat: tasks=32 repeat=12 ticks=949622
job-mix-repeat: tasks=32 repeat=13 ticks=956770
job-mix-repeat: tasks=32 repeat=14 ticks=949559
job-mix-repeat: tasks=32 repeat=15 ticks=957901
job-mix-repeat: tasks=32 repeat=16 ticks=960453
job-mix-repeat: tasks=32 repeat=17 ticks=954566
job-mix-repeat: tasks=32 repeat=18 ticks=953127
job-mix-repeat: tasks=32 repeat=19 ticks=953887
job-mix-repeat: tasks=32 repeat=20 ticks=961671
job-mix: tasks=32 jobs=4096 repeats=21 ticks_min=948602 ticks_median=956770 ticks_max=966984 jpm_median=1027456
job-mix-kind: tasks=32 kind=compute jobs=10752 ticks=31134574 per_job=2895 region_ticks=0
job-mix-kind: tasks=32 kind=touch jobs=10752 ticks=10000697 per_job=930 region_ticks=0
job-mix-kind: tasks=32 kind=null_syscall jobs=10752 ticks=1522241 per_job=141 region_ticks=0
job-mix-kind: tasks=32 kind=yield jobs=10752 ticks=53507518 per_job=4976 region_ticks=0
job-mix-kind: tasks=32 kind=round_trip jobs=21504 ticks=469620906 per_job=21838 region_ticks=0
job-mix-kind: tasks=32 kind=map jobs=10752 ticks=6083342 per_job=565 region_ticks=1864467
job-mix-kind: tasks=32 kind=spawn jobs=10752 ticks=39879361 per_job=3709 region_ticks=2818101
job-mix: done
