
U-Boot SPL 2021.10 (Feb 12 2023 - 18:15:33 +0800)
DDR version: dc2e84f0.
Trying to boot from SPI

OpenSBI v1.2
   ____                    _____ ____ _____
  / __ \                  / ____|  _ \_   _|
 | |  | |_ __   ___ _ __ | (___ | |_) || |
 | |  | | '_ \ / _ \ '_ \ \___ \|  _ < | |
 | |__| | |_) |  __/ | | |____) | |_) || |_
  \____/| .__/ \___|_| |_|_____/|____/_____|
        | |
        |_|

Platform Name             : StarFive VisionFive V2
Platform Features         : medeleg
Platform HART Count       : 5
Platform IPI Device       : aclint-mswi
Platform Timer Device     : aclint-mtimer @ 4000000Hz
Platform Console Device   : uart8250
Platform HSM Device       : jh7110-hsm
Platform PMU Device       : ---
Platform Reboot Device    : pm-reset
Platform Shutdown Device  : pm-reset
Firmware Base             : 0x40000000
Firmware Size             : 292 KB
Runtime SBI Version       : 1.0

Domain0 Name              : root
Domain0 Boot HART         : 1
Domain0 HARTs             : 0*,1*,2*,3*,4*
Domain0 Region00          : 0x0000000002000000-0x000000000200ffff (I)
Domain0 Region01          : 0x0000000040000000-0x000000004007ffff ()
Domain0 Region02          : 0x0000000000000000-0xffffffffffffffff (R,W,X)
Domain0 Next Address      : 0x0000000040200000
Domain0 Next Arg1         : 0x0000000042200000
Domain0 Next Mode         : S-mode
Domain0 SysReset          : yes

Boot HART ID              : 1
Boot HART Domain          : root
Boot HART Priv Version    : v1.11
Boot HART Base ISA        : rv64imafdcbx
Boot HART ISA Extensions  : none
Boot HART PMP Count       : 8
Boot HART PMP Granularity : 4096
Boot HART PMP Address Bits: 34
Boot HART MHPM Count      : 2
Boot HART MIDELEG         : 0x0000000000000222
Boot HART MEDELEG         : 0x000000000000b109


U-Boot 2021.10 (Feb 12 2023 - 18:15:33 +0800), Build: jenkins-VF2_515_Branch_SDK_Release-24

CPU:   rv64imacu
Model: StarFive VisionFive V2
DRAM:  8 GiB
MMC:   sdio0@16010000: 0, sdio1@16020000: 1
Loading Environment from SPIFlash... SF: Detected gd25lq128 with page size 256 Bytes, erase size 4 KiB, total 16 MiB
*** Warning - bad CRC, using default environment

StarFive EEPROM format v2

--------EEPROM INFO--------
Vendor : StarFive Technology Co., Ltd.
Product full SN: VF7110B1-2253-D008E000-00004584
data version: 0x2
PCB revision: 0xb2
BOM revision: A
Ethernet MAC0 address: 6c:cf:39:00:47:2c
Ethernet MAC1 address: 6c:cf:39:00:47:2d
--------EEPROM INFO--------

In:    serial@10000000
Out:   serial@10000000
Err:   serial@10000000
Model: StarFive VisionFive V2
Net:   eth0: ethernet@16030000, eth1: ethernet@16040000
switch to partitions #0, OK
mmc1 is current device
found device 1
bootmode flash device 1
** Invalid partition 3 **
Couldn't find partition mmc 1:3
Can't set block device
** Invalid partition 3 **
Couldn't find partition mmc 1:3
Can't set block device
Hit any key to stop autoboot:  2  1  0 
** Invalid partition 3 **
Couldn't find partition mmc 1:3
Can't set block device
Importing environment from mmc1 ...
## Warning: Input data exceeds 1048576 bytes - truncated
## Info: input data size = 1048578 = 0x100002
** Invalid partition 2 **
Couldn't find partition mmc 1:2
Can't set block device
## Warning: defaulting to text format
## Error: "boot2" not defined
switch to partitions #0, OK
mmc1 is current device
Scanning mmc 1:1...
Found U-Boot script /boot.scr.uimg
1595 bytes read in 7 ms (221.7 KiB/s)
## Executing script at 43900000
nife: boot.scr is driving this boot, milestones 218 and 257
nife: tftp server is 192.168.8.206, setenv nife_boot_server to point somewhere else
ethernet@16030000 Waiting for PHY auto negotiation to complete...... done
BOOTP broadcast 1
BOOTP broadcast 2
DHCP client bound to address 192.168.8.200 (258 ms)
Using ethernet@16030000 device
TFTP from server 192.168.8.206; our IP address is 192.168.8.200
Filename 'nife-vf2.img'.
Load address: 0x40200000
Loading: *#################################################################
	 #################################################################
	 #################################################################
	 ########################
	 7.4 MiB/s
done
Bytes transferred = 3206464 (30ed40 hex)
Using ethernet@16030000 device
TFTP from server 192.168.8.206; our IP address is 192.168.8.200
Filename 'nife-initrd.img'.
Load address: 0x90000000
Loading: *#################################################################
	 #################################################################
	 #################################################################
	 #################################################################
	 #################################################################
	 #################################################################
	 #################################################################
	 #################################################################
	 #################################################################
	 #################################################################
	 #################################################################
	 #################################################################
	 ############################################
	 7.5 MiB/s
done
Bytes transferred = 12094976 (b88e00 hex)
nife: payload came from net
Moving Image from 0x40200000 to 0x80200000, end=8050e000
## Flattened Device Tree blob at 86000000
   Booting using the fdt blob at 0x86000000
   Using Device Tree in place at 0000000086000000, end 000000008600d41a

Starting kernel ...

clk u5_dw_i2c_clk_core already disabled
clk u5_dw_i2c_clk_apb already disabled

nife on RISC-V (rv64, S-mode, Sv39)
  hart 0 booted: high-half kernel, .bss, and the NS16550 console are up.
  running at  : 0xffffffc0802270b6  (high half: Sv39 paging is on)
  device tree : 0x0000000086000000
  screen      : none (no qemu,fw-cfg-mmio node: this machine has no ramfb to ask for); this console is the UART
  traps       : stvec set; a breakpoint was caught and stepped over (1)
  timer       : 21 ticks in ~0.2s (SBI timer + S-mode interrupt at 100 Hz)
  memory      : device tree parsed, frame allocator up (first frame 0x400a0000)
  smp: 5 core(s) in the device tree, 4 startable
  smp: cpu 0's riscv,isa names user mode and not supervisor: it cannot run this kernel, whatever status and mmu-type claim; not started
  plic: S contexts from the device tree differ from the 2h+1 formula (expected on the JH7110: the disabled S7 shifts every context down one)
  paging      : fine-grained W^X Sv39 tables installed, satp switched (paging on: true)
  isa         : rv64i m a c f d
              : 5 hart(s), mmu sv39 declared and sv39 in use, satp.ASID 0 bits measured; read from the deprecated riscv,isa
  firmware    : OpenSBI 0x10002, SBI 1.0, TIME IPI RFENCE HSM PMU
  cycles      : SBI PMU counter 0, CSR 0xc00, 64 bits
  smp: sbi hsm hart_start (the only mechanism RISC-V defines)
  smp: cpu 0 is not startable by this kernel (disabled, no supervisor
       mode, or an enable-method we do not speak); leaving it alone.
  smp: 4 core(s) online

nife
  isa         : rv64i m a c f d
              : 5 hart(s), mmu sv39 declared and sv39 in use, satp.ASID 0 bits measured; read from the deprecated riscv,isa
  firmware    : OpenSBI 0x10002, SBI 1.0, TIME IPI RFENCE HSM PMU
  stack top       : 0xffffffc08045e000
  firmware handoff: 0x0000000086000000  (device tree)
  processors      : 4 online of 5 described, boot cpu hwid 0x1
  memory          : 4096 MiB total, 4072 MiB free (23992 KiB in use)
  console         : NS16550 at 0xffffffc010000000, interrupt line 32
                  : no screen; this console is the UART alone
  interrupts      : PLIC at 0x000000000c000000, this hart's S-mode context 2
  timer           : 100 Hz tick, counter at 4 MHz, interrupts ON
  initrd          : 12094976 bytes at 0x0000000090000000, a nifefs archive of 104 program(s)
  pcie            : none (this machine describes no host bridge)
  iommu           : none (no riscv-iommu-pci function on this machine's bus)
  mmu             : Sv39 on, fine-grained W^X tables installed, one satp, kernel high half at 0xffffffc000000000
                  : kernel root 0x00000000400a1000, live satp root 0x00000000400a1000
  scheduler       : 5 thread(s), round robin, preemptive
nife machine: riscv64, 4 processor(s), 4096 MiB, 100 Hz
  self-test       : exceptions ok      a breakpoint was caught and stepped over (1)
  self-test       : mapping    ok      0xffffffc180000000 -> 0x408cc000, read back 0xc0ffee, unmapped
  self-test       : frames     ok      one frame out and back at 0x408cc000; used 6000 -> Some(6001) -> Some(6000)
  self-test       : timer      ok      the 4MHz counter advanced 80000 and 2 tick(s) arrived in ~20ms
  self-test       : scheduler  ok      thread 5 ran and carried its captured state (0x268026802680268)
nife self-test: 5 of 5 passed
  user address space : process satp activated (kernel half shared), user 0x400000 -> Some((408e0000, Flags(3)))
  userspace   : a program was started at U-mode (yield/yield/exit via ecall)
  user ELF    : an archive; the progenitor composes this machine's userspace at the handoff below
  preemption  : two never-yield threads ran 7253135 and 6578524 iterations, 82 preemptions (a thread that refuses to yield is preempted anyway)
  uart irq    : source 32 (machine description)
  device IRQ  : userspace driver started (holds an Irq cap + a UART mapping); pipe a byte to see it
  virtio      : no block device attached (pass NIFE_DISK to attach one)
  pcie        : no virtio-blk on the bus (pass NIFE_DISK to attach one)
  hw clock    : JH7110 STG CRG at 0x10230000 (named by this machine's device tree): clocks 0x00000000,0x00000000 -> 0x80000000,0x80000000 (running); reset 3 assert 0x007ffffe -> 0x007ffff6, status 0x00000009 (released, 1 polls)
  capability slots: 2 of 64 at peak
  hw entropy  : JH7110 TRNG at 0x1600c000 served 32+32 bytes to a client through a capability that names no device; first draw 2c40398f.., second differs; STAT after init 0x00040308 (256-bit: all eight RAND words are the answer); since the pcie line 20888 us, of which bring-up 580 us (window mapped, driver spawned, reseed, first generation; the hw clock line's own console time excluded) and 64 bytes in 71 us (898245 bytes/s over 8 round trips)
nife: the capability core runs on RISC-V.
  capability slots: 6 of 64 at peak

job-mix: started 32 tasks and 2 servers on 4 online core(s), cntfrq=4000000 Hz
job-mix: one job is one of 7 kinds (16 per round, 8 rounds per task per subrun); see crates/job_mix for the mix and what it deliberately leaves out
job-mix: this measures THIS kernel under multi-tasking load; it compares nothing against an event kernel and does not decide design/decisions/96-process-kernel-or-event-kernel.md
job-mix: each point is the median of 21 repeats, with the fastest and slowest beside it (since 2026-09-19); a transcript before that date printed the best of 3 as ticks= and jpm=, which is a different statistic from a different mix and is not comparable with jpm_median=
job-mix-census: where the kernel placed each thread at spawn: S=echo server, T=task
job-mix-census: core=1 threads=7 T2 T8 T9 T16 T18 T23 T28
job-mix-census: core=2 threads=10 T1 T3 T4 T10 T17 T20 T24 T25 T27 T29
job-mix-census: core=3 threads=8 S0 T5 T11 T12 T14 T21 T22 T30
job-mix-census: core=4 threads=9 S1 T0 T6 T7 T13 T15 T19 T26 T31
job-mix-census: placement decides throughput on real silicon by up to fifteenfold (notes/soak.md, milestone 240), so a jobs-per-minute figure from ONE boot is a draw and not a result; notes/job-mix.md's procedure asks for repeated boots
  capability slots: 9 of 64 at peak
job-mix-repeat: tasks=1 repeat=0 ticks=102553
job-mix-repeat: tasks=1 repeat=1 ticks=98951
job-mix-repeat: tasks=1 repeat=2 ticks=99051
job-mix-repeat: tasks=1 repeat=3 ticks=98938
job-mix-repeat: tasks=1 repeat=4 ticks=99039
job-mix-repeat: tasks=1 repeat=5 ticks=98810
job-mix-repeat: tasks=1 repeat=6 ticks=98858
job-mix-repeat: tasks=1 repeat=7 ticks=98946
job-mix-repeat: tasks=1 repeat=8 ticks=98909
job-mix-repeat: tasks=1 repeat=9 ticks=98730
job-mix-repeat: tasks=1 repeat=10 ticks=98955
job-mix-repeat: tasks=1 repeat=11 ticks=98951
job-mix-repeat: tasks=1 repeat=12 ticks=98819
job-mix-repeat: tasks=1 repeat=13 ticks=98984
job-mix-repeat: tasks=1 repeat=14 ticks=98923
job-mix-repeat: tasks=1 repeat=15 ticks=98967
job-mix-repeat: tasks=1 repeat=16 ticks=99069
job-mix-repeat: tasks=1 repeat=17 ticks=99025
job-mix-repeat: tasks=1 repeat=18 ticks=98891
job-mix-repeat: tasks=1 repeat=19 ticks=98901
job-mix-repeat: tasks=1 repeat=20 ticks=98898
job-mix: tasks=1 jobs=128 repeats=21 ticks_min=98730 ticks_median=98946 ticks_max=102553 jpm_median=310472
job-mix-kind: tasks=1 kind=compute jobs=336 ticks=809271 per_job=2408 region_ticks=0
job-mix-kind: tasks=1 kind=touch jobs=336 ticks=263573 per_job=784 region_ticks=0
job-mix-kind: tasks=1 kind=null_syscall jobs=336 ticks=39002 per_job=116 region_ticks=0
job-mix-kind: tasks=1 kind=yield jobs=336 ticks=35129 per_job=104 region_ticks=0
job-mix-kind: tasks=1 kind=round_trip jobs=672 ticks=392562 per_job=584 region_ticks=0
job-mix-kind: tasks=1 kind=map jobs=336 ticks=127049 per_job=378 region_ticks=42086
job-mix-kind: tasks=1 kind=spawn jobs=336 ticks=407728 per_job=1213 region_ticks=66194
job-mix-lock: tasks=1 rank=60 name=ipc_tables contended=1628 wait_ticks=3455
job-mix-lock: tasks=1 site=reap reaps=672 stack_free_ticks=100953 remove_ticks=1646
job-mix-lock: tasks=1 site=current_cap calls=118987 contended=0 wait_ticks=0
job-mix-repeat: tasks=2 repeat=0 ticks=120754
job-mix-repeat: tasks=2 repeat=1 ticks=119164
job-mix-repeat: tasks=2 repeat=2 ticks=119491
job-mix-repeat: tasks=2 repeat=3 ticks=118379
job-mix-repeat: tasks=2 repeat=4 ticks=119672
job-mix-repeat: tasks=2 repeat=5 ticks=118108
job-mix-repeat: tasks=2 repeat=6 ticks=119995
job-mix-repeat: tasks=2 repeat=7 ticks=118249
job-mix-repeat: tasks=2 repeat=8 ticks=118910
job-mix-repeat: tasks=2 repeat=9 ticks=118037
job-mix-repeat: tasks=2 repeat=10 ticks=118339
job-mix-repeat: tasks=2 repeat=11 ticks=117735
job-mix-repeat: tasks=2 repeat=12 ticks=120341
job-mix-repeat: tasks=2 repeat=13 ticks=119553
job-mix-repeat: tasks=2 repeat=14 ticks=118308
job-mix-repeat: tasks=2 repeat=15 ticks=118164
job-mix-repeat: tasks=2 repeat=16 ticks=120181
job-mix-repeat: tasks=2 repeat=17 ticks=120413
job-mix-repeat: tasks=2 repeat=18 ticks=117553
job-mix-repeat: tasks=2 repeat=19 ticks=118443
job-mix-repeat: tasks=2 repeat=20 ticks=118499
job-mix: tasks=2 jobs=256 repeats=21 ticks_min=117553 ticks_median=118499 ticks_max=120754 jpm_median=518485
job-mix-kind: tasks=2 kind=compute jobs=672 ticks=1655217 per_job=2463 region_ticks=0
job-mix-kind: tasks=2 kind=touch jobs=672 ticks=530490 per_job=789 region_ticks=0
job-mix-kind: tasks=2 kind=null_syscall jobs=672 ticks=79884 per_job=118 region_ticks=0
job-mix-kind: tasks=2 kind=yield jobs=672 ticks=125939 per_job=187 region_ticks=0
job-mix-kind: tasks=2 kind=round_trip jobs=1344 ticks=1380426 per_job=1027 region_ticks=0
job-mix-kind: tasks=2 kind=map jobs=672 ticks=283699 per_job=422 region_ticks=95952
job-mix-kind: tasks=2 kind=spawn jobs=672 ticks=910748 per_job=1355 region_ticks=152125
job-mix-lock: tasks=2 rank=30 name=- contended=1 wait_ticks=2
job-mix-lock: tasks=2 rank=45 name=- contended=1059 wait_ticks=17655
job-mix-lock: tasks=2 rank=57 name=capability_table contended=81 wait_ticks=146
job-mix-lock: tasks=2 rank=58 name=memory_region contended=377 wait_ticks=1969
job-mix-lock: tasks=2 rank=59 name=- contended=800 wait_ticks=10451
job-mix-lock: tasks=2 rank=60 name=ipc_tables contended=144739 wait_ticks=352151
job-mix-lock: tasks=2 rank=61 name=address_spaces contended=1282 wait_ticks=15150
job-mix-lock: tasks=2 site=reap reaps=1344 stack_free_ticks=219593 remove_ticks=3490
job-mix-lock: tasks=2 site=current_cap calls=238077 contended=63 wait_ticks=116
job-mix-repeat: tasks=4 repeat=0 ticks=157861
job-mix-repeat: tasks=4 repeat=1 ticks=152910
job-mix-repeat: tasks=4 repeat=2 ticks=156412
job-mix-repeat: tasks=4 repeat=3 ticks=159834
job-mix-repeat: tasks=4 repeat=4 ticks=152609
job-mix-repeat: tasks=4 repeat=5 ticks=156503
job-mix-repeat: tasks=4 repeat=6 ticks=152804
job-mix-repeat: tasks=4 repeat=7 ticks=155810
job-mix-repeat: tasks=4 repeat=8 ticks=151271
job-mix-repeat: tasks=4 repeat=9 ticks=150413
job-mix-repeat: tasks=4 repeat=10 ticks=157786
job-mix-repeat: tasks=4 repeat=11 ticks=159269
job-mix-repeat: tasks=4 repeat=12 ticks=150636
job-mix-repeat: tasks=4 repeat=13 ticks=157523
job-mix-repeat: tasks=4 repeat=14 ticks=156000
job-mix-repeat: tasks=4 repeat=15 ticks=150967
job-mix-repeat: tasks=4 repeat=16 ticks=153716
job-mix-repeat: tasks=4 repeat=17 ticks=154181
job-mix-repeat: tasks=4 repeat=18 ticks=152233
job-mix-repeat: tasks=4 repeat=19 ticks=155347
job-mix-repeat: tasks=4 repeat=20 ticks=155950
job-mix: tasks=4 jobs=512 repeats=21 ticks_min=150413 ticks_median=155347 ticks_max=159834 jpm_median=791003
job-mix-kind: tasks=4 kind=compute jobs=1344 ticks=3410785 per_job=2537 region_ticks=0
job-mix-kind: tasks=4 kind=touch jobs=1344 ticks=1105980 per_job=822 region_ticks=0
job-mix-kind: tasks=4 kind=null_syscall jobs=1344 ticks=166059 per_job=123 region_ticks=0
job-mix-kind: tasks=4 kind=yield jobs=1344 ticks=454713 per_job=338 region_ticks=0
job-mix-kind: tasks=4 kind=round_trip jobs=2688 ticks=4661110 per_job=1734 region_ticks=0
job-mix-kind: tasks=4 kind=map jobs=1344 ticks=628887 per_job=467 region_ticks=211584
job-mix-kind: tasks=4 kind=spawn jobs=1344 ticks=2089525 per_job=1554 region_ticks=344325
job-mix-lock: tasks=4 rank=15 name=- contended=4 wait_ticks=7
job-mix-lock: tasks=4 rank=30 name=- contended=8 wait_ticks=14
job-mix-lock: tasks=4 rank=45 name=- contended=3132 wait_ticks=50782
job-mix-lock: tasks=4 rank=55 name=- contended=3 wait_ticks=6
job-mix-lock: tasks=4 rank=57 name=capability_table contended=308 wait_ticks=592
job-mix-lock: tasks=4 rank=58 name=memory_region contended=1006 wait_ticks=5094
job-mix-lock: tasks=4 rank=59 name=- contended=2500 wait_ticks=33283
job-mix-lock: tasks=4 rank=60 name=ipc_tables contended=325022 wait_ticks=1278777
job-mix-lock: tasks=4 rank=61 name=address_spaces contended=4556 wait_ticks=69515
job-mix-lock: tasks=4 site=reap reaps=2688 stack_free_ticks=450582 remove_ticks=7210
job-mix-lock: tasks=4 site=current_cap calls=476397 contended=232 wait_ticks=451
job-mix-repeat: tasks=8 repeat=0 ticks=300534
job-mix-repeat: tasks=8 repeat=1 ticks=302629
job-mix-repeat: tasks=8 repeat=2 ticks=300600
job-mix-repeat: tasks=8 repeat=3 ticks=300193
job-mix-repeat: tasks=8 repeat=4 ticks=292927
job-mix-repeat: tasks=8 repeat=5 ticks=289152
job-mix-repeat: tasks=8 repeat=6 ticks=292135
job-mix-repeat: tasks=8 repeat=7 ticks=294552
job-mix-repeat: tasks=8 repeat=8 ticks=299847
job-mix-repeat: tasks=8 repeat=9 ticks=295414
job-mix-repeat: tasks=8 repeat=10 ticks=291533
job-mix-repeat: tasks=8 repeat=11 ticks=287874
job-mix-repeat: tasks=8 repeat=12 ticks=302945
job-mix-repeat: tasks=8 repeat=13 ticks=289032
job-mix-repeat: tasks=8 repeat=14 ticks=297269
job-mix-repeat: tasks=8 repeat=15 ticks=303948
job-mix-repeat: tasks=8 repeat=16 ticks=297692
job-mix-repeat: tasks=8 repeat=17 ticks=304520
job-mix-repeat: tasks=8 repeat=18 ticks=296895
job-mix-repeat: tasks=8 repeat=19 ticks=290320
job-mix-repeat: tasks=8 repeat=20 ticks=293558
job-mix: tasks=8 jobs=1024 repeats=21 ticks_min=287874 ticks_median=296895 ticks_max=304520 jpm_median=827767
job-mix-kind: tasks=8 kind=compute jobs=2688 ticks=7177924 per_job=2670 region_ticks=0
job-mix-kind: tasks=8 kind=touch jobs=2688 ticks=2326498 per_job=865 region_ticks=0
job-mix-kind: tasks=8 kind=null_syscall jobs=2688 ticks=347511 per_job=129 region_ticks=0
job-mix-kind: tasks=8 kind=yield jobs=2688 ticks=3869762 per_job=1439 region_ticks=0
job-mix-kind: tasks=8 kind=round_trip jobs=5376 ticks=24564656 per_job=4569 region_ticks=0
job-mix-kind: tasks=8 kind=map jobs=2688 ticks=1365347 per_job=507 region_ticks=451367
job-mix-kind: tasks=8 kind=spawn jobs=2688 ticks=6717681 per_job=2499 region_ticks=691484
job-mix-lock: tasks=8 rank=15 name=- contended=7 wait_ticks=13
job-mix-lock: tasks=8 rank=30 name=- contended=15 wait_ticks=27
job-mix-lock: tasks=8 rank=45 name=- contended=5801 wait_ticks=103395
job-mix-lock: tasks=8 rank=55 name=- contended=1 wait_ticks=2
job-mix-lock: tasks=8 rank=57 name=capability_table contended=640 wait_ticks=1187
job-mix-lock: tasks=8 rank=58 name=memory_region contended=1801 wait_ticks=8766
job-mix-lock: tasks=8 rank=59 name=- contended=5279 wait_ticks=63315
job-mix-lock: tasks=8 rank=60 name=ipc_tables contended=741801 wait_ticks=3234304
job-mix-lock: tasks=8 rank=61 name=address_spaces contended=12470 wait_ticks=141793
job-mix-lock: tasks=8 site=reap reaps=5376 stack_free_ticks=913602 remove_ticks=14474
job-mix-lock: tasks=8 site=current_cap calls=952261 contended=516 wait_ticks=969
job-mix-repeat: tasks=16 repeat=0 ticks=580518
job-mix-repeat: tasks=16 repeat=1 ticks=576728
job-mix-repeat: tasks=16 repeat=2 ticks=584122
job-mix-repeat: tasks=16 repeat=3 ticks=572774
job-mix-repeat: tasks=16 repeat=4 ticks=579187
job-mix-repeat: tasks=16 repeat=5 ticks=583106
job-mix-repeat: tasks=16 repeat=6 ticks=581165
job-mix-repeat: tasks=16 repeat=7 ticks=581743
job-mix-repeat: tasks=16 repeat=8 ticks=571923
job-mix-repeat: tasks=16 repeat=9 ticks=575160
job-mix-repeat: tasks=16 repeat=10 ticks=573115
job-mix-repeat: tasks=16 repeat=11 ticks=572094
job-mix-repeat: tasks=16 repeat=12 ticks=579797
job-mix-repeat: tasks=16 repeat=13 ticks=578283
job-mix-repeat: tasks=16 repeat=14 ticks=574266
job-mix-repeat: tasks=16 repeat=15 ticks=582884
job-mix-repeat: tasks=16 repeat=16 ticks=572953
job-mix-repeat: tasks=16 repeat=17 ticks=581834
job-mix-repeat: tasks=16 repeat=18 ticks=575075
job-mix-repeat: tasks=16 repeat=19 ticks=582259
job-mix-repeat: tasks=16 repeat=20 ticks=573160
job-mix: tasks=16 jobs=2048 repeats=21 ticks_min=571923 ticks_median=578283 ticks_max=584122 jpm_median=849964
job-mix-kind: tasks=16 kind=compute jobs=5376 ticks=14855501 per_job=2763 region_ticks=0
job-mix-kind: tasks=16 kind=touch jobs=5376 ticks=4766305 per_job=886 region_ticks=0
job-mix-kind: tasks=16 kind=null_syscall jobs=5376 ticks=721196 per_job=134 region_ticks=0
job-mix-kind: tasks=16 kind=yield jobs=5376 ticks=17556495 per_job=3265 region_ticks=0
job-mix-kind: tasks=16 kind=round_trip jobs=10752 ticks=123766283 per_job=11511 region_ticks=0
job-mix-kind: tasks=16 kind=map jobs=5376 ticks=2765849 per_job=514 region_ticks=905851
job-mix-kind: tasks=16 kind=spawn jobs=5376 ticks=16758755 per_job=3117 region_ticks=1480496
job-mix-lock: tasks=16 rank=15 name=- contended=19 wait_ticks=38
job-mix-lock: tasks=16 rank=30 name=- contended=40 wait_ticks=74
job-mix-lock: tasks=16 rank=45 name=- contended=14966 wait_ticks=262031
job-mix-lock: tasks=16 rank=55 name=- contended=2 wait_ticks=3
job-mix-lock: tasks=16 rank=57 name=capability_table contended=1258 wait_ticks=2354
job-mix-lock: tasks=16 rank=58 name=memory_region contended=3685 wait_ticks=18489
job-mix-lock: tasks=16 rank=59 name=- contended=11107 wait_ticks=139976
job-mix-lock: tasks=16 rank=60 name=ipc_tables contended=1404009 wait_ticks=6326801
job-mix-lock: tasks=16 rank=61 name=address_spaces contended=24673 wait_ticks=290518
job-mix-lock: tasks=16 site=reap reaps=10752 stack_free_ticks=1869666 remove_ticks=29318
job-mix-lock: tasks=16 site=current_cap calls=1904267 contended=1012 wait_ticks=1902
job-mix-repeat: tasks=32 repeat=0 ticks=1135925
job-mix-repeat: tasks=32 repeat=1 ticks=1124870
job-mix-repeat: tasks=32 repeat=2 ticks=1144396
job-mix-repeat: tasks=32 repeat=3 ticks=1137534
job-mix-repeat: tasks=32 repeat=4 ticks=1142200
job-mix-repeat: tasks=32 repeat=5 ticks=1151362
job-mix-repeat: tasks=32 repeat=6 ticks=1154769
job-mix-repeat: tasks=32 repeat=7 ticks=1126644
job-mix-repeat: tasks=32 repeat=8 ticks=1138440
job-mix-repeat: tasks=32 repeat=9 ticks=1146600
job-mix-repeat: tasks=32 repeat=10 ticks=1151703
job-mix-repeat: tasks=32 repeat=11 ticks=1132825
job-mix-repeat: tasks=32 repeat=12 ticks=1138402
job-mix-repeat: tasks=32 repeat=13 ticks=1127109
job-mix-repeat: tasks=32 repeat=14 ticks=1128139
job-mix-repeat: tasks=32 repeat=15 ticks=1153272
job-mix-repeat: tasks=32 repeat=16 ticks=1134152
job-mix-repeat: tasks=32 repeat=17 ticks=1129587
job-mix-repeat: tasks=32 repeat=18 ticks=1130376
job-mix-repeat: tasks=32 repeat=19 ticks=1133298
job-mix-repeat: tasks=32 repeat=20 ticks=1141579
job-mix: tasks=32 jobs=4096 repeats=21 ticks_min=1124870 ticks_median=1137534 ticks_max=1154769 jpm_median=864185
job-mix-kind: tasks=32 kind=compute jobs=10752 ticks=30677158 per_job=2853 region_ticks=0
job-mix-kind: tasks=32 kind=touch jobs=10752 ticks=9860288 per_job=917 region_ticks=0
job-mix-kind: tasks=32 kind=null_syscall jobs=10752 ticks=1499569 per_job=139 region_ticks=0
job-mix-kind: tasks=32 kind=yield jobs=10752 ticks=53900919 per_job=5013 region_ticks=0
job-mix-kind: tasks=32 kind=round_trip jobs=21504 ticks=593000739 per_job=27576 region_ticks=0
job-mix-kind: tasks=32 kind=map jobs=10752 ticks=5999289 per_job=557 region_ticks=1937622
job-mix-kind: tasks=32 kind=spawn jobs=10752 ticks=39616170 per_job=3684 region_ticks=3046943
job-mix-lock: tasks=32 rank=15 name=- contended=60 wait_ticks=107
job-mix-lock: tasks=32 rank=30 name=- contended=62 wait_ticks=130
job-mix-lock: tasks=32 rank=45 name=- contended=30176 wait_ticks=518771
job-mix-lock: tasks=32 rank=55 name=- contended=13 wait_ticks=28
job-mix-lock: tasks=32 rank=57 name=capability_table contended=2487 wait_ticks=4558
job-mix-lock: tasks=32 rank=58 name=memory_region contended=7583 wait_ticks=38503
job-mix-lock: tasks=32 rank=59 name=- contended=22947 wait_ticks=303603
job-mix-lock: tasks=32 rank=60 name=ipc_tables contended=2783688 wait_ticks=12673687
job-mix-lock: tasks=32 rank=61 name=address_spaces contended=54257 wait_ticks=660474
job-mix-lock: tasks=32 site=reap reaps=21504 stack_free_ticks=3732018 remove_ticks=58847
job-mix-lock: tasks=32 site=current_cap calls=3808580 contended=1902 wait_ticks=3460
job-mix: done
