
U-Boot SPL 2021.10 (Feb 12 2023 - 18:15:33 +0800)
DDR version: dc2e84f0.
Trying to boot from SPI

OpenSBI v1.2
   ____                    _____ ____ _____
  / __ \                  / ____|  _ \_   _|
 | |  | |_ __   ___ _ __ | (___ | |_) || |
 | |  | | '_ \ / _ \ '_ \ \___ \|  _ < | |
 | |__| | |_) |  __/ | | |____) | |_) || |_
  \____/| .__/ \___|_| |_|_____/|____/_____|
        | |
        |_|

Platform Name             : StarFive VisionFive V2
Platform Features         : medeleg
Platform HART Count       : 5
Platform IPI Device       : aclint-mswi
Platform Timer Device     : aclint-mtimer @ 4000000Hz
Platform Console Device   : uart8250
Platform HSM Device       : jh7110-hsm
Platform PMU Device       : ---
Platform Reboot Device    : pm-reset
Platform Shutdown Device  : pm-reset
Firmware Base             : 0x40000000
Firmware Size             : 292 KB
Runtime SBI Version       : 1.0

Domain0 Name              : root
Domain0 Boot HART         : 1
Domain0 HARTs             : 0*,1*,2*,3*,4*
Domain0 Region00          : 0x0000000002000000-0x000000000200ffff (I)
Domain0 Region01          : 0x0000000040000000-0x000000004007ffff ()
Domain0 Region02          : 0x0000000000000000-0xffffffffffffffff (R,W,X)
Domain0 Next Address      : 0x0000000040200000
Domain0 Next Arg1         : 0x0000000042200000
Domain0 Next Mode         : S-mode
Domain0 SysReset          : yes

Boot HART ID              : 1
Boot HART Domain          : root
Boot HART Priv Version    : v1.11
Boot HART Base ISA        : rv64imafdcbx
Boot HART ISA Extensions  : none
Boot HART PMP Count       : 8
Boot HART PMP Granularity : 4096
Boot HART PMP Address Bits: 34
Boot HART MHPM Count      : 2
Boot HART MIDELEG         : 0x0000000000000222
Boot HART MEDELEG         : 0x000000000000b109


U-Boot 2021.10 (Feb 12 2023 - 18:15:33 +0800), Build: jenkins-VF2_515_Branch_SDK_Release-24

CPU:   rv64imacu
Model: StarFive VisionFive V2
DRAM:  8 GiB
MMC:   sdio0@16010000: 0, sdio1@16020000: 1
Loading Environment from SPIFlash... SF: Detected gd25lq128 with page size 256 Bytes, erase size 4 KiB, total 16 MiB
*** Warning - bad CRC, using default environment

StarFive EEPROM format v2

--------EEPROM INFO--------
Vendor : StarFive Technology Co., Ltd.
Product full SN: VF7110B1-2253-D008E000-00004584
data version: 0x2
PCB revision: 0xb2
BOM revision: A
Ethernet MAC0 address: 6c:cf:39:00:47:2c
Ethernet MAC1 address: 6c:cf:39:00:47:2d
--------EEPROM INFO--------

In:    serial@10000000
Out:   serial@10000000
Err:   serial@10000000
Model: StarFive VisionFive V2
Net:   eth0: ethernet@16030000, eth1: ethernet@16040000
switch to partitions #0, OK
mmc1 is current device
found device 1
bootmode flash device 1
** Invalid partition 3 **
Couldn't find partition mmc 1:3
Can't set block device
** Invalid partition 3 **
Couldn't find partition mmc 1:3
Can't set block device
Hit any key to stop autoboot:  2  1  0 
** Invalid partition 3 **
Couldn't find partition mmc 1:3
Can't set block device
Importing environment from mmc1 ...
## Warning: Input data exceeds 1048576 bytes - truncated
## Info: input data size = 1048578 = 0x100002
** Invalid partition 2 **
Couldn't find partition mmc 1:2
Can't set block device
## Warning: defaulting to text format
## Error: "boot2" not defined
switch to partitions #0, OK
mmc1 is current device
Scanning mmc 1:1...
Found U-Boot script /boot.scr.uimg
1595 bytes read in 8 ms (194.3 KiB/s)
## Executing script at 43900000
nife: boot.scr is driving this boot, milestones 218 and 257
nife: tftp server is 192.168.8.206, setenv nife_boot_server to point somewhere else
ethernet@16030000 Waiting for PHY auto negotiation to complete...... done
BOOTP broadcast 1
BOOTP broadcast 2
DHCP client bound to address 192.168.8.200 (258 ms)
Using ethernet@16030000 device
TFTP from server 192.168.8.206; our IP address is 192.168.8.200
Filename 'nife-vf2.img'.
Load address: 0x40200000
Loading: *#################################################################
	 #################################################################
	 #################################################################
	 ######################
	 6.5 MiB/s
done
Bytes transferred = 3177792 (307d40 hex)
Using ethernet@16030000 device
TFTP from server 192.168.8.206; our IP address is 192.168.8.200
Filename 'nife-initrd.img'.
Load address: 0x90000000
Loading: *#################################################################
	 #################################################################
	 #################################################################
	 #################################################################
	 #################################################################
	 #################################################################
	 #################################################################
	 #################################################################
	 #################################################################
	 #################################################################
	 #################################################################
	 #################################################################
	 ############################################
	 7.1 MiB/s
done
Bytes transferred = 12094976 (b88e00 hex)
nife: payload came from net
Moving Image from 0x40200000 to 0x80200000, end=80507000
## Flattened Device Tree blob at 86000000
   Booting using the fdt blob at 0x86000000
   Using Device Tree in place at 0000000086000000, end 000000008600d41a

Starting kernel ...

clk u5_dw_i2c_clk_core already disabled
clk u5_dw_i2c_clk_apb already disabled

nife on RISC-V (rv64, S-mode, Sv39)
  hart 0 booted: high-half kernel, .bss, and the NS16550 console are up.
  running at  : 0xffffffc080224166  (high half: Sv39 paging is on)
  device tree : 0x0000000086000000
  screen      : none (no qemu,fw-cfg-mmio node: this machine has no ramfb to ask for); this console is the UART
  traps       : stvec set; a breakpoint was caught and stepped over (1)
  timer       : 21 ticks in ~0.2s (SBI timer + S-mode interrupt at 100 Hz)
  memory      : device tree parsed, frame allocator up (first frame 0x400a0000)
  smp: 5 core(s) in the device tree, 4 startable
  smp: cpu 0's riscv,isa names user mode and not supervisor: it cannot run this kernel, whatever status and mmu-type claim; not started
  plic: S contexts from the device tree differ from the 2h+1 formula (expected on the JH7110: the disabled S7 shifts every context down one)
  paging      : fine-grained W^X Sv39 tables installed, satp switched (paging on: true)
  isa         : rv64i m a c f d
              : 5 hart(s), mmu sv39 declared and sv39 in use, satp.ASID 0 bits measured; read from the deprecated riscv,isa
  firmware    : OpenSBI 0x10002, SBI 1.0, TIME IPI RFENCE HSM PMU
  cycles      : SBI PMU counter 0, CSR 0xc00, 64 bits
  smp: sbi hsm hart_start (the only mechanism RISC-V defines)
  smp: cpu 0 is not startable by this kernel (disabled, no supervisor
       mode, or an enable-method we do not speak); leaving it alone.
  smp: 4 core(s) online

nife
  isa         : rv64i m a c f d
              : 5 hart(s), mmu sv39 declared and sv39 in use, satp.ASID 0 bits measured; read from the deprecated riscv,isa
  firmware    : OpenSBI 0x10002, SBI 1.0, TIME IPI RFENCE HSM PMU
  stack top       : 0xffffffc080457000
  firmware handoff: 0x0000000086000000  (device tree)
  processors      : 4 online of 5 described, boot cpu hwid 0x1
  memory          : 4096 MiB total, 4072 MiB free (23964 KiB in use)
  console         : NS16550 at 0xffffffc010000000, interrupt line 32
                  : no screen; this console is the UART alone
  interrupts      : PLIC at 0x000000000c000000, this hart's S-mode context 2
  timer           : 100 Hz tick, counter at 4 MHz, interrupts ON
  initrd          : 12094976 bytes at 0x0000000090000000, a nifefs archive of 104 program(s)
  pcie            : none (this machine describes no host bridge)
  iommu           : none (no riscv-iommu-pci function on this machine's bus)
  mmu             : Sv39 on, fine-grained W^X tables installed, one satp, kernel high half at 0xffffffc000000000
                  : kernel root 0x00000000400a1000, live satp root 0x00000000400a1000
  scheduler       : 5 thread(s), round robin, preemptive
nife machine: riscv64, 4 processor(s), 4096 MiB, 100 Hz
  self-test       : exceptions ok      a breakpoint was caught and stepped over (1)
  self-test       : mapping    ok      0xffffffc180000000 -> 0x408cc000, read back 0xc0ffee, unmapped
  self-test       : frames     ok      one frame out and back at 0x408cc000; used 5993 -> Some(5994) -> Some(5993)
  self-test       : timer      ok      the 4MHz counter advanced 80000 and 2 tick(s) arrived in ~20ms
  self-test       : scheduler  ok      thread 5 ran and carried its captured state (0x268026802680268)
nife self-test: 5 of 5 passed
  user address space : process satp activated (kernel half shared), user 0x400000 -> Some((408e0000, Flags(3)))
  userspace   : a program was started at U-mode (yield/yield/exit via ecall)
  user ELF    : an archive; the progenitor composes this machine's userspace at the handoff below
  preemption  : two never-yield threads ran 7172635 and 6454318 iterations, 81 preemptions (a thread that refuses to yield is preempted anyway)
  uart irq    : source 32 (machine description)
  device IRQ  : userspace driver started (holds an Irq cap + a UART mapping); pipe a byte to see it
  virtio      : no block device attached (pass NIFE_DISK to attach one)
  pcie        : no virtio-blk on the bus (pass NIFE_DISK to attach one)
  hw clock    : JH7110 STG CRG at 0x10230000 (named by this machine's device tree): clocks 0x00000000,0x00000000 -> 0x80000000,0x80000000 (running); reset 3 assert 0x007ffffe -> 0x007ffff6, status 0x00000009 (released, 1 polls)
  capability slots: 2 of 64 at peak
  hw entropy  : JH7110 TRNG at 0x1600c000 served 32+32 bytes to a client through a capability that names no device; first draw 3199e907.., second differs; STAT after init 0x00040308 (256-bit: all eight RAND words are the answer); since the pcie line 20867 us, of which bring-up 571 us (window mapped, driver spawned, reseed, first generation; the hw clock line's own console time excluded) and 64 bytes in 65 us (977099 bytes/s over 8 round trips)
nife: the capability core runs on RISC-V.

job-mix: started 32 tasks and 2 servers on 4 online core(s), cntfrq=4000000 Hz
  capability slots: 6 of 64 at peak
job-mix: one job is one of 7 kinds (16 per round, 8 rounds per task per subrun); see crates/job_mix for the mix and what it deliberately leaves out
job-mix: this measures THIS kernel under multi-tasking load; it compares nothing against an event kernel and does not decide design/decisions/0096-process-kernel-or-event-kernel.md
job-mix: each point is the median of 21 repeats, with the fastest and slowest beside it (since 2026-09-19); a transcript before that date printed the best of 3 as ticks= and jpm=, which is a different statistic from a different mix and is not comparable with jpm_median=
job-mix-census: where the kernel placed each thread at spawn: S=echo server, T=task
job-mix-census: core=1 threads=7 T2 T8 T9 T16 T18 T23 T28
job-mix-census: core=2 threads=10 T1 T3 T4 T10 T17 T20 T24 T25 T27 T30
job-mix-census: core=3 threads=8 S0 T5 T11 T12 T14 T21 T22 T29
job-mix-census: core=4 threads=9 S1 T0 T6 T7 T13 T15 T19 T26 T31
job-mix-census: placement decides throughput on real silicon by up to fifteenfold (notes/soak.md, milestone 240), so a jobs-per-minute figure from ONE boot is a draw and not a result; notes/job-mix.md's procedure asks for repeated boots
  capability slots: 9 of 64 at peak
job-mix-repeat: tasks=1 repeat=0 ticks=97130
job-mix-repeat: tasks=1 repeat=1 ticks=96545
job-mix-repeat: tasks=1 repeat=2 ticks=96521
job-mix-repeat: tasks=1 repeat=3 ticks=96384
job-mix-repeat: tasks=1 repeat=4 ticks=96577
job-mix-repeat: tasks=1 repeat=5 ticks=96377
job-mix-repeat: tasks=1 repeat=6 ticks=96335
job-mix-repeat: tasks=1 repeat=7 ticks=96464
job-mix-repeat: tasks=1 repeat=8 ticks=96373
job-mix-repeat: tasks=1 repeat=9 ticks=96241
job-mix-repeat: tasks=1 repeat=10 ticks=96379
job-mix-repeat: tasks=1 repeat=11 ticks=96378
job-mix-repeat: tasks=1 repeat=12 ticks=96284
job-mix-repeat: tasks=1 repeat=13 ticks=96386
job-mix-repeat: tasks=1 repeat=14 ticks=96398
job-mix-repeat: tasks=1 repeat=15 ticks=96390
job-mix-repeat: tasks=1 repeat=16 ticks=96589
job-mix-repeat: tasks=1 repeat=17 ticks=96421
job-mix-repeat: tasks=1 repeat=18 ticks=96410
job-mix-repeat: tasks=1 repeat=19 ticks=96378
job-mix-repeat: tasks=1 repeat=20 ticks=96280
job-mix: tasks=1 jobs=128 repeats=21 ticks_min=96241 ticks_median=96386 ticks_max=97130 jpm_median=318718
job-mix-kind: tasks=1 kind=compute jobs=336 ticks=809760 per_job=2410 region_ticks=0
job-mix-kind: tasks=1 kind=touch jobs=336 ticks=263429 per_job=784 region_ticks=0
job-mix-kind: tasks=1 kind=null_syscall jobs=336 ticks=37130 per_job=110 region_ticks=0
job-mix-kind: tasks=1 kind=yield jobs=336 ticks=34234 per_job=101 region_ticks=0
job-mix-kind: tasks=1 kind=round_trip jobs=672 ticks=360120 per_job=535 region_ticks=0
job-mix-kind: tasks=1 kind=map jobs=336 ticks=124203 per_job=369 region_ticks=39899
job-mix-kind: tasks=1 kind=spawn jobs=336 ticks=389772 per_job=1160 region_ticks=63618
job-mix-repeat: tasks=2 repeat=0 ticks=104835
job-mix-repeat: tasks=2 repeat=1 ticks=104203
job-mix-repeat: tasks=2 repeat=2 ticks=104533
job-mix-repeat: tasks=2 repeat=3 ticks=104449
job-mix-repeat: tasks=2 repeat=4 ticks=104756
job-mix-repeat: tasks=2 repeat=5 ticks=105119
job-mix-repeat: tasks=2 repeat=6 ticks=103562
job-mix-repeat: tasks=2 repeat=7 ticks=104460
job-mix-repeat: tasks=2 repeat=8 ticks=104045
job-mix-repeat: tasks=2 repeat=9 ticks=103974
job-mix-repeat: tasks=2 repeat=10 ticks=103952
job-mix-repeat: tasks=2 repeat=11 ticks=104270
job-mix-repeat: tasks=2 repeat=12 ticks=105284
job-mix-repeat: tasks=2 repeat=13 ticks=104216
job-mix-repeat: tasks=2 repeat=14 ticks=104304
job-mix-repeat: tasks=2 repeat=15 ticks=103762
job-mix-repeat: tasks=2 repeat=16 ticks=104315
job-mix-repeat: tasks=2 repeat=17 ticks=105382
job-mix-repeat: tasks=2 repeat=18 ticks=103620
job-mix-repeat: tasks=2 repeat=19 ticks=104479
job-mix-repeat: tasks=2 repeat=20 ticks=104461
job-mix: tasks=2 jobs=256 repeats=21 ticks_min=103562 ticks_median=104315 ticks_max=105382 jpm_median=588985
job-mix-kind: tasks=2 kind=compute jobs=672 ticks=1654350 per_job=2461 region_ticks=0
job-mix-kind: tasks=2 kind=touch jobs=672 ticks=527556 per_job=785 region_ticks=0
job-mix-kind: tasks=2 kind=null_syscall jobs=672 ticks=77027 per_job=114 region_ticks=0
job-mix-kind: tasks=2 kind=yield jobs=672 ticks=80296 per_job=119 region_ticks=0
job-mix-kind: tasks=2 kind=round_trip jobs=1344 ticks=864993 per_job=643 region_ticks=0
job-mix-kind: tasks=2 kind=map jobs=672 ticks=281610 per_job=419 region_ticks=92232
job-mix-kind: tasks=2 kind=spawn jobs=672 ticks=867428 per_job=1290 region_ticks=148054
job-mix-repeat: tasks=4 repeat=0 ticks=127117
job-mix-repeat: tasks=4 repeat=1 ticks=132200
job-mix-repeat: tasks=4 repeat=2 ticks=120393
job-mix-repeat: tasks=4 repeat=3 ticks=121934
job-mix-repeat: tasks=4 repeat=4 ticks=128905
job-mix-repeat: tasks=4 repeat=5 ticks=130421
job-mix-repeat: tasks=4 repeat=6 ticks=131087
job-mix-repeat: tasks=4 repeat=7 ticks=126849
job-mix-repeat: tasks=4 repeat=8 ticks=130425
job-mix-repeat: tasks=4 repeat=9 ticks=128047
job-mix-repeat: tasks=4 repeat=10 ticks=128961
job-mix-repeat: tasks=4 repeat=11 ticks=129547
job-mix-repeat: tasks=4 repeat=12 ticks=131671
job-mix-repeat: tasks=4 repeat=13 ticks=130529
job-mix-repeat: tasks=4 repeat=14 ticks=130766
job-mix-repeat: tasks=4 repeat=15 ticks=129921
job-mix-repeat: tasks=4 repeat=16 ticks=131551
job-mix-repeat: tasks=4 repeat=17 ticks=131191
job-mix-repeat: tasks=4 repeat=18 ticks=129533
job-mix-repeat: tasks=4 repeat=19 ticks=129128
job-mix-repeat: tasks=4 repeat=20 ticks=131730
job-mix: tasks=4 jobs=512 repeats=21 ticks_min=120393 ticks_median=129921 ticks_max=132200 jpm_median=945805
job-mix-kind: tasks=4 kind=compute jobs=1344 ticks=3398042 per_job=2528 region_ticks=0
job-mix-kind: tasks=4 kind=touch jobs=1344 ticks=1101646 per_job=819 region_ticks=0
job-mix-kind: tasks=4 kind=null_syscall jobs=1344 ticks=162965 per_job=121 region_ticks=0
job-mix-kind: tasks=4 kind=yield jobs=1344 ticks=254344 per_job=189 region_ticks=0
job-mix-kind: tasks=4 kind=round_trip jobs=2688 ticks=2841099 per_job=1056 region_ticks=0
job-mix-kind: tasks=4 kind=map jobs=1344 ticks=619976 per_job=461 region_ticks=206904
job-mix-kind: tasks=4 kind=spawn jobs=1344 ticks=1900703 per_job=1414 region_ticks=316768
job-mix-repeat: tasks=8 repeat=0 ticks=244257
job-mix-repeat: tasks=8 repeat=1 ticks=255364
job-mix-repeat: tasks=8 repeat=2 ticks=245415
job-mix-repeat: tasks=8 repeat=3 ticks=246332
job-mix-repeat: tasks=8 repeat=4 ticks=247024
job-mix-repeat: tasks=8 repeat=5 ticks=237060
job-mix-repeat: tasks=8 repeat=6 ticks=244436
job-mix-repeat: tasks=8 repeat=7 ticks=241812
job-mix-repeat: tasks=8 repeat=8 ticks=243943
job-mix-repeat: tasks=8 repeat=9 ticks=242171
job-mix-repeat: tasks=8 repeat=10 ticks=246529
job-mix-repeat: tasks=8 repeat=11 ticks=241986
job-mix-repeat: tasks=8 repeat=12 ticks=243094
job-mix-repeat: tasks=8 repeat=13 ticks=247718
job-mix-repeat: tasks=8 repeat=14 ticks=248339
job-mix-repeat: tasks=8 repeat=15 ticks=241941
job-mix-repeat: tasks=8 repeat=16 ticks=245082
job-mix-repeat: tasks=8 repeat=17 ticks=242885
job-mix-repeat: tasks=8 repeat=18 ticks=241179
job-mix-repeat: tasks=8 repeat=19 ticks=244597
job-mix-repeat: tasks=8 repeat=20 ticks=247500
job-mix: tasks=8 jobs=1024 repeats=21 ticks_min=237060 ticks_median=244436 ticks_max=255364 jpm_median=1005416
job-mix-kind: tasks=8 kind=compute jobs=2688 ticks=7211027 per_job=2682 region_ticks=0
job-mix-kind: tasks=8 kind=touch jobs=2688 ticks=2352145 per_job=875 region_ticks=0
job-mix-kind: tasks=8 kind=null_syscall jobs=2688 ticks=340054 per_job=126 region_ticks=0
job-mix-kind: tasks=8 kind=yield jobs=2688 ticks=3127282 per_job=1163 region_ticks=0
job-mix-kind: tasks=8 kind=round_trip jobs=5376 ticks=16766705 per_job=3118 region_ticks=0
job-mix-kind: tasks=8 kind=map jobs=2688 ticks=1315720 per_job=489 region_ticks=421914
job-mix-kind: tasks=8 kind=spawn jobs=2688 ticks=6565168 per_job=2442 region_ticks=671228
job-mix-repeat: tasks=16 repeat=0 ticks=483219
job-mix-repeat: tasks=16 repeat=1 ticks=475237
job-mix-repeat: tasks=16 repeat=2 ticks=481661
job-mix-repeat: tasks=16 repeat=3 ticks=477396
job-mix-repeat: tasks=16 repeat=4 ticks=488428
job-mix-repeat: tasks=16 repeat=5 ticks=487582
job-mix-repeat: tasks=16 repeat=6 ticks=489447
job-mix-repeat: tasks=16 repeat=7 ticks=479589
job-mix-repeat: tasks=16 repeat=8 ticks=478474
job-mix-repeat: tasks=16 repeat=9 ticks=481771
job-mix-repeat: tasks=16 repeat=10 ticks=478382
job-mix-repeat: tasks=16 repeat=11 ticks=482253
job-mix-repeat: tasks=16 repeat=12 ticks=479537
job-mix-repeat: tasks=16 repeat=13 ticks=472261
job-mix-repeat: tasks=16 repeat=14 ticks=476938
job-mix-repeat: tasks=16 repeat=15 ticks=482847
job-mix-repeat: tasks=16 repeat=16 ticks=478501
job-mix-repeat: tasks=16 repeat=17 ticks=477082
job-mix-repeat: tasks=16 repeat=18 ticks=476511
job-mix-repeat: tasks=16 repeat=19 ticks=480403
job-mix-repeat: tasks=16 repeat=20 ticks=482718
job-mix: tasks=16 jobs=2048 repeats=21 ticks_min=472261 ticks_median=479589 ticks_max=489447 jpm_median=1024877
job-mix-kind: tasks=16 kind=compute jobs=5376 ticks=15073153 per_job=2803 region_ticks=0
job-mix-kind: tasks=16 kind=touch jobs=5376 ticks=4807986 per_job=894 region_ticks=0
job-mix-kind: tasks=16 kind=null_syscall jobs=5376 ticks=713348 per_job=132 region_ticks=0
job-mix-kind: tasks=16 kind=yield jobs=5376 ticks=16705823 per_job=3107 region_ticks=0
job-mix-kind: tasks=16 kind=round_trip jobs=10752 ticks=93042659 per_job=8653 region_ticks=0
job-mix-kind: tasks=16 kind=map jobs=5376 ticks=2726647 per_job=507 region_ticks=881505
job-mix-kind: tasks=16 kind=spawn jobs=5376 ticks=16741935 per_job=3114 region_ticks=1361553
job-mix-repeat: tasks=32 repeat=0 ticks=954380
job-mix-repeat: tasks=32 repeat=1 ticks=948378
job-mix-repeat: tasks=32 repeat=2 ticks=959481
job-mix-repeat: tasks=32 repeat=3 ticks=947034
job-mix-repeat: tasks=32 repeat=4 ticks=954749
job-mix-repeat: tasks=32 repeat=5 ticks=949681
job-mix-repeat: tasks=32 repeat=6 ticks=948579
job-mix-repeat: tasks=32 repeat=7 ticks=950781
job-mix-repeat: tasks=32 repeat=8 ticks=953399
job-mix-repeat: tasks=32 repeat=9 ticks=952423
job-mix-repeat: tasks=32 repeat=10 ticks=951610
job-mix-repeat: tasks=32 repeat=11 ticks=944844
job-mix-repeat: tasks=32 repeat=12 ticks=952139
job-mix-repeat: tasks=32 repeat=13 ticks=955906
job-mix-repeat: tasks=32 repeat=14 ticks=945436
job-mix-repeat: tasks=32 repeat=15 ticks=956111
job-mix-repeat: tasks=32 repeat=16 ticks=949343
job-mix-repeat: tasks=32 repeat=17 ticks=951815
job-mix-repeat: tasks=32 repeat=18 ticks=945233
job-mix-repeat: tasks=32 repeat=19 ticks=945741
job-mix-repeat: tasks=32 repeat=20 ticks=949594
job-mix: tasks=32 jobs=4096 repeats=21 ticks_min=944844 ticks_median=950781 ticks_max=959481 jpm_median=1033928
job-mix-kind: tasks=32 kind=compute jobs=10752 ticks=30940798 per_job=2877 region_ticks=0
job-mix-kind: tasks=32 kind=touch jobs=10752 ticks=9893758 per_job=920 region_ticks=0
job-mix-kind: tasks=32 kind=null_syscall jobs=10752 ticks=1437114 per_job=133 region_ticks=0
job-mix-kind: tasks=32 kind=yield jobs=10752 ticks=54186959 per_job=5039 region_ticks=0
job-mix-kind: tasks=32 kind=round_trip jobs=21504 ticks=468966543 per_job=21808 region_ticks=0
job-mix-kind: tasks=32 kind=map jobs=10752 ticks=5913089 per_job=549 region_ticks=1876243
job-mix-kind: tasks=32 kind=spawn jobs=10752 ticks=39133408 per_job=3639 region_ticks=2838390
job-mix: done
