
U-Boot SPL 2021.10 (Feb 12 2023 - 18:15:33 +0800)
DDR version: dc2e84f0.
Trying to boot from SPI

OpenSBI v1.2
   ____                    _____ ____ _____
  / __ \                  / ____|  _ \_   _|
 | |  | |_ __   ___ _ __ | (___ | |_) || |
 | |  | | '_ \ / _ \ '_ \ \___ \|  _ < | |
 | |__| | |_) |  __/ | | |____) | |_) || |_
  \____/| .__/ \___|_| |_|_____/|____/_____|
        | |
        |_|

Platform Name             : StarFive VisionFive V2
Platform Features         : medeleg
Platform HART Count       : 5
Platform IPI Device       : aclint-mswi
Platform Timer Device     : aclint-mtimer @ 4000000Hz
Platform Console Device   : uart8250
Platform HSM Device       : jh7110-hsm
Platform PMU Device       : ---
Platform Reboot Device    : pm-reset
Platform Shutdown Device  : pm-reset
Firmware Base             : 0x40000000
Firmware Size             : 292 KB
Runtime SBI Version       : 1.0

Domain0 Name              : root
Domain0 Boot HART         : 1
Domain0 HARTs             : 0*,1*,2*,3*,4*
Domain0 Region00          : 0x0000000002000000-0x000000000200ffff (I)
Domain0 Region01          : 0x0000000040000000-0x000000004007ffff ()
Domain0 Region02          : 0x0000000000000000-0xffffffffffffffff (R,W,X)
Domain0 Next Address      : 0x0000000040200000
Domain0 Next Arg1         : 0x0000000042200000
Domain0 Next Mode         : S-mode
Domain0 SysReset          : yes

Boot HART ID              : 1
Boot HART Domain          : root
Boot HART Priv Version    : v1.11
Boot HART Base ISA        : rv64imafdcbx
Boot HART ISA Extensions  : none
Boot HART PMP Count       : 8
Boot HART PMP Granularity : 4096
Boot HART PMP Address Bits: 34
Boot HART MHPM Count      : 2
Boot HART MIDELEG         : 0x0000000000000222
Boot HART MEDELEG         : 0x000000000000b109


U-Boot 2021.10 (Feb 12 2023 - 18:15:33 +0800), Build: jenkins-VF2_515_Branch_SDK_Release-24

CPU:   rv64imacu
Model: StarFive VisionFive V2
DRAM:  8 GiB
MMC:   sdio0@16010000: 0, sdio1@16020000: 1
Loading Environment from SPIFlash... SF: Detected gd25lq128 with page size 256 Bytes, erase size 4 KiB, total 16 MiB
*** Warning - bad CRC, using default environment

StarFive EEPROM format v2

--------EEPROM INFO--------
Vendor : StarFive Technology Co., Ltd.
Product full SN: VF7110B1-2253-D008E000-00004584
data version: 0x2
PCB revision: 0xb2
BOM revision: A
Ethernet MAC0 address: 6c:cf:39:00:47:2c
Ethernet MAC1 address: 6c:cf:39:00:47:2d
--------EEPROM INFO--------

In:    serial@10000000
Out:   serial@10000000
Err:   serial@10000000
Model: StarFive VisionFive V2
Net:   eth0: ethernet@16030000, eth1: ethernet@16040000
switch to partitions #0, OK
mmc1 is current device
found device 1
bootmode flash device 1
** Invalid partition 3 **
Couldn't find partition mmc 1:3
Can't set block device
** Invalid partition 3 **
Couldn't find partition mmc 1:3
Can't set block device
Hit any key to stop autoboot:  2  1  0 
** Invalid partition 3 **
Couldn't find partition mmc 1:3
Can't set block device
Importing environment from mmc1 ...
## Warning: Input data exceeds 1048576 bytes - truncated
## Info: input data size = 1048578 = 0x100002
** Invalid partition 2 **
Couldn't find partition mmc 1:2
Can't set block device
## Warning: defaulting to text format
## Error: "boot2" not defined
switch to partitions #0, OK
mmc1 is current device
Scanning mmc 1:1...
Found U-Boot script /boot.scr.uimg
1595 bytes read in 7 ms (221.7 KiB/s)
## Executing script at 43900000
nife: boot.scr is driving this boot, milestones 218 and 257
nife: tftp server is 192.168.8.206, setenv nife_boot_server to point somewhere else
ethernet@16030000 Waiting for PHY auto negotiation to complete...... done
BOOTP broadcast 1
BOOTP broadcast 2
DHCP client bound to address 192.168.8.200 (257 ms)
Using ethernet@16030000 device
TFTP from server 192.168.8.206; our IP address is 192.168.8.200
Filename 'nife-vf2.img'.
Load address: 0x40200000
Loading: *#################################################################
	 #################################################################
	 #################################################################
	 ######################
	 6.7 MiB/s
done
Bytes transferred = 3177792 (307d40 hex)
Using ethernet@16030000 device
TFTP from server 192.168.8.206; our IP address is 192.168.8.200
Filename 'nife-initrd.img'.
Load address: 0x90000000
Loading: *#################################################################
	 #################################################################
	 #################################################################
	 #################################################################
	 #################################################################
	 #################################################################
	 #################################################################
	 #################################################################
	 #################################################################
	 #################################################################
	 #################################################################
	 #################################################################
	 ############################################
	 7.3 MiB/s
done
Bytes transferred = 12094976 (b88e00 hex)
nife: payload came from net
Moving Image from 0x40200000 to 0x80200000, end=80507000
## Flattened Device Tree blob at 86000000
   Booting using the fdt blob at 0x86000000
   Using Device Tree in place at 0000000086000000, end 000000008600d41a

Starting kernel ...

clk u5_dw_i2c_clk_core already disabled
clk u5_dw_i2c_clk_apb already disabled

nife on RISC-V (rv64, S-mode, Sv39)
  hart 0 booted: high-half kernel, .bss, and the NS16550 console are up.
  running at  : 0xffffffc08021bf12  (high half: Sv39 paging is on)
  device tree : 0x0000000086000000
  screen      : none (no qemu,fw-cfg-mmio node: this machine has no ramfb to ask for); this console is the UART
  traps       : stvec set; a breakpoint was caught and stepped over (1)
  timer       : 21 ticks in ~0.2s (SBI timer + S-mode interrupt at 100 Hz)
  memory      : device tree parsed, frame allocator up (first frame 0x400a0000)
  smp: 5 core(s) in the device tree, 4 startable
  smp: cpu 0's riscv,isa names user mode and not supervisor: it cannot run this kernel, whatever status and mmu-type claim; not started
  plic: S contexts from the device tree differ from the 2h+1 formula (expected on the JH7110: the disabled S7 shifts every context down one)
  paging      : fine-grained W^X Sv39 tables installed, satp switched (paging on: true)
  isa         : rv64i m a c f d
              : 5 hart(s), mmu sv39 declared and sv39 in use, satp.ASID 0 bits measured; read from the deprecated riscv,isa
  firmware    : OpenSBI 0x10002, SBI 1.0, TIME IPI RFENCE HSM PMU
  cycles      : SBI PMU counter 0, CSR 0xc00, 64 bits
  smp: sbi hsm hart_start (the only mechanism RISC-V defines)
  smp: cpu 0 is not startable by this kernel (disabled, no supervisor
       mode, or an enable-method we do not speak); leaving it alone.
  smp: 4 core(s) online

nife
  isa         : rv64i m a c f d
              : 5 hart(s), mmu sv39 declared and sv39 in use, satp.ASID 0 bits measured; read from the deprecated riscv,isa
  firmware    : OpenSBI 0x10002, SBI 1.0, TIME IPI RFENCE HSM PMU
  stack top       : 0xffffffc080457000
  firmware handoff: 0x0000000086000000  (device tree)
  processors      : 4 online of 5 described, boot cpu hwid 0x1
  memory          : 4096 MiB total, 4072 MiB free (23964 KiB in use)
  console         : NS16550 at 0xffffffc010000000, interrupt line 32
                  : no screen; this console is the UART alone
  interrupts      : PLIC at 0x000000000c000000, this hart's S-mode context 2
  timer           : 100 Hz tick, counter at 4 MHz, interrupts ON
  initrd          : 12094976 bytes at 0x0000000090000000, a nifefs archive of 104 program(s)
  pcie            : none (this machine describes no host bridge)
  iommu           : none (no riscv-iommu-pci function on this machine's bus)
  mmu             : Sv39 on, fine-grained W^X tables installed, one satp, kernel high half at 0xffffffc000000000
                  : kernel root 0x00000000400a1000, live satp root 0x00000000400a1000
  scheduler       : 5 thread(s), round robin, preemptive
nife machine: riscv64, 4 processor(s), 4096 MiB, 100 Hz
  self-test       : exceptions ok      a breakpoint was caught and stepped over (1)
  self-test       : mapping    ok      0xffffffc180000000 -> 0x408cc000, read back 0xc0ffee, unmapped
  self-test       : frames     ok      one frame out and back at 0x408cc000; used 5993 -> Some(5994) -> Some(5993)
  self-test       : timer      ok      the 4MHz counter advanced 80001 and 2 tick(s) arrived in ~20ms
  self-test       : scheduler  ok      thread 5 ran and carried its captured state (0x268026802680268)
nife self-test: 5 of 5 passed
  user address space : process satp activated (kernel half shared), user 0x400000 -> Some((408e0000, Flags(3)))
  userspace   : a program was started at U-mode (yield/yield/exit via ecall)
  user ELF    : an archive; the progenitor composes this machine's userspace at the handoff below
  preemption  : two never-yield threads ran 4381520 and 10947326 iterations, 82 preemptions (a thread that refuses to yield is preempted anyway)
  uart irq    : source 32 (machine description)
  device IRQ  : userspace driver started (holds an Irq cap + a UART mapping); pipe a byte to see it
  virtio      : no block device attached (pass NIFE_DISK to attach one)
  pcie        : no virtio-blk on the bus (pass NIFE_DISK to attach one)
  hw clock    : JH7110 STG CRG at 0x10230000 (named by this machine's device tree): clocks 0x00000000,0x00000000 -> 0x80000000,0x80000000 (running); reset 3 assert 0x007ffffe -> 0x007ffff6, status 0x00000009 (released, 1 polls)
  capability slots: 2 of 64 at peak
  hw entropy  : JH7110 TRNG at 0x1600c000 served 32+32 bytes to a client through a capability that names no device; first draw 4088a320.., second differs; STAT after init 0x00040308 (256-bit: all eight RAND words are the answer); since the pcie line 20852 us, of which bring-up 551 us (window mapped, driver spawned, reseed, first generation; the hw clock line's own console time excluded) and 64 bytes in 66 us (962406 bytes/s over 8 round trips)
nife: the capability core runs on RISC-V.

job-mix: started 32 tasks and 2 servers on 4 online core(s), cntfrq=4000000 Hz
  capability slots: 6 of 64 at peak
job-mix: one job is one of 7 kinds (16 per round, 8 rounds per task per subrun); see crates/job_mix for the mix and what it deliberately leaves out
job-mix: this measures THIS kernel under multi-tasking load; it compares nothing against an event kernel and does not decide design/decisions/0096-process-kernel-or-event-kernel.md
job-mix: each point is the median of 21 repeats, with the fastest and slowest beside it (since 2026-09-19); a transcript before that date printed the best of 3 as ticks= and jpm=, which is a different statistic from a different mix and is not comparable with jpm_median=
job-mix-census: where the kernel placed each thread at spawn: S=echo server, T=task
job-mix-census: core=1 threads=7 T2 T8 T9 T16 T18 T23 T28
job-mix-census: core=2 threads=10 T1 T3 T4 T10 T17 T20 T24 T25 T27 T30
job-mix-census: core=3 threads=8 S0 T5 T11 T12 T14 T21 T22 T29
job-mix-census: core=4 threads=9 S1 T0 T6 T7 T13 T15 T19 T26 T31
job-mix-census: placement decides throughput on real silicon by up to fifteenfold (notes/soak.md, milestone 240), so a jobs-per-minute figure from ONE boot is a draw and not a result; notes/job-mix.md's procedure asks for repeated boots
  capability slots: 9 of 64 at peak
job-mix-repeat: tasks=1 repeat=0 ticks=97669
job-mix-repeat: tasks=1 repeat=1 ticks=97074
job-mix-repeat: tasks=1 repeat=2 ticks=97122
job-mix-repeat: tasks=1 repeat=3 ticks=97059
job-mix-repeat: tasks=1 repeat=4 ticks=97102
job-mix-repeat: tasks=1 repeat=5 ticks=97019
job-mix-repeat: tasks=1 repeat=6 ticks=96994
job-mix-repeat: tasks=1 repeat=7 ticks=97075
job-mix-repeat: tasks=1 repeat=8 ticks=97063
job-mix-repeat: tasks=1 repeat=9 ticks=96867
job-mix-repeat: tasks=1 repeat=10 ticks=97049
job-mix-repeat: tasks=1 repeat=11 ticks=97017
job-mix-repeat: tasks=1 repeat=12 ticks=96910
job-mix-repeat: tasks=1 repeat=13 ticks=97066
job-mix-repeat: tasks=1 repeat=14 ticks=97021
job-mix-repeat: tasks=1 repeat=15 ticks=97099
job-mix-repeat: tasks=1 repeat=16 ticks=97215
job-mix-repeat: tasks=1 repeat=17 ticks=97107
job-mix-repeat: tasks=1 repeat=18 ticks=97025
job-mix-repeat: tasks=1 repeat=19 ticks=97055
job-mix-repeat: tasks=1 repeat=20 ticks=96925
job-mix: tasks=1 jobs=128 repeats=21 ticks_min=96867 ticks_median=97059 ticks_max=97669 jpm_median=316508
job-mix-kind: tasks=1 kind=compute jobs=336 ticks=809494 per_job=2409 region_ticks=0
job-mix-kind: tasks=1 kind=touch jobs=336 ticks=263338 per_job=783 region_ticks=0
job-mix-kind: tasks=1 kind=null_syscall jobs=336 ticks=39738 per_job=118 region_ticks=0
job-mix-kind: tasks=1 kind=yield jobs=336 ticks=36862 per_job=109 region_ticks=0
job-mix-kind: tasks=1 kind=round_trip jobs=672 ticks=366374 per_job=545 region_ticks=0
job-mix-kind: tasks=1 kind=map jobs=336 ticks=125420 per_job=373 region_ticks=39881
job-mix-kind: tasks=1 kind=spawn jobs=336 ticks=390657 per_job=1162 region_ticks=63686
job-mix-repeat: tasks=2 repeat=0 ticks=105779
job-mix-repeat: tasks=2 repeat=1 ticks=105172
job-mix-repeat: tasks=2 repeat=2 ticks=104410
job-mix-repeat: tasks=2 repeat=3 ticks=105522
job-mix-repeat: tasks=2 repeat=4 ticks=105044
job-mix-repeat: tasks=2 repeat=5 ticks=104528
job-mix-repeat: tasks=2 repeat=6 ticks=105527
job-mix-repeat: tasks=2 repeat=7 ticks=105272
job-mix-repeat: tasks=2 repeat=8 ticks=104561
job-mix-repeat: tasks=2 repeat=9 ticks=104607
job-mix-repeat: tasks=2 repeat=10 ticks=105164
job-mix-repeat: tasks=2 repeat=11 ticks=104822
job-mix-repeat: tasks=2 repeat=12 ticks=105145
job-mix-repeat: tasks=2 repeat=13 ticks=104250
job-mix-repeat: tasks=2 repeat=14 ticks=104870
job-mix-repeat: tasks=2 repeat=15 ticks=104711
job-mix-repeat: tasks=2 repeat=16 ticks=103864
job-mix-repeat: tasks=2 repeat=17 ticks=104780
job-mix-repeat: tasks=2 repeat=18 ticks=104900
job-mix-repeat: tasks=2 repeat=19 ticks=105366
job-mix-repeat: tasks=2 repeat=20 ticks=104631
job-mix: tasks=2 jobs=256 repeats=21 ticks_min=103864 ticks_median=104870 ticks_max=105779 jpm_median=585868
job-mix-kind: tasks=2 kind=compute jobs=672 ticks=1653097 per_job=2459 region_ticks=0
job-mix-kind: tasks=2 kind=touch jobs=672 ticks=528729 per_job=786 region_ticks=0
job-mix-kind: tasks=2 kind=null_syscall jobs=672 ticks=81358 per_job=121 region_ticks=0
job-mix-kind: tasks=2 kind=yield jobs=672 ticks=85190 per_job=126 region_ticks=0
job-mix-kind: tasks=2 kind=round_trip jobs=1344 ticks=875972 per_job=651 region_ticks=0
job-mix-kind: tasks=2 kind=map jobs=672 ticks=279921 per_job=416 region_ticks=90999
job-mix-kind: tasks=2 kind=spawn jobs=672 ticks=870669 per_job=1295 region_ticks=146665
job-mix-repeat: tasks=4 repeat=0 ticks=130808
job-mix-repeat: tasks=4 repeat=1 ticks=130530
job-mix-repeat: tasks=4 repeat=2 ticks=128022
job-mix-repeat: tasks=4 repeat=3 ticks=130014
job-mix-repeat: tasks=4 repeat=4 ticks=133436
job-mix-repeat: tasks=4 repeat=5 ticks=130600
job-mix-repeat: tasks=4 repeat=6 ticks=129352
job-mix-repeat: tasks=4 repeat=7 ticks=130321
job-mix-repeat: tasks=4 repeat=8 ticks=131203
job-mix-repeat: tasks=4 repeat=9 ticks=129700
job-mix-repeat: tasks=4 repeat=10 ticks=132067
job-mix-repeat: tasks=4 repeat=11 ticks=130167
job-mix-repeat: tasks=4 repeat=12 ticks=130635
job-mix-repeat: tasks=4 repeat=13 ticks=129187
job-mix-repeat: tasks=4 repeat=14 ticks=127344
job-mix-repeat: tasks=4 repeat=15 ticks=129371
job-mix-repeat: tasks=4 repeat=16 ticks=131962
job-mix-repeat: tasks=4 repeat=17 ticks=124272
job-mix-repeat: tasks=4 repeat=18 ticks=130358
job-mix-repeat: tasks=4 repeat=19 ticks=129889
job-mix-repeat: tasks=4 repeat=20 ticks=131828
job-mix: tasks=4 jobs=512 repeats=21 ticks_min=124272 ticks_median=130321 ticks_max=133436 jpm_median=942902
job-mix-kind: tasks=4 kind=compute jobs=1344 ticks=3400953 per_job=2530 region_ticks=0
job-mix-kind: tasks=4 kind=touch jobs=1344 ticks=1101580 per_job=819 region_ticks=0
job-mix-kind: tasks=4 kind=null_syscall jobs=1344 ticks=173295 per_job=128 region_ticks=0
job-mix-kind: tasks=4 kind=yield jobs=1344 ticks=267445 per_job=198 region_ticks=0
job-mix-kind: tasks=4 kind=round_trip jobs=2688 ticks=2893831 per_job=1076 region_ticks=0
job-mix-kind: tasks=4 kind=map jobs=1344 ticks=621883 per_job=462 region_ticks=205930
job-mix-kind: tasks=4 kind=spawn jobs=1344 ticks=1909532 per_job=1420 region_ticks=316662
job-mix-repeat: tasks=8 repeat=0 ticks=246849
job-mix-repeat: tasks=8 repeat=1 ticks=240871
job-mix-repeat: tasks=8 repeat=2 ticks=248104
job-mix-repeat: tasks=8 repeat=3 ticks=246246
job-mix-repeat: tasks=8 repeat=4 ticks=249022
job-mix-repeat: tasks=8 repeat=5 ticks=247753
job-mix-repeat: tasks=8 repeat=6 ticks=244266
job-mix-repeat: tasks=8 repeat=7 ticks=241156
job-mix-repeat: tasks=8 repeat=8 ticks=244582
job-mix-repeat: tasks=8 repeat=9 ticks=241844
job-mix-repeat: tasks=8 repeat=10 ticks=241916
job-mix-repeat: tasks=8 repeat=11 ticks=242929
job-mix-repeat: tasks=8 repeat=12 ticks=247113
job-mix-repeat: tasks=8 repeat=13 ticks=242187
job-mix-repeat: tasks=8 repeat=14 ticks=242428
job-mix-repeat: tasks=8 repeat=15 ticks=248282
job-mix-repeat: tasks=8 repeat=16 ticks=241222
job-mix-repeat: tasks=8 repeat=17 ticks=244772
job-mix-repeat: tasks=8 repeat=18 ticks=249761
job-mix-repeat: tasks=8 repeat=19 ticks=240258
job-mix-repeat: tasks=8 repeat=20 ticks=244992
job-mix: tasks=8 jobs=1024 repeats=21 ticks_min=240258 ticks_median=244582 ticks_max=249761 jpm_median=1004816
job-mix-kind: tasks=8 kind=compute jobs=2688 ticks=7202617 per_job=2679 region_ticks=0
job-mix-kind: tasks=8 kind=touch jobs=2688 ticks=2346713 per_job=873 region_ticks=0
job-mix-kind: tasks=8 kind=null_syscall jobs=2688 ticks=359384 per_job=133 region_ticks=0
job-mix-kind: tasks=8 kind=yield jobs=2688 ticks=3088780 per_job=1149 region_ticks=0
job-mix-kind: tasks=8 kind=round_trip jobs=5376 ticks=17014417 per_job=3164 region_ticks=0
job-mix-kind: tasks=8 kind=map jobs=2688 ticks=1318507 per_job=490 region_ticks=426213
job-mix-kind: tasks=8 kind=spawn jobs=2688 ticks=6606437 per_job=2457 region_ticks=655167
job-mix-repeat: tasks=16 repeat=0 ticks=483289
job-mix-repeat: tasks=16 repeat=1 ticks=480562
job-mix-repeat: tasks=16 repeat=2 ticks=482445
job-mix-repeat: tasks=16 repeat=3 ticks=481151
job-mix-repeat: tasks=16 repeat=4 ticks=479395
job-mix-repeat: tasks=16 repeat=5 ticks=487946
job-mix-repeat: tasks=16 repeat=6 ticks=485063
job-mix-repeat: tasks=16 repeat=7 ticks=478737
job-mix-repeat: tasks=16 repeat=8 ticks=493338
job-mix-repeat: tasks=16 repeat=9 ticks=478325
job-mix-repeat: tasks=16 repeat=10 ticks=484478
job-mix-repeat: tasks=16 repeat=11 ticks=490611
job-mix-repeat: tasks=16 repeat=12 ticks=489234
job-mix-repeat: tasks=16 repeat=13 ticks=492637
job-mix-repeat: tasks=16 repeat=14 ticks=479585
job-mix-repeat: tasks=16 repeat=15 ticks=479101
job-mix-repeat: tasks=16 repeat=16 ticks=480542
job-mix-repeat: tasks=16 repeat=17 ticks=492995
job-mix-repeat: tasks=16 repeat=18 ticks=480543
job-mix-repeat: tasks=16 repeat=19 ticks=496342
job-mix-repeat: tasks=16 repeat=20 ticks=487535
job-mix: tasks=16 jobs=2048 repeats=21 ticks_min=478325 ticks_median=483289 ticks_max=496342 jpm_median=1017031
job-mix-kind: tasks=16 kind=compute jobs=5376 ticks=15112970 per_job=2811 region_ticks=0
job-mix-kind: tasks=16 kind=touch jobs=5376 ticks=4850347 per_job=902 region_ticks=0
job-mix-kind: tasks=16 kind=null_syscall jobs=5376 ticks=748755 per_job=139 region_ticks=0
job-mix-kind: tasks=16 kind=yield jobs=5376 ticks=16725022 per_job=3111 region_ticks=0
job-mix-kind: tasks=16 kind=round_trip jobs=10752 ticks=94624264 per_job=8800 region_ticks=0
job-mix-kind: tasks=16 kind=map jobs=5376 ticks=2791422 per_job=519 region_ticks=908196
job-mix-kind: tasks=16 kind=spawn jobs=5376 ticks=16878515 per_job=3139 region_ticks=1380980
job-mix-repeat: tasks=32 repeat=0 ticks=958362
job-mix-repeat: tasks=32 repeat=1 ticks=958600
job-mix-repeat: tasks=32 repeat=2 ticks=956976
job-mix-repeat: tasks=32 repeat=3 ticks=959121
job-mix-repeat: tasks=32 repeat=4 ticks=950264
job-mix-repeat: tasks=32 repeat=5 ticks=959445
job-mix-repeat: tasks=32 repeat=6 ticks=953110
job-mix-repeat: tasks=32 repeat=7 ticks=956809
job-mix-repeat: tasks=32 repeat=8 ticks=954455
job-mix-repeat: tasks=32 repeat=9 ticks=950617
job-mix-repeat: tasks=32 repeat=10 ticks=959159
job-mix-repeat: tasks=32 repeat=11 ticks=951190
job-mix-repeat: tasks=32 repeat=12 ticks=953475
job-mix-repeat: tasks=32 repeat=13 ticks=949988
job-mix-repeat: tasks=32 repeat=14 ticks=956626
job-mix-repeat: tasks=32 repeat=15 ticks=956890
job-mix-repeat: tasks=32 repeat=16 ticks=962680
job-mix-repeat: tasks=32 repeat=17 ticks=955075
job-mix-repeat: tasks=32 repeat=18 ticks=955296
job-mix-repeat: tasks=32 repeat=19 ticks=950436
job-mix-repeat: tasks=32 repeat=20 ticks=958101
job-mix: tasks=32 jobs=4096 repeats=21 ticks_min=949988 ticks_median=956626 ticks_max=962680 jpm_median=1027611
job-mix-kind: tasks=32 kind=compute jobs=10752 ticks=31234521 per_job=2904 region_ticks=0
job-mix-kind: tasks=32 kind=touch jobs=10752 ticks=10015536 per_job=931 region_ticks=0
job-mix-kind: tasks=32 kind=null_syscall jobs=10752 ticks=1529608 per_job=142 region_ticks=0
job-mix-kind: tasks=32 kind=yield jobs=10752 ticks=53882955 per_job=5011 region_ticks=0
job-mix-kind: tasks=32 kind=round_trip jobs=21504 ticks=470081061 per_job=21860 region_ticks=0
job-mix-kind: tasks=32 kind=map jobs=10752 ticks=5948958 per_job=553 region_ticks=1888451
job-mix-kind: tasks=32 kind=spawn jobs=10752 ticks=40250091 per_job=3743 region_ticks=2828980
job-mix: done
