
U-Boot SPL 2021.10 (Feb 12 2023 - 18:15:33 +0800)
DDR version: dc2e84f0.
Trying to boot from SPI

OpenSBI v1.2
   ____                    _____ ____ _____
  / __ \                  / ____|  _ \_   _|
 | |  | |_ __   ___ _ __ | (___ | |_) || |
 | |  | | '_ \ / _ \ '_ \ \___ \|  _ < | |
 | |__| | |_) |  __/ | | |____) | |_) || |_
  \____/| .__/ \___|_| |_|_____/|____/_____|
        | |
        |_|

Platform Name             : StarFive VisionFive V2
Platform Features         : medeleg
Platform HART Count       : 5
Platform IPI Device       : aclint-mswi
Platform Timer Device     : aclint-mtimer @ 4000000Hz
Platform Console Device   : uart8250
Platform HSM Device       : jh7110-hsm
Platform PMU Device       : ---
Platform Reboot Device    : pm-reset
Platform Shutdown Device  : pm-reset
Firmware Base             : 0x40000000
Firmware Size             : 292 KB
Runtime SBI Version       : 1.0

Domain0 Name              : root
Domain0 Boot HART         : 1
Domain0 HARTs             : 0*,1*,2*,3*,4*
Domain0 Region00          : 0x0000000002000000-0x000000000200ffff (I)
Domain0 Region01          : 0x0000000040000000-0x000000004007ffff ()
Domain0 Region02          : 0x0000000000000000-0xffffffffffffffff (R,W,X)
Domain0 Next Address      : 0x0000000040200000
Domain0 Next Arg1         : 0x0000000042200000
Domain0 Next Mode         : S-mode
Domain0 SysReset          : yes

Boot HART ID              : 1
Boot HART Domain          : root
Boot HART Priv Version    : v1.11
Boot HART Base ISA        : rv64imafdcbx
Boot HART ISA Extensions  : none
Boot HART PMP Count       : 8
Boot HART PMP Granularity : 4096
Boot HART PMP Address Bits: 34
Boot HART MHPM Count      : 2
Boot HART MIDELEG         : 0x0000000000000222
Boot HART MEDELEG         : 0x000000000000b109


U-Boot 2021.10 (Feb 12 2023 - 18:15:33 +0800), Build: jenkins-VF2_515_Branch_SDK_Release-24

CPU:   rv64imacu
Model: StarFive VisionFive V2
DRAM:  8 GiB
MMC:   sdio0@16010000: 0, sdio1@16020000: 1
Loading Environment from SPIFlash... SF: Detected gd25lq128 with page size 256 Bytes, erase size 4 KiB, total 16 MiB
*** Warning - bad CRC, using default environment

StarFive EEPROM format v2

--------EEPROM INFO--------
Vendor : StarFive Technology Co., Ltd.
Product full SN: VF7110B1-2253-D008E000-00004584
data version: 0x2
PCB revision: 0xb2
BOM revision: A
Ethernet MAC0 address: 6c:cf:39:00:47:2c
Ethernet MAC1 address: 6c:cf:39:00:47:2d
--------EEPROM INFO--------

In:    serial@10000000
Out:   serial@10000000
Err:   serial@10000000
Model: StarFive VisionFive V2
Net:   eth0: ethernet@16030000, eth1: ethernet@16040000
switch to partitions #0, OK
mmc1 is current device
found device 1
bootmode flash device 1
** Invalid partition 3 **
Couldn't find partition mmc 1:3
Can't set block device
** Invalid partition 3 **
Couldn't find partition mmc 1:3
Can't set block device
Hit any key to stop autoboot:  2  1  0 
** Invalid partition 3 **
Couldn't find partition mmc 1:3
Can't set block device
Importing environment from mmc1 ...
## Warning: Input data exceeds 1048576 bytes - truncated
## Info: input data size = 1048578 = 0x100002
** Invalid partition 2 **
Couldn't find partition mmc 1:2
Can't set block device
## Warning: defaulting to text format
## Error: "boot2" not defined
switch to partitions #0, OK
mmc1 is current device
Scanning mmc 1:1...
Found U-Boot script /boot.scr.uimg
1595 bytes read in 8 ms (194.3 KiB/s)
## Executing script at 43900000
nife: boot.scr is driving this boot, milestones 218 and 257
nife: tftp server is 192.168.8.206, setenv nife_boot_server to point somewhere else
ethernet@16030000 Waiting for PHY auto negotiation to complete......... TIMEOUT !
phy_startup() failed: -110FAILED: -110ethernet@16040000 Waiting for PHY auto negotiation to complete...... done
BOOTP broadcast 1
BOOTP broadcast 2
DHCP client bound to address 192.168.8.185 (257 ms)
Using ethernet@16040000 device
TFTP from server 192.168.8.206; our IP address is 192.168.8.185
Filename 'nife-vf2.img'.
Load address: 0x40200000
Loading: *#################################################################
	 #################################################################
	 #################################################################
	 ###################
	 5 MiB/s
done
Bytes transferred = 3128576 (2fbd00 hex)
Using ethernet@16040000 device
TFTP from server 192.168.8.206; our IP address is 192.168.8.185
Filename 'nife-initrd.img'.
Load address: 0x90000000
Loading: *#################################################################
	 #################################################################
	 #################################################################
	 #################################################################
	 #################################################################
	 #################################################################
	 #################################################################
	 #################################################################
	 #################################################################
	 #################################################################
	 #################################################################
	 #################################################################
	 ########
	 6.8 MiB/s
done
Bytes transferred = 11565056 (b07800 hex)
nife: payload came from net
Moving Image from 0x40200000 to 0x80200000, end=804fb000
## Flattened Device Tree blob at 86000000
   Booting using the fdt blob at 0x86000000
   Using Device Tree in place at 0000000086000000, end 000000008600d41a

Starting kernel ...

clk u5_dw_i2c_clk_core already disabled
clk u5_dw_i2c_clk_apb already disabled

nife on RISC-V (rv64, S-mode, Sv39)
  hart 0 booted: high-half kernel, .bss, and the NS16550 console are up.
  running at  : 0xffffffc08021783c  (high half: Sv39 paging is on)
  device tree : 0x0000000086000000
  screen      : none (no qemu,fw-cfg-mmio node: this machine has no ramfb to ask for); this console is the UART
  traps       : stvec set; a breakpoint was caught and stepped over (1)
  timer       : 21 ticks in ~0.2s (SBI timer + S-mode interrupt at 100 Hz)
  memory      : device tree parsed, frame allocator up (first frame 0x400a0000)
  smp: 5 core(s) in the device tree, 4 startable
  smp: cpu 0's riscv,isa names user mode and not supervisor: it cannot run this kernel, whatever status and mmu-type claim; not started
  plic: S contexts from the device tree differ from the 2h+1 formula (expected on the JH7110: the disabled S7 shifts every context down one)
  paging      : fine-grained W^X Sv39 tables installed, satp switched (paging on: true)
  isa         : rv64i m a c f d
              : 5 hart(s), mmu sv39 declared and sv39 in use, satp.ASID 0 bits measured; read from the deprecated riscv,isa
  firmware    : OpenSBI 0x10002, SBI 1.0, TIME IPI RFENCE HSM PMU
  cycles      : SBI PMU counter 0, CSR 0xc00, 64 bits
  smp: sbi hsm hart_start (the only mechanism RISC-V defines)
  smp: cpu 0 is not startable by this kernel (disabled, no supervisor
       mode, or an enable-method we do not speak); leaving it alone.
  smp: 4 core(s) online

nife
  isa         : rv64i m a c f d
              : 5 hart(s), mmu sv39 declared and sv39 in use, satp.ASID 0 bits measured; read from the deprecated riscv,isa
  firmware    : OpenSBI 0x10002, SBI 1.0, TIME IPI RFENCE HSM PMU
  stack top       : 0xffffffc08044b000
  firmware handoff: 0x0000000086000000  (device tree)
  processors      : 4 online of 5 described, boot cpu hwid 0x1
  memory          : 4096 MiB total, 4073 MiB free (23400 KiB in use)
  console         : NS16550 at 0xffffffc010000000, interrupt line 32
                  : no screen; this console is the UART alone
  interrupts      : PLIC at 0x000000000c000000, this hart's S-mode context 2
  timer           : 100 Hz tick, counter at 4 MHz, interrupts ON
  initrd          : 11565056 bytes at 0x0000000090000000, a nifefs archive of 103 program(s)
  pcie            : none (this machine describes no host bridge)
  iommu           : none (no riscv-iommu-pci function on this machine's bus)
  mmu             : Sv39 on, fine-grained W^X tables installed, one satp, kernel high half at 0xffffffc000000000
                  : kernel root 0x00000000400a1000, live satp root 0x00000000400a1000
  scheduler       : 5 thread(s), round robin, preemptive
nife machine: riscv64, 4 processor(s), 4096 MiB, 100 Hz
  self-test       : exceptions ok      a breakpoint was caught and stepped over (1)
  self-test       : mapping    ok      0xffffffc180000000 -> 0x408cc000, read back 0xc0ffee, unmapped
  self-test       : frames     ok      one frame out and back at 0x408cc000; used 5852 -> Some(5853) -> Some(5852)
  self-test       : timer      ok      the 4MHz counter advanced 80001 and 2 tick(s) arrived in ~20ms
  self-test       : scheduler  ok      thread 5 ran and carried its captured state (0x268026802680268)
nife self-test: 5 of 5 passed
  user address space : process satp activated (kernel half shared), user 0x400000 -> Some((408e0000, Flags(3)))
  userspace   : a program was started at U-mode (yield/yield/exit via ecall)
  user ELF    : an archive; the progenitor composes this machine's userspace at the handoff below
  preemption  : two never-yield threads ran 7272097 and 6574051 iterations, 82 preemptions (a thread that refuses to yield is preempted anyway)
  uart irq    : source 32 (machine description)
  device IRQ  : userspace driver started (holds an Irq cap + a UART mapping); pipe a byte to see it
  virtio      : no block device attached (pass NIFE_DISK to attach one)
  pcie        : no virtio-blk on the bus (pass NIFE_DISK to attach one)
  hw clock    : JH7110 STG CRG at 0x10230000 (named by this machine's device tree): clocks 0x00000000,0x00000000 -> 0x80000000,0x80000000 (running); reset 3 assert 0x007ffffe -> 0x007ffff6, status 0x00000009 (released, 1 polls)
  capability slots: 2 of 32 at peak
  hw entropy  : JH7110 TRNG at 0x1600c000 served 32+32 bytes to a client through a capability that names no device; first draw 5d0ed0a6.., second differs; STAT after init 0x00040308 (256-bit: all eight RAND words are the answer); since the pcie line 20870 us, of which bring-up 564 us (window mapped, driver spawned, reseed, first generation; the hw clock line's own console time excluded) and 64 bytes in 63 us (1011857 bytes/s over 8 round trips)
nife: the capability core runs on RISC-V.

job-mix: started 32 tasks and 2 servers on 4 online core(s), cntfrq=4000000 Hz
  capability slots: 6 of 32 at peak
job-mix: one job is one of 7 kinds (16 per round, 8 rounds per task per subrun); see crates/job_mix for the mix and what it deliberately leaves out
job-mix: this measures THIS kernel under multi-tasking load; it compares nothing against an event kernel and does not decide design/decisions/0096-process-kernel-or-event-kernel.md
job-mix: each point is the median of 21 repeats, with the fastest and slowest beside it (since 2026-09-19); a transcript before that date printed the best of 3 as ticks= and jpm=, which is a different statistic from a different mix and is not comparable with jpm_median=
job-mix-census: where the kernel placed each thread at spawn: S=echo server, T=task
job-mix-census: core=1 threads=7 T2 T8 T9 T16 T18 T23 T28
job-mix-census: core=2 threads=10 T1 T3 T4 T10 T17 T20 T24 T25 T27 T30
job-mix-census: core=3 threads=8 S0 T5 T11 T12 T14 T21 T22 T29
job-mix-census: core=4 threads=9 S1 T0 T6 T7 T13 T15 T19 T26 T31
job-mix-census: placement decides throughput on real silicon by up to fifteenfold (notes/soak.md, milestone 240), so a jobs-per-minute figure from ONE boot is a draw and not a result; notes/job-mix.md's procedure asks for repeated boots
  capability slots: 9 of 32 at peak
job-mix-repeat: tasks=1 repeat=0 ticks=95125
job-mix-repeat: tasks=1 repeat=1 ticks=94370
job-mix-repeat: tasks=1 repeat=2 ticks=94357
job-mix-repeat: tasks=1 repeat=3 ticks=94190
job-mix-repeat: tasks=1 repeat=4 ticks=94346
job-mix-repeat: tasks=1 repeat=5 ticks=94178
job-mix-repeat: tasks=1 repeat=6 ticks=94231
job-mix-repeat: tasks=1 repeat=7 ticks=94294
job-mix-repeat: tasks=1 repeat=8 ticks=94196
job-mix-repeat: tasks=1 repeat=9 ticks=94056
job-mix-repeat: tasks=1 repeat=10 ticks=94219
job-mix-repeat: tasks=1 repeat=11 ticks=94264
job-mix-repeat: tasks=1 repeat=12 ticks=94120
job-mix-repeat: tasks=1 repeat=13 ticks=94183
job-mix-repeat: tasks=1 repeat=14 ticks=94221
job-mix-repeat: tasks=1 repeat=15 ticks=94274
job-mix-repeat: tasks=1 repeat=16 ticks=94405
job-mix-repeat: tasks=1 repeat=17 ticks=94302
job-mix-repeat: tasks=1 repeat=18 ticks=94186
job-mix-repeat: tasks=1 repeat=19 ticks=94238
job-mix-repeat: tasks=1 repeat=20 ticks=94116
job-mix: tasks=1 jobs=128 repeats=21 ticks_min=94056 ticks_median=94231 ticks_max=95125 jpm_median=326007
job-mix-kind: tasks=1 kind=compute jobs=336 ticks=809519 per_job=2409 region_ticks=0
job-mix-kind: tasks=1 kind=touch jobs=336 ticks=263095 per_job=783 region_ticks=0
job-mix-kind: tasks=1 kind=null_syscall jobs=336 ticks=33276 per_job=99 region_ticks=0
job-mix-kind: tasks=1 kind=yield jobs=336 ticks=27441 per_job=81 region_ticks=0
job-mix-kind: tasks=1 kind=round_trip jobs=672 ticks=323261 per_job=481 region_ticks=0
job-mix-kind: tasks=1 kind=map jobs=336 ticks=118764 per_job=353 region_ticks=36291
job-mix-kind: tasks=1 kind=spawn jobs=336 ticks=397931 per_job=1184 region_ticks=56448
job-mix-repeat: tasks=2 repeat=0 ticks=105122
job-mix-repeat: tasks=2 repeat=1 ticks=104855
job-mix-repeat: tasks=2 repeat=2 ticks=105275
job-mix-repeat: tasks=2 repeat=3 ticks=104082
job-mix-repeat: tasks=2 repeat=4 ticks=105422
job-mix-repeat: tasks=2 repeat=5 ticks=105800
job-mix-repeat: tasks=2 repeat=6 ticks=105152
job-mix-repeat: tasks=2 repeat=7 ticks=104886
job-mix-repeat: tasks=2 repeat=8 ticks=105408
job-mix-repeat: tasks=2 repeat=9 ticks=104736
job-mix-repeat: tasks=2 repeat=10 ticks=106156
job-mix-repeat: tasks=2 repeat=11 ticks=105247
job-mix-repeat: tasks=2 repeat=12 ticks=105017
job-mix-repeat: tasks=2 repeat=13 ticks=105703
job-mix-repeat: tasks=2 repeat=14 ticks=105547
job-mix-repeat: tasks=2 repeat=15 ticks=104304
job-mix-repeat: tasks=2 repeat=16 ticks=105034
job-mix-repeat: tasks=2 repeat=17 ticks=104522
job-mix-repeat: tasks=2 repeat=18 ticks=104479
job-mix-repeat: tasks=2 repeat=19 ticks=104588
job-mix-repeat: tasks=2 repeat=20 ticks=105481
job-mix: tasks=2 jobs=256 repeats=21 ticks_min=104082 ticks_median=105122 ticks_max=106156 jpm_median=584463
job-mix-kind: tasks=2 kind=compute jobs=672 ticks=1653179 per_job=2460 region_ticks=0
job-mix-kind: tasks=2 kind=touch jobs=672 ticks=530801 per_job=789 region_ticks=0
job-mix-kind: tasks=2 kind=null_syscall jobs=672 ticks=78981 per_job=117 region_ticks=0
job-mix-kind: tasks=2 kind=yield jobs=672 ticks=68942 per_job=102 region_ticks=0
job-mix-kind: tasks=2 kind=round_trip jobs=1344 ticks=883821 per_job=657 region_ticks=0
job-mix-kind: tasks=2 kind=map jobs=672 ticks=285954 per_job=425 region_ticks=82462
job-mix-kind: tasks=2 kind=spawn jobs=672 ticks=883372 per_job=1314 region_ticks=127042
job-mix-repeat: tasks=4 repeat=0 ticks=131683
job-mix-repeat: tasks=4 repeat=1 ticks=131695
job-mix-repeat: tasks=4 repeat=2 ticks=130756
job-mix-repeat: tasks=4 repeat=3 ticks=128776
job-mix-repeat: tasks=4 repeat=4 ticks=133046
job-mix-repeat: tasks=4 repeat=5 ticks=125205
job-mix-repeat: tasks=4 repeat=6 ticks=132566
job-mix-repeat: tasks=4 repeat=7 ticks=132864
job-mix-repeat: tasks=4 repeat=8 ticks=133133
job-mix-repeat: tasks=4 repeat=9 ticks=134146
job-mix-repeat: tasks=4 repeat=10 ticks=135273
job-mix-repeat: tasks=4 repeat=11 ticks=133974
job-mix-repeat: tasks=4 repeat=12 ticks=132546
job-mix-repeat: tasks=4 repeat=13 ticks=128074
job-mix-repeat: tasks=4 repeat=14 ticks=126272
job-mix-repeat: tasks=4 repeat=15 ticks=132284
job-mix-repeat: tasks=4 repeat=16 ticks=136186
job-mix-repeat: tasks=4 repeat=17 ticks=131821
job-mix-repeat: tasks=4 repeat=18 ticks=128967
job-mix-repeat: tasks=4 repeat=19 ticks=130800
job-mix-repeat: tasks=4 repeat=20 ticks=133077
job-mix: tasks=4 jobs=512 repeats=21 ticks_min=125205 ticks_median=132284 ticks_max=136186 jpm_median=928910
job-mix-kind: tasks=4 kind=compute jobs=1344 ticks=3426365 per_job=2549 region_ticks=0
job-mix-kind: tasks=4 kind=touch jobs=1344 ticks=1113181 per_job=828 region_ticks=0
job-mix-kind: tasks=4 kind=null_syscall jobs=1344 ticks=198390 per_job=147 region_ticks=0
job-mix-kind: tasks=4 kind=yield jobs=1344 ticks=236416 per_job=175 region_ticks=0
job-mix-kind: tasks=4 kind=round_trip jobs=2688 ticks=2861134 per_job=1064 region_ticks=0
job-mix-kind: tasks=4 kind=map jobs=1344 ticks=677477 per_job=504 region_ticks=185290
job-mix-kind: tasks=4 kind=spawn jobs=1344 ticks=1988241 per_job=1479 region_ticks=285252
job-mix-repeat: tasks=8 repeat=0 ticks=251446
job-mix-repeat: tasks=8 repeat=1 ticks=246610
job-mix-repeat: tasks=8 repeat=2 ticks=244869
job-mix-repeat: tasks=8 repeat=3 ticks=253863
job-mix-repeat: tasks=8 repeat=4 ticks=249665
job-mix-repeat: tasks=8 repeat=5 ticks=251391
job-mix-repeat: tasks=8 repeat=6 ticks=252920
job-mix-repeat: tasks=8 repeat=7 ticks=250769
job-mix-repeat: tasks=8 repeat=8 ticks=251172
job-mix-repeat: tasks=8 repeat=9 ticks=248762
job-mix-repeat: tasks=8 repeat=10 ticks=247600
job-mix-repeat: tasks=8 repeat=11 ticks=254364
job-mix-repeat: tasks=8 repeat=12 ticks=248327
job-mix-repeat: tasks=8 repeat=13 ticks=252027
job-mix-repeat: tasks=8 repeat=14 ticks=257222
job-mix-repeat: tasks=8 repeat=15 ticks=258491
job-mix-repeat: tasks=8 repeat=16 ticks=254744
job-mix-repeat: tasks=8 repeat=17 ticks=246869
job-mix-repeat: tasks=8 repeat=18 ticks=250134
job-mix-repeat: tasks=8 repeat=19 ticks=250006
job-mix-repeat: tasks=8 repeat=20 ticks=242712
job-mix: tasks=8 jobs=1024 repeats=21 ticks_min=242712 ticks_median=250769 ticks_max=258491 jpm_median=980025
job-mix-kind: tasks=8 kind=compute jobs=2688 ticks=7238616 per_job=2692 region_ticks=0
job-mix-kind: tasks=8 kind=touch jobs=2688 ticks=2370780 per_job=881 region_ticks=0
job-mix-kind: tasks=8 kind=null_syscall jobs=2688 ticks=424705 per_job=158 region_ticks=0
job-mix-kind: tasks=8 kind=yield jobs=2688 ticks=3059478 per_job=1138 region_ticks=0
job-mix-kind: tasks=8 kind=round_trip jobs=5376 ticks=17214125 per_job=3202 region_ticks=0
job-mix-kind: tasks=8 kind=map jobs=2688 ticks=1475829 per_job=549 region_ticks=384992
job-mix-kind: tasks=8 kind=spawn jobs=2688 ticks=6911594 per_job=2571 region_ticks=575065
job-mix-repeat: tasks=16 repeat=0 ticks=496735
job-mix-repeat: tasks=16 repeat=1 ticks=489181
job-mix-repeat: tasks=16 repeat=2 ticks=488196
job-mix-repeat: tasks=16 repeat=3 ticks=496340
job-mix-repeat: tasks=16 repeat=4 ticks=498006
job-mix-repeat: tasks=16 repeat=5 ticks=500489
job-mix-repeat: tasks=16 repeat=6 ticks=489813
job-mix-repeat: tasks=16 repeat=7 ticks=494782
job-mix-repeat: tasks=16 repeat=8 ticks=493745
job-mix-repeat: tasks=16 repeat=9 ticks=494813
job-mix-repeat: tasks=16 repeat=10 ticks=492616
job-mix-repeat: tasks=16 repeat=11 ticks=498556
job-mix-repeat: tasks=16 repeat=12 ticks=488132
job-mix-repeat: tasks=16 repeat=13 ticks=491183
job-mix-repeat: tasks=16 repeat=14 ticks=491520
job-mix-repeat: tasks=16 repeat=15 ticks=496712
job-mix-repeat: tasks=16 repeat=16 ticks=491682
job-mix-repeat: tasks=16 repeat=17 ticks=490397
job-mix-repeat: tasks=16 repeat=18 ticks=492899
job-mix-repeat: tasks=16 repeat=19 ticks=495350
job-mix-repeat: tasks=16 repeat=20 ticks=499348
job-mix: tasks=16 jobs=2048 repeats=21 ticks_min=488132 ticks_median=493745 ticks_max=500489 jpm_median=995493
job-mix-kind: tasks=16 kind=compute jobs=5376 ticks=15238412 per_job=2834 region_ticks=0
job-mix-kind: tasks=16 kind=touch jobs=5376 ticks=4890770 per_job=909 region_ticks=0
job-mix-kind: tasks=16 kind=null_syscall jobs=5376 ticks=883534 per_job=164 region_ticks=0
job-mix-kind: tasks=16 kind=yield jobs=5376 ticks=16594837 per_job=3086 region_ticks=0
job-mix-kind: tasks=16 kind=round_trip jobs=10752 ticks=97040598 per_job=9025 region_ticks=0
job-mix-kind: tasks=16 kind=map jobs=5376 ticks=3036056 per_job=564 region_ticks=783747
job-mix-kind: tasks=16 kind=spawn jobs=5376 ticks=17498475 per_job=3254 region_ticks=1239201
job-mix-repeat: tasks=32 repeat=0 ticks=981493
job-mix-repeat: tasks=32 repeat=1 ticks=986983
job-mix-repeat: tasks=32 repeat=2 ticks=986486
job-mix-repeat: tasks=32 repeat=3 ticks=988462
job-mix-repeat: tasks=32 repeat=4 ticks=994451
job-mix-repeat: tasks=32 repeat=5 ticks=983396
job-mix-repeat: tasks=32 repeat=6 ticks=979506
job-mix-repeat: tasks=32 repeat=7 ticks=985508
job-mix-repeat: tasks=32 repeat=8 ticks=982696
job-mix-repeat: tasks=32 repeat=9 ticks=996538
job-mix-repeat: tasks=32 repeat=10 ticks=988273
job-mix-repeat: tasks=32 repeat=11 ticks=1000869
job-mix-repeat: tasks=32 repeat=12 ticks=987994
job-mix-repeat: tasks=32 repeat=13 ticks=984142
job-mix-repeat: tasks=32 repeat=14 ticks=978378
job-mix-repeat: tasks=32 repeat=15 ticks=979940
job-mix-repeat: tasks=32 repeat=16 ticks=982392
job-mix-repeat: tasks=32 repeat=17 ticks=978805
job-mix-repeat: tasks=32 repeat=18 ticks=973925
job-mix-repeat: tasks=32 repeat=19 ticks=979752
job-mix-repeat: tasks=32 repeat=20 ticks=994202
job-mix: tasks=32 jobs=4096 repeats=21 ticks_min=973925 ticks_median=984142 ticks_max=1000869 jpm_median=998880
job-mix-kind: tasks=32 kind=compute jobs=10752 ticks=31161537 per_job=2898 region_ticks=0
job-mix-kind: tasks=32 kind=touch jobs=10752 ticks=10068036 per_job=936 region_ticks=0
job-mix-kind: tasks=32 kind=null_syscall jobs=10752 ticks=1835739 per_job=170 region_ticks=0
job-mix-kind: tasks=32 kind=yield jobs=10752 ticks=53154629 per_job=4943 region_ticks=0
job-mix-kind: tasks=32 kind=round_trip jobs=21504 ticks=488820843 per_job=22731 region_ticks=0
job-mix-kind: tasks=32 kind=map jobs=10752 ticks=6469425 per_job=601 region_ticks=1684967
job-mix-kind: tasks=32 kind=spawn jobs=10752 ticks=40820057 per_job=3796 region_ticks=2532204
job-mix: done
