
U-Boot SPL 2021.10 (Feb 12 2023 - 18:15:33 +0800)
DDR version: dc2e84f0.
Trying to boot from SPI

OpenSBI v1.2
   ____                    _____ ____ _____
  / __ \                  / ____|  _ \_   _|
 | |  | |_ __   ___ _ __ | (___ | |_) || |
 | |  | | '_ \ / _ \ '_ \ \___ \|  _ < | |
 | |__| | |_) |  __/ | | |____) | |_) || |_
  \____/| .__/ \___|_| |_|_____/|____/_____|
        | |
        |_|

Platform Name             : StarFive VisionFive V2
Platform Features         : medeleg
Platform HART Count       : 5
Platform IPI Device       : aclint-mswi
Platform Timer Device     : aclint-mtimer @ 4000000Hz
Platform Console Device   : uart8250
Platform HSM Device       : jh7110-hsm
Platform PMU Device       : ---
Platform Reboot Device    : pm-reset
Platform Shutdown Device  : pm-reset
Firmware Base             : 0x40000000
Firmware Size             : 292 KB
Runtime SBI Version       : 1.0

Domain0 Name              : root
Domain0 Boot HART         : 1
Domain0 HARTs             : 0*,1*,2*,3*,4*
Domain0 Region00          : 0x0000000002000000-0x000000000200ffff (I)
Domain0 Region01          : 0x0000000040000000-0x000000004007ffff ()
Domain0 Region02          : 0x0000000000000000-0xffffffffffffffff (R,W,X)
Domain0 Next Address      : 0x0000000040200000
Domain0 Next Arg1         : 0x0000000042200000
Domain0 Next Mode         : S-mode
Domain0 SysReset          : yes

Boot HART ID              : 1
Boot HART Domain          : root
Boot HART Priv Version    : v1.11
Boot HART Base ISA        : rv64imafdcbx
Boot HART ISA Extensions  : none
Boot HART PMP Count       : 8
Boot HART PMP Granularity : 4096
Boot HART PMP Address Bits: 34
Boot HART MHPM Count      : 2
Boot HART MIDELEG         : 0x0000000000000222
Boot HART MEDELEG         : 0x000000000000b109


U-Boot 2021.10 (Feb 12 2023 - 18:15:33 +0800), Build: jenkins-VF2_515_Branch_SDK_Release-24

CPU:   rv64imacu
Model: StarFive VisionFive V2
DRAM:  8 GiB
MMC:   sdio0@16010000: 0, sdio1@16020000: 1
Loading Environment from SPIFlash... SF: Detected gd25lq128 with page size 256 Bytes, erase size 4 KiB, total 16 MiB
*** Warning - bad CRC, using default environment

StarFive EEPROM format v2

--------EEPROM INFO--------
Vendor : StarFive Technology Co., Ltd.
Product full SN: VF7110B1-2253-D008E000-00004584
data version: 0x2
PCB revision: 0xb2
BOM revision: A
Ethernet MAC0 address: 6c:cf:39:00:47:2c
Ethernet MAC1 address: 6c:cf:39:00:47:2d
--------EEPROM INFO--------

In:    serial@10000000
Out:   serial@10000000
Err:   serial@10000000
Model: StarFive VisionFive V2
Net:   eth0: ethernet@16030000, eth1: ethernet@16040000
switch to partitions #0, OK
mmc1 is current device
found device 1
bootmode flash device 1
** Invalid partition 3 **
Couldn't find partition mmc 1:3
Can't set block device
** Invalid partition 3 **
Couldn't find partition mmc 1:3
Can't set block device
Hit any key to stop autoboot:  2  1  0 
** Invalid partition 3 **
Couldn't find partition mmc 1:3
Can't set block device
Importing environment from mmc1 ...
## Warning: Input data exceeds 1048576 bytes - truncated
## Info: input data size = 1048578 = 0x100002
** Invalid partition 2 **
Couldn't find partition mmc 1:2
Can't set block device
## Warning: defaulting to text format
## Error: "boot2" not defined
switch to partitions #0, OK
mmc1 is current device
Scanning mmc 1:1...
Found U-Boot script /boot.scr.uimg
1595 bytes read in 8 ms (194.3 KiB/s)
## Executing script at 43900000
nife: boot.scr is driving this boot, milestones 218 and 257
nife: tftp server is 192.168.8.206, setenv nife_boot_server to point somewhere else
ethernet@16030000 Waiting for PHY auto negotiation to complete......... TIMEOUT !
phy_startup() failed: -110FAILED: -110ethernet@16040000 Waiting for PHY auto negotiation to complete...... done
BOOTP broadcast 1
BOOTP broadcast 2
DHCP client bound to address 192.168.8.185 (258 ms)
Using ethernet@16040000 device
TFTP from server 192.168.8.206; our IP address is 192.168.8.185
Filename 'nife-vf2.img'.
Load address: 0x40200000
Loading: *#################################################################
	 #################################################################
	 #################################################################
	 ###################
	 4.8 MiB/s
done
Bytes transferred = 3128576 (2fbd00 hex)
Using ethernet@16040000 device
TFTP from server 192.168.8.206; our IP address is 192.168.8.185
Filename 'nife-initrd.img'.
Load address: 0x90000000
Loading: *#################################################################
	 #################################################################
	 #################################################################
	 #################################################################
	 #################################################################
	 #################################################################
	 #################################################################
	 #################################################################
	 #################################################################
	 #################################################################
	 #################################################################
	 #################################################################
	 ########
	 6.7 MiB/s
done
Bytes transferred = 11565056 (b07800 hex)
nife: payload came from net
Moving Image from 0x40200000 to 0x80200000, end=804fb000
## Flattened Device Tree blob at 86000000
   Booting using the fdt blob at 0x86000000
   Using Device Tree in place at 0000000086000000, end 000000008600d41a

Starting kernel ...

clk u5_dw_i2c_clk_core already disabled
clk u5_dw_i2c_clk_apb already disabled

nife on RISC-V (rv64, S-mode, Sv39)
  hart 0 booted: high-half kernel, .bss, and the NS16550 console are up.
  running at  : 0xffffffc08021783c  (high half: Sv39 paging is on)
  device tree : 0x0000000086000000
  screen      : none (no qemu,fw-cfg-mmio node: this machine has no ramfb to ask for); this console is the UART
  traps       : stvec set; a breakpoint was caught and stepped over (1)
  timer       : 21 ticks in ~0.2s (SBI timer + S-mode interrupt at 100 Hz)
  memory      : device tree parsed, frame allocator up (first frame 0x400a0000)
  smp: 5 core(s) in the device tree, 4 startable
  smp: cpu 0's riscv,isa names user mode and not supervisor: it cannot run this kernel, whatever status and mmu-type claim; not started
  plic: S contexts from the device tree differ from the 2h+1 formula (expected on the JH7110: the disabled S7 shifts every context down one)
  paging      : fine-grained W^X Sv39 tables installed, satp switched (paging on: true)
  isa         : rv64i m a c f d
              : 5 hart(s), mmu sv39 declared and sv39 in use, satp.ASID 0 bits measured; read from the deprecated riscv,isa
  firmware    : OpenSBI 0x10002, SBI 1.0, TIME IPI RFENCE HSM PMU
  cycles      : SBI PMU counter 0, CSR 0xc00, 64 bits
  smp: sbi hsm hart_start (the only mechanism RISC-V defines)
  smp: cpu 0 is not startable by this kernel (disabled, no supervisor
       mode, or an enable-method we do not speak); leaving it alone.
  smp: 4 core(s) online

nife
  isa         : rv64i m a c f d
              : 5 hart(s), mmu sv39 declared and sv39 in use, satp.ASID 0 bits measured; read from the deprecated riscv,isa
  firmware    : OpenSBI 0x10002, SBI 1.0, TIME IPI RFENCE HSM PMU
  stack top       : 0xffffffc08044b000
  firmware handoff: 0x0000000086000000  (device tree)
  processors      : 4 online of 5 described, boot cpu hwid 0x1
  memory          : 4096 MiB total, 4073 MiB free (23400 KiB in use)
  console         : NS16550 at 0xffffffc010000000, interrupt line 32
                  : no screen; this console is the UART alone
  interrupts      : PLIC at 0x000000000c000000, this hart's S-mode context 2
  timer           : 100 Hz tick, counter at 4 MHz, interrupts ON
  initrd          : 11565056 bytes at 0x0000000090000000, a nifefs archive of 103 program(s)
  pcie            : none (this machine describes no host bridge)
  iommu           : none (no riscv-iommu-pci function on this machine's bus)
  mmu             : Sv39 on, fine-grained W^X tables installed, one satp, kernel high half at 0xffffffc000000000
                  : kernel root 0x00000000400a1000, live satp root 0x00000000400a1000
  scheduler       : 5 thread(s), round robin, preemptive
nife machine: riscv64, 4 processor(s), 4096 MiB, 100 Hz
  self-test       : exceptions ok      a breakpoint was caught and stepped over (1)
  self-test       : mapping    ok      0xffffffc180000000 -> 0x408cc000, read back 0xc0ffee, unmapped
  self-test       : frames     ok      one frame out and back at 0x408cc000; used 5852 -> Some(5853) -> Some(5852)
  self-test       : timer      ok      the 4MHz counter advanced 80000 and 2 tick(s) arrived in ~20ms
  self-test       : scheduler  ok      thread 5 ran and carried its captured state (0x268026802680268)
nife self-test: 5 of 5 passed
  user address space : process satp activated (kernel half shared), user 0x400000 -> Some((408e0000, Flags(3)))
  userspace   : a program was started at U-mode (yield/yield/exit via ecall)
  user ELF    : an archive; the progenitor composes this machine's userspace at the handoff below
  preemption  : two never-yield threads ran 7283925 and 6572384 iterations, 82 preemptions (a thread that refuses to yield is preempted anyway)
  uart irq    : source 32 (machine description)
  device IRQ  : userspace driver started (holds an Irq cap + a UART mapping); pipe a byte to see it
  virtio      : no block device attached (pass NIFE_DISK to attach one)
  pcie        : no virtio-blk on the bus (pass NIFE_DISK to attach one)
  hw clock    : JH7110 STG CRG at 0x10230000 (named by this machine's device tree): clocks 0x00000000,0x00000000 -> 0x80000000,0x80000000 (running); reset 3 assert 0x007ffffe -> 0x007ffff6, status 0x00000009 (released, 1 polls)
  capability slots: 2 of 32 at peak
  hw entropy  : JH7110 TRNG at 0x1600c000 served 32+32 bytes to a client through a capability that names no device; first draw 1d66b1f5.., second differs; STAT after init 0x00040308 (256-bit: all eight RAND words are the answer); since the pcie line 21093 us, of which bring-up 793 us (window mapped, driver spawned, reseed, first generation; the hw clock line's own console time excluded) and 64 bytes in 56 us (1127753 bytes/s over 8 round trips)
nife: the capability core runs on RISC-V.

job-mix: started 32 tasks and 2 servers on 4 online core(s), cntfrq=4000000 Hz
  capability slots: 6 of 32 at peak
job-mix: one job is one of 7 kinds (16 per round, 8 rounds per task per subrun); see crates/job_mix for the mix and what it deliberately leaves out
job-mix: this measures THIS kernel under multi-tasking load; it compares nothing against an event kernel and does not decide design/decisions/96-process-kernel-or-event-kernel.md
job-mix: each point is the median of 21 repeats, with the fastest and slowest beside it (since 2026-09-19); a transcript before that date printed the best of 3 as ticks= and jpm=, which is a different statistic from a different mix and is not comparable with jpm_median=
job-mix-census: where the kernel placed each thread at spawn: S=echo server, T=task
job-mix-census: core=1 threads=7 S0 T5 T15 T17 T22 T23 T27
job-mix-census: core=2 threads=8 T0 T1 T6 T7 T13 T19 T26 T31
job-mix-census: core=3 threads=9 S1 T3 T4 T8 T10 T11 T16 T25 T29
job-mix-census: core=4 threads=10 T2 T9 T12 T14 T18 T20 T21 T24 T28 T30
job-mix-census: placement decides throughput on real silicon by up to fifteenfold (notes/soak.md, milestone 240), so a jobs-per-minute figure from ONE boot is a draw and not a result; notes/job-mix.md's procedure asks for repeated boots
  capability slots: 9 of 32 at peak
job-mix-repeat: tasks=1 repeat=0 ticks=106518
job-mix-repeat: tasks=1 repeat=1 ticks=94411
job-mix-repeat: tasks=1 repeat=2 ticks=94247
job-mix-repeat: tasks=1 repeat=3 ticks=94418
job-mix-repeat: tasks=1 repeat=4 ticks=94231
job-mix-repeat: tasks=1 repeat=5 ticks=94198
job-mix-repeat: tasks=1 repeat=6 ticks=94432
job-mix-repeat: tasks=1 repeat=7 ticks=94522
job-mix-repeat: tasks=1 repeat=8 ticks=94365
job-mix-repeat: tasks=1 repeat=9 ticks=94371
job-mix-repeat: tasks=1 repeat=10 ticks=94365
job-mix-repeat: tasks=1 repeat=11 ticks=94453
job-mix-repeat: tasks=1 repeat=12 ticks=94500
job-mix-repeat: tasks=1 repeat=13 ticks=94435
job-mix-repeat: tasks=1 repeat=14 ticks=94423
job-mix-repeat: tasks=1 repeat=15 ticks=94505
job-mix-repeat: tasks=1 repeat=16 ticks=94293
job-mix-repeat: tasks=1 repeat=17 ticks=94395
job-mix-repeat: tasks=1 repeat=18 ticks=94354
job-mix-repeat: tasks=1 repeat=19 ticks=94245
job-mix-repeat: tasks=1 repeat=20 ticks=94471
job-mix: tasks=1 jobs=128 repeats=21 ticks_min=94198 ticks_median=94411 ticks_max=106518 jpm_median=325385
job-mix-kind: tasks=1 kind=compute jobs=336 ticks=809568 per_job=2409 region_ticks=0
job-mix-kind: tasks=1 kind=touch jobs=336 ticks=263030 per_job=782 region_ticks=0
job-mix-kind: tasks=1 kind=null_syscall jobs=336 ticks=33293 per_job=99 region_ticks=0
job-mix-kind: tasks=1 kind=yield jobs=336 ticks=27462 per_job=81 region_ticks=0
job-mix-kind: tasks=1 kind=round_trip jobs=672 ticks=326534 per_job=485 region_ticks=0
job-mix-kind: tasks=1 kind=map jobs=336 ticks=118904 per_job=353 region_ticks=36459
job-mix-kind: tasks=1 kind=spawn jobs=336 ticks=408738 per_job=1216 region_ticks=56510
job-mix-repeat: tasks=2 repeat=0 ticks=106278
job-mix-repeat: tasks=2 repeat=1 ticks=105617
job-mix-repeat: tasks=2 repeat=2 ticks=104332
job-mix-repeat: tasks=2 repeat=3 ticks=106016
job-mix-repeat: tasks=2 repeat=4 ticks=105688
job-mix-repeat: tasks=2 repeat=5 ticks=105490
job-mix-repeat: tasks=2 repeat=6 ticks=106120
job-mix-repeat: tasks=2 repeat=7 ticks=104469
job-mix-repeat: tasks=2 repeat=8 ticks=105938
job-mix-repeat: tasks=2 repeat=9 ticks=105175
job-mix-repeat: tasks=2 repeat=10 ticks=105558
job-mix-repeat: tasks=2 repeat=11 ticks=105730
job-mix-repeat: tasks=2 repeat=12 ticks=104774
job-mix-repeat: tasks=2 repeat=13 ticks=105905
job-mix-repeat: tasks=2 repeat=14 ticks=105646
job-mix-repeat: tasks=2 repeat=15 ticks=105890
job-mix-repeat: tasks=2 repeat=16 ticks=105243
job-mix-repeat: tasks=2 repeat=17 ticks=106159
job-mix-repeat: tasks=2 repeat=18 ticks=105796
job-mix-repeat: tasks=2 repeat=19 ticks=104916
job-mix-repeat: tasks=2 repeat=20 ticks=105080
job-mix: tasks=2 jobs=256 repeats=21 ticks_min=104332 ticks_median=105646 ticks_max=106278 jpm_median=581564
job-mix-kind: tasks=2 kind=compute jobs=672 ticks=1652795 per_job=2459 region_ticks=0
job-mix-kind: tasks=2 kind=touch jobs=672 ticks=531683 per_job=791 region_ticks=0
job-mix-kind: tasks=2 kind=null_syscall jobs=672 ticks=79088 per_job=117 region_ticks=0
job-mix-kind: tasks=2 kind=yield jobs=672 ticks=69212 per_job=102 region_ticks=0
job-mix-kind: tasks=2 kind=round_trip jobs=1344 ticks=887420 per_job=660 region_ticks=0
job-mix-kind: tasks=2 kind=map jobs=672 ticks=286007 per_job=425 region_ticks=81925
job-mix-kind: tasks=2 kind=spawn jobs=672 ticks=896877 per_job=1334 region_ticks=127394
job-mix-repeat: tasks=4 repeat=0 ticks=133997
job-mix-repeat: tasks=4 repeat=1 ticks=132876
job-mix-repeat: tasks=4 repeat=2 ticks=134147
job-mix-repeat: tasks=4 repeat=3 ticks=128988
job-mix-repeat: tasks=4 repeat=4 ticks=129382
job-mix-repeat: tasks=4 repeat=5 ticks=133373
job-mix-repeat: tasks=4 repeat=6 ticks=130740
job-mix-repeat: tasks=4 repeat=7 ticks=130678
job-mix-repeat: tasks=4 repeat=8 ticks=131119
job-mix-repeat: tasks=4 repeat=9 ticks=132913
job-mix-repeat: tasks=4 repeat=10 ticks=131560
job-mix-repeat: tasks=4 repeat=11 ticks=131972
job-mix-repeat: tasks=4 repeat=12 ticks=131212
job-mix-repeat: tasks=4 repeat=13 ticks=134744
job-mix-repeat: tasks=4 repeat=14 ticks=135542
job-mix-repeat: tasks=4 repeat=15 ticks=131793
job-mix-repeat: tasks=4 repeat=16 ticks=127753
job-mix-repeat: tasks=4 repeat=17 ticks=131327
job-mix-repeat: tasks=4 repeat=18 ticks=132058
job-mix-repeat: tasks=4 repeat=19 ticks=130065
job-mix-repeat: tasks=4 repeat=20 ticks=132320
job-mix: tasks=4 jobs=512 repeats=21 ticks_min=127753 ticks_median=131793 ticks_max=135542 jpm_median=932371
job-mix-kind: tasks=4 kind=compute jobs=1344 ticks=3423884 per_job=2547 region_ticks=0
job-mix-kind: tasks=4 kind=touch jobs=1344 ticks=1117626 per_job=831 region_ticks=0
job-mix-kind: tasks=4 kind=null_syscall jobs=1344 ticks=197719 per_job=147 region_ticks=0
job-mix-kind: tasks=4 kind=yield jobs=1344 ticks=219164 per_job=163 region_ticks=0
job-mix-kind: tasks=4 kind=round_trip jobs=2688 ticks=2903081 per_job=1080 region_ticks=0
job-mix-kind: tasks=4 kind=map jobs=1344 ticks=659283 per_job=490 region_ticks=183672
job-mix-kind: tasks=4 kind=spawn jobs=1344 ticks=1973641 per_job=1468 region_ticks=282334
job-mix-repeat: tasks=8 repeat=0 ticks=249927
job-mix-repeat: tasks=8 repeat=1 ticks=257680
job-mix-repeat: tasks=8 repeat=2 ticks=254623
job-mix-repeat: tasks=8 repeat=3 ticks=249496
job-mix-repeat: tasks=8 repeat=4 ticks=255576
job-mix-repeat: tasks=8 repeat=5 ticks=253943
job-mix-repeat: tasks=8 repeat=6 ticks=250440
job-mix-repeat: tasks=8 repeat=7 ticks=251700
job-mix-repeat: tasks=8 repeat=8 ticks=253996
job-mix-repeat: tasks=8 repeat=9 ticks=246995
job-mix-repeat: tasks=8 repeat=10 ticks=252400
job-mix-repeat: tasks=8 repeat=11 ticks=255274
job-mix-repeat: tasks=8 repeat=12 ticks=259842
job-mix-repeat: tasks=8 repeat=13 ticks=254290
job-mix-repeat: tasks=8 repeat=14 ticks=262506
job-mix-repeat: tasks=8 repeat=15 ticks=246585
job-mix-repeat: tasks=8 repeat=16 ticks=245370
job-mix-repeat: tasks=8 repeat=17 ticks=252866
job-mix-repeat: tasks=8 repeat=18 ticks=249784
job-mix-repeat: tasks=8 repeat=19 ticks=249897
job-mix-repeat: tasks=8 repeat=20 ticks=249564
job-mix: tasks=8 jobs=1024 repeats=21 ticks_min=245370 ticks_median=252400 ticks_max=262506 jpm_median=973692
job-mix-kind: tasks=8 kind=compute jobs=2688 ticks=7227503 per_job=2688 region_ticks=0
job-mix-kind: tasks=8 kind=touch jobs=2688 ticks=2369933 per_job=881 region_ticks=0
job-mix-kind: tasks=8 kind=null_syscall jobs=2688 ticks=415055 per_job=154 region_ticks=0
job-mix-kind: tasks=8 kind=yield jobs=2688 ticks=3081859 per_job=1146 region_ticks=0
job-mix-kind: tasks=8 kind=round_trip jobs=5376 ticks=17383852 per_job=3233 region_ticks=0
job-mix-kind: tasks=8 kind=map jobs=2688 ticks=1468466 per_job=546 region_ticks=386695
job-mix-kind: tasks=8 kind=spawn jobs=2688 ticks=6749036 per_job=2510 region_ticks=588429
job-mix-repeat: tasks=16 repeat=0 ticks=486807
job-mix-repeat: tasks=16 repeat=1 ticks=489067
job-mix-repeat: tasks=16 repeat=2 ticks=494313
job-mix-repeat: tasks=16 repeat=3 ticks=491322
job-mix-repeat: tasks=16 repeat=4 ticks=500991
job-mix-repeat: tasks=16 repeat=5 ticks=497823
job-mix-repeat: tasks=16 repeat=6 ticks=501196
job-mix-repeat: tasks=16 repeat=7 ticks=500249
job-mix-repeat: tasks=16 repeat=8 ticks=501163
job-mix-repeat: tasks=16 repeat=9 ticks=495169
job-mix-repeat: tasks=16 repeat=10 ticks=495509
job-mix-repeat: tasks=16 repeat=11 ticks=500992
job-mix-repeat: tasks=16 repeat=12 ticks=501955
job-mix-repeat: tasks=16 repeat=13 ticks=494768
job-mix-repeat: tasks=16 repeat=14 ticks=491760
job-mix-repeat: tasks=16 repeat=15 ticks=493075
job-mix-repeat: tasks=16 repeat=16 ticks=496814
job-mix-repeat: tasks=16 repeat=17 ticks=492694
job-mix-repeat: tasks=16 repeat=18 ticks=484347
job-mix-repeat: tasks=16 repeat=19 ticks=500729
job-mix-repeat: tasks=16 repeat=20 ticks=500530
job-mix: tasks=16 jobs=2048 repeats=21 ticks_min=484347 ticks_median=495509 ticks_max=501955 jpm_median=991949
job-mix-kind: tasks=16 kind=compute jobs=5376 ticks=15223476 per_job=2831 region_ticks=0
job-mix-kind: tasks=16 kind=touch jobs=5376 ticks=4889714 per_job=909 region_ticks=0
job-mix-kind: tasks=16 kind=null_syscall jobs=5376 ticks=882346 per_job=164 region_ticks=0
job-mix-kind: tasks=16 kind=yield jobs=5376 ticks=16083793 per_job=2991 region_ticks=0
job-mix-kind: tasks=16 kind=round_trip jobs=10752 ticks=97837348 per_job=9099 region_ticks=0
job-mix-kind: tasks=16 kind=map jobs=5376 ticks=3040424 per_job=565 region_ticks=812563
job-mix-kind: tasks=16 kind=spawn jobs=5376 ticks=17467586 per_job=3249 region_ticks=1224622
job-mix-repeat: tasks=32 repeat=0 ticks=981934
job-mix-repeat: tasks=32 repeat=1 ticks=982745
job-mix-repeat: tasks=32 repeat=2 ticks=987820
job-mix-repeat: tasks=32 repeat=3 ticks=985736
job-mix-repeat: tasks=32 repeat=4 ticks=992533
job-mix-repeat: tasks=32 repeat=5 ticks=987630
job-mix-repeat: tasks=32 repeat=6 ticks=987195
job-mix-repeat: tasks=32 repeat=7 ticks=985064
job-mix-repeat: tasks=32 repeat=8 ticks=988830
job-mix-repeat: tasks=32 repeat=9 ticks=987385
job-mix-repeat: tasks=32 repeat=10 ticks=982242
job-mix-repeat: tasks=32 repeat=11 ticks=989010
job-mix-repeat: tasks=32 repeat=12 ticks=974308
job-mix-repeat: tasks=32 repeat=13 ticks=994286
job-mix-repeat: tasks=32 repeat=14 ticks=977861
job-mix-repeat: tasks=32 repeat=15 ticks=979497
job-mix-repeat: tasks=32 repeat=16 ticks=984260
job-mix-repeat: tasks=32 repeat=17 ticks=982247
job-mix-repeat: tasks=32 repeat=18 ticks=982854
job-mix-repeat: tasks=32 repeat=19 ticks=979657
job-mix-repeat: tasks=32 repeat=20 ticks=988015
job-mix: tasks=32 jobs=4096 repeats=21 ticks_min=974308 ticks_median=985064 ticks_max=994286 jpm_median=997945
job-mix-kind: tasks=32 kind=compute jobs=10752 ticks=31372875 per_job=2917 region_ticks=0
job-mix-kind: tasks=32 kind=touch jobs=10752 ticks=10019726 per_job=931 region_ticks=0
job-mix-kind: tasks=32 kind=null_syscall jobs=10752 ticks=1841157 per_job=171 region_ticks=0
job-mix-kind: tasks=32 kind=yield jobs=10752 ticks=54380603 per_job=5057 region_ticks=0
job-mix-kind: tasks=32 kind=round_trip jobs=21504 ticks=486540838 per_job=22625 region_ticks=0
job-mix-kind: tasks=32 kind=map jobs=10752 ticks=6550653 per_job=609 region_ticks=1713825
job-mix-kind: tasks=32 kind=spawn jobs=10752 ticks=40961210 per_job=3809 region_ticks=2512902
job-mix: done
