
U-Boot SPL 2021.10 (Feb 12 2023 - 18:15:33 +0800)
DDR version: dc2e84f0.
Trying to boot from SPI

OpenSBI v1.2
   ____                    _____ ____ _____
  / __ \                  / ____|  _ \_   _|
 | |  | |_ __   ___ _ __ | (___ | |_) || |
 | |  | | '_ \ / _ \ '_ \ \___ \|  _ < | |
 | |__| | |_) |  __/ | | |____) | |_) || |_
  \____/| .__/ \___|_| |_|_____/|____/_____|
        | |
        |_|

Platform Name             : StarFive VisionFive V2
Platform Features         : medeleg
Platform HART Count       : 5
Platform IPI Device       : aclint-mswi
Platform Timer Device     : aclint-mtimer @ 4000000Hz
Platform Console Device   : uart8250
Platform HSM Device       : jh7110-hsm
Platform PMU Device       : ---
Platform Reboot Device    : pm-reset
Platform Shutdown Device  : pm-reset
Firmware Base             : 0x40000000
Firmware Size             : 292 KB
Runtime SBI Version       : 1.0

Domain0 Name              : root
Domain0 Boot HART         : 1
Domain0 HARTs             : 0*,1*,2*,3*,4*
Domain0 Region00          : 0x0000000002000000-0x000000000200ffff (I)
Domain0 Region01          : 0x0000000040000000-0x000000004007ffff ()
Domain0 Region02          : 0x0000000000000000-0xffffffffffffffff (R,W,X)
Domain0 Next Address      : 0x0000000040200000
Domain0 Next Arg1         : 0x0000000042200000
Domain0 Next Mode         : S-mode
Domain0 SysReset          : yes

Boot HART ID              : 1
Boot HART Domain          : root
Boot HART Priv Version    : v1.11
Boot HART Base ISA        : rv64imafdcbx
Boot HART ISA Extensions  : none
Boot HART PMP Count       : 8
Boot HART PMP Granularity : 4096
Boot HART PMP Address Bits: 34
Boot HART MHPM Count      : 2
Boot HART MIDELEG         : 0x0000000000000222
Boot HART MEDELEG         : 0x000000000000b109


U-Boot 2021.10 (Feb 12 2023 - 18:15:33 +0800), Build: jenkins-VF2_515_Branch_SDK_Release-24

CPU:   rv64imacu
Model: StarFive VisionFive V2
DRAM:  8 GiB
MMC:   sdio0@16010000: 0, sdio1@16020000: 1
Loading Environment from SPIFlash... SF: Detected gd25lq128 with page size 256 Bytes, erase size 4 KiB, total 16 MiB
*** Warning - bad CRC, using default environment

StarFive EEPROM format v2

--------EEPROM INFO--------
Vendor : StarFive Technology Co., Ltd.
Product full SN: VF7110B1-2253-D008E000-00004584
data version: 0x2
PCB revision: 0xb2
BOM revision: A
Ethernet MAC0 address: 6c:cf:39:00:47:2c
Ethernet MAC1 address: 6c:cf:39:00:47:2d
--------EEPROM INFO--------

In:    serial@10000000
Out:   serial@10000000
Err:   serial@10000000
Model: StarFive VisionFive V2
Net:   eth0: ethernet@16030000, eth1: ethernet@16040000
switch to partitions #0, OK
mmc1 is current device
found device 1
bootmode flash device 1
** Invalid partition 3 **
Couldn't find partition mmc 1:3
Can't set block device
** Invalid partition 3 **
Couldn't find partition mmc 1:3
Can't set block device
Hit any key to stop autoboot:  2  1  0 
** Invalid partition 3 **
Couldn't find partition mmc 1:3
Can't set block device
Importing environment from mmc1 ...
## Warning: Input data exceeds 1048576 bytes - truncated
## Info: input data size = 1048578 = 0x100002
** Invalid partition 2 **
Couldn't find partition mmc 1:2
Can't set block device
## Warning: defaulting to text format
## Error: "boot2" not defined
switch to partitions #0, OK
mmc1 is current device
Scanning mmc 1:1...
Found U-Boot script /boot.scr.uimg
1595 bytes read in 8 ms (194.3 KiB/s)
## Executing script at 43900000
nife: boot.scr is driving this boot, milestones 218 and 257
nife: tftp server is 192.168.8.206, setenv nife_boot_server to point somewhere else
ethernet@16030000 Waiting for PHY auto negotiation to complete......... TIMEOUT !
phy_startup() failed: -110FAILED: -110ethernet@16040000 Waiting for PHY auto negotiation to complete....... done
BOOTP broadcast 1
BOOTP broadcast 2
DHCP client bound to address 192.168.8.185 (258 ms)
Using ethernet@16040000 device
TFTP from server 192.168.8.206; our IP address is 192.168.8.185
Filename 'nife-vf2.img'.
Load address: 0x40200000
Loading: *#################################################################
	 #################################################################
	 #################################################################
	 #####################
	 7.2 MiB/s
done
Bytes transferred = 3161344 (303d00 hex)
Using ethernet@16040000 device
TFTP from server 192.168.8.206; our IP address is 192.168.8.185
Filename 'nife-initrd.img'.
Load address: 0x90000000
Loading: *#################################################################
	 #################################################################
	 #################################################################
	 #################################################################
	 #################################################################
	 #################################################################
	 #################################################################
	 #################################################################
	 #################################################################
	 #################################################################
	 #################################################################
	 #################################################################
	 ########
	 3.7 MiB/s
done
Bytes transferred = 11565056 (b07800 hex)
nife: payload came from net
Moving Image from 0x40200000 to 0x80200000, end=80503000
## Flattened Device Tree blob at 86000000
   Booting using the fdt blob at 0x86000000
   Using Device Tree in place at 0000000086000000, end 000000008600d41a

Starting kernel ...

clk u5_dw_i2c_clk_core already disabled
clk u5_dw_i2c_clk_apb already disabled

nife on RISC-V (rv64, S-mode, Sv39)
  hart 0 booted: high-half kernel, .bss, and the NS16550 console are up.
  running at  : 0xffffffc08022415e  (high half: Sv39 paging is on)
  device tree : 0x0000000086000000
  screen      : none (no qemu,fw-cfg-mmio node: this machine has no ramfb to ask for); this console is the UART
  traps       : stvec set; a breakpoint was caught and stepped over (1)
  timer       : 21 ticks in ~0.2s (SBI timer + S-mode interrupt at 100 Hz)
  memory      : device tree parsed, frame allocator up (first frame 0x400a0000)
  smp: 5 core(s) in the device tree, 4 startable
  smp: cpu 0's riscv,isa names user mode and not supervisor: it cannot run this kernel, whatever status and mmu-type claim; not started
  plic: S contexts from the device tree differ from the 2h+1 formula (expected on the JH7110: the disabled S7 shifts every context down one)
  paging      : fine-grained W^X Sv39 tables installed, satp switched (paging on: true)
  isa         : rv64i m a c f d
              : 5 hart(s), mmu sv39 declared and sv39 in use, satp.ASID 0 bits measured; read from the deprecated riscv,isa
  firmware    : OpenSBI 0x10002, SBI 1.0, TIME IPI RFENCE HSM PMU
  cycles      : SBI PMU counter 0, CSR 0xc00, 64 bits
  smp: sbi hsm hart_start (the only mechanism RISC-V defines)
  smp: cpu 0 is not startable by this kernel (disabled, no supervisor
       mode, or an enable-method we do not speak); leaving it alone.
  smp: 4 core(s) online

nife
  isa         : rv64i m a c f d
              : 5 hart(s), mmu sv39 declared and sv39 in use, satp.ASID 0 bits measured; read from the deprecated riscv,isa
  firmware    : OpenSBI 0x10002, SBI 1.0, TIME IPI RFENCE HSM PMU
  stack top       : 0xffffffc080453000
  firmware handoff: 0x0000000086000000  (device tree)
  processors      : 4 online of 5 described, boot cpu hwid 0x1
  memory          : 4096 MiB total, 4073 MiB free (23432 KiB in use)
  console         : NS16550 at 0xffffffc010000000, interrupt line 32
                  : no screen; this console is the UART alone
  interrupts      : PLIC at 0x000000000c000000, this hart's S-mode context 2
  timer           : 100 Hz tick, counter at 4 MHz, interrupts ON
  initrd          : 11565056 bytes at 0x0000000090000000, a nifefs archive of 103 program(s)
  pcie            : none (this machine describes no host bridge)
  iommu           : none (no riscv-iommu-pci function on this machine's bus)
  mmu             : Sv39 on, fine-grained W^X tables installed, one satp, kernel high half at 0xffffffc000000000
                  : kernel root 0x00000000400a1000, live satp root 0x00000000400a1000
  scheduler       : 5 thread(s), round robin, preemptive
nife machine: riscv64, 4 processor(s), 4096 MiB, 100 Hz
  self-test       : exceptions ok      a breakpoint was caught and stepped over (1)
  self-test       : mapping    ok      0xffffffc180000000 -> 0x408cc000, read back 0xc0ffee, unmapped
  self-test       : frames     ok      one frame out and back at 0x408cc000; used 5860 -> Some(5861) -> Some(5860)
  self-test       : timer      ok      the 4MHz counter advanced 80000 and 2 tick(s) arrived in ~20ms
  self-test       : scheduler  ok      thread 5 ran and carried its captured state (0x268026802680268)
nife self-test: 5 of 5 passed
  user address space : process satp activated (kernel half shared), user 0x400000 -> Some((408e0000, Flags(3)))
  userspace   : a program was started at U-mode (yield/yield/exit via ecall)
  user ELF    : an archive; the progenitor composes this machine's userspace at the handoff below
  preemption  : two never-yield threads ran 4389071 and 10945100 iterations, 82 preemptions (a thread that refuses to yield is preempted anyway)
  uart irq    : source 32 (machine description)
  device IRQ  : userspace driver started (holds an Irq cap + a UART mapping); pipe a byte to see it
  virtio      : no block device attached (pass NIFE_DISK to attach one)
  pcie        : no virtio-blk on the bus (pass NIFE_DISK to attach one)
  hw clock    : JH7110 STG CRG at 0x10230000 (named by this machine's device tree): clocks 0x00000000,0x00000000 -> 0x80000000,0x80000000 (running); reset 3 assert 0x007ffffe -> 0x007ffff6, status 0x00000009 (released, 1 polls)
  capability slots: 2 of 32 at peak
  hw entropy  : JH7110 TRNG at 0x1600c000 served 32+32 bytes to a client through a capability that names no device; first draw 03287192.., second differs; STAT after init 0x00040308 (256-bit: all eight RAND words are the answer); since the pcie line 21083 us, of which bring-up 793 us (window mapped, driver spawned, reseed, first generation; the hw clock line's own console time excluded) and 64 bytes in 59 us (1071129 bytes/s over 8 round trips)
nife: the capability core runs on RISC-V.

job-mix: started 32 tasks and 2 servers on 4 online core(s), cntfrq=4000000 Hz
  capability slots: 6 of 32 at peak
job-mix: one job is one of 7 kinds (16 per round, 8 rounds per task per subrun); see crates/job_mix for the mix and what it deliberately leaves out
job-mix: this measures THIS kernel under multi-tasking load; it compares nothing against an event kernel and does not decide design/decisions/96-process-kernel-or-event-kernel.md
job-mix: each point is the median of 21 repeats, with the fastest and slowest beside it (since 2026-09-19); a transcript before that date printed the best of 3 as ticks= and jpm=, which is a different statistic from a different mix and is not comparable with jpm_median=
job-mix-census: where the kernel placed each thread at spawn: S=echo server, T=task
job-mix-census: core=1 threads=7 S0 T5 T15 T17 T22 T27 T31
job-mix-census: core=2 threads=7 T0 T1 T6 T7 T13 T19 T26
job-mix-census: core=3 threads=10 S1 T3 T4 T8 T10 T11 T16 T23 T25 T29
job-mix-census: core=4 threads=10 T2 T9 T12 T14 T18 T20 T21 T24 T28 T30
job-mix-census: placement decides throughput on real silicon by up to fifteenfold (notes/soak.md, milestone 240), so a jobs-per-minute figure from ONE boot is a draw and not a result; notes/job-mix.md's procedure asks for repeated boots
  capability slots: 9 of 32 at peak
job-mix-repeat: tasks=1 repeat=0 ticks=100526
job-mix-repeat: tasks=1 repeat=1 ticks=96808
job-mix-repeat: tasks=1 repeat=2 ticks=96590
job-mix-repeat: tasks=1 repeat=3 ticks=96676
job-mix-repeat: tasks=1 repeat=4 ticks=96687
job-mix-repeat: tasks=1 repeat=5 ticks=96519
job-mix-repeat: tasks=1 repeat=6 ticks=96846
job-mix-repeat: tasks=1 repeat=7 ticks=96960
job-mix-repeat: tasks=1 repeat=8 ticks=96651
job-mix-repeat: tasks=1 repeat=9 ticks=96763
job-mix-repeat: tasks=1 repeat=10 ticks=96676
job-mix-repeat: tasks=1 repeat=11 ticks=96725
job-mix-repeat: tasks=1 repeat=12 ticks=96877
job-mix-repeat: tasks=1 repeat=13 ticks=96779
job-mix-repeat: tasks=1 repeat=14 ticks=96740
job-mix-repeat: tasks=1 repeat=15 ticks=96749
job-mix-repeat: tasks=1 repeat=16 ticks=96781
job-mix-repeat: tasks=1 repeat=17 ticks=96761
job-mix-repeat: tasks=1 repeat=18 ticks=96804
job-mix-repeat: tasks=1 repeat=19 ticks=96633
job-mix-repeat: tasks=1 repeat=20 ticks=96875
job-mix: tasks=1 jobs=128 repeats=21 ticks_min=96519 ticks_median=96761 ticks_max=100526 jpm_median=317483
job-mix-kind: tasks=1 kind=compute jobs=336 ticks=809539 per_job=2409 region_ticks=0
job-mix-kind: tasks=1 kind=touch jobs=336 ticks=262968 per_job=782 region_ticks=0
job-mix-kind: tasks=1 kind=null_syscall jobs=336 ticks=39858 per_job=118 region_ticks=0
job-mix-kind: tasks=1 kind=yield jobs=336 ticks=27860 per_job=82 region_ticks=0
job-mix-kind: tasks=1 kind=round_trip jobs=672 ticks=352505 per_job=524 region_ticks=0
job-mix-kind: tasks=1 kind=map jobs=336 ticks=125992 per_job=374 region_ticks=36385
job-mix-kind: tasks=1 kind=spawn jobs=336 ticks=410105 per_job=1220 region_ticks=56483
job-mix-lock: tasks=1 rank=60 name=ipc_tables contended=1928 wait_ticks=4001
job-mix-lock: tasks=1 site=reap reaps=672 stack_free_ticks=100132 remove_ticks=1793
job-mix-lock: tasks=1 site=current_cap calls=119659 contended=18 wait_ticks=34
job-mix-repeat: tasks=2 repeat=0 ticks=130072
job-mix-repeat: tasks=2 repeat=1 ticks=128571
job-mix-repeat: tasks=2 repeat=2 ticks=129570
job-mix-repeat: tasks=2 repeat=3 ticks=128650
job-mix-repeat: tasks=2 repeat=4 ticks=129437
job-mix-repeat: tasks=2 repeat=5 ticks=128711
job-mix-repeat: tasks=2 repeat=6 ticks=128928
job-mix-repeat: tasks=2 repeat=7 ticks=129817
job-mix-repeat: tasks=2 repeat=8 ticks=129171
job-mix-repeat: tasks=2 repeat=9 ticks=129759
job-mix-repeat: tasks=2 repeat=10 ticks=129224
job-mix-repeat: tasks=2 repeat=11 ticks=129112
job-mix-repeat: tasks=2 repeat=12 ticks=128953
job-mix-repeat: tasks=2 repeat=13 ticks=127409
job-mix-repeat: tasks=2 repeat=14 ticks=129410
job-mix-repeat: tasks=2 repeat=15 ticks=128724
job-mix-repeat: tasks=2 repeat=16 ticks=129395
job-mix-repeat: tasks=2 repeat=17 ticks=128061
job-mix-repeat: tasks=2 repeat=18 ticks=129727
job-mix-repeat: tasks=2 repeat=19 ticks=129727
job-mix-repeat: tasks=2 repeat=20 ticks=128448
job-mix: tasks=2 jobs=256 repeats=21 ticks_min=127409 ticks_median=129171 ticks_max=130072 jpm_median=475648
job-mix-kind: tasks=2 kind=compute jobs=672 ticks=1652097 per_job=2458 region_ticks=0
job-mix-kind: tasks=2 kind=touch jobs=672 ticks=531949 per_job=791 region_ticks=0
job-mix-kind: tasks=2 kind=null_syscall jobs=672 ticks=130448 per_job=194 region_ticks=0
job-mix-kind: tasks=2 kind=yield jobs=672 ticks=140971 per_job=209 region_ticks=0
job-mix-kind: tasks=2 kind=round_trip jobs=1344 ticks=1659090 per_job=1234 region_ticks=0
job-mix-kind: tasks=2 kind=map jobs=672 ticks=332165 per_job=494 region_ticks=85801
job-mix-kind: tasks=2 kind=spawn jobs=672 ticks=949050 per_job=1412 region_ticks=129578
job-mix-lock: tasks=2 rank=15 name=- contended=1 wait_ticks=2
job-mix-lock: tasks=2 rank=45 name=- contended=1234 wait_ticks=21022
job-mix-lock: tasks=2 rank=55 name=- contended=1 wait_ticks=2
job-mix-lock: tasks=2 rank=58 name=memory_region contended=261 wait_ticks=1392
job-mix-lock: tasks=2 rank=59 name=- contended=185 wait_ticks=1095
job-mix-lock: tasks=2 rank=60 name=ipc_tables contended=251961 wait_ticks=572392
job-mix-lock: tasks=2 rank=61 name=address_spaces contended=648 wait_ticks=12470
job-mix-lock: tasks=2 site=reap reaps=1344 stack_free_ticks=223260 remove_ticks=3772
job-mix-lock: tasks=2 site=current_cap calls=239399 contended=64196 wait_ticks=141214
job-mix-repeat: tasks=4 repeat=0 ticks=183833
job-mix-repeat: tasks=4 repeat=1 ticks=189057
job-mix-repeat: tasks=4 repeat=2 ticks=184371
job-mix-repeat: tasks=4 repeat=3 ticks=183057
job-mix-repeat: tasks=4 repeat=4 ticks=184754
job-mix-repeat: tasks=4 repeat=5 ticks=184122
job-mix-repeat: tasks=4 repeat=6 ticks=179522
job-mix-repeat: tasks=4 repeat=7 ticks=191015
job-mix-repeat: tasks=4 repeat=8 ticks=185403
job-mix-repeat: tasks=4 repeat=9 ticks=180899
job-mix-repeat: tasks=4 repeat=10 ticks=183983
job-mix-repeat: tasks=4 repeat=11 ticks=177105
job-mix-repeat: tasks=4 repeat=12 ticks=183568
job-mix-repeat: tasks=4 repeat=13 ticks=184765
job-mix-repeat: tasks=4 repeat=14 ticks=195375
job-mix-repeat: tasks=4 repeat=15 ticks=184043
job-mix-repeat: tasks=4 repeat=16 ticks=174304
job-mix-repeat: tasks=4 repeat=17 ticks=192119
job-mix-repeat: tasks=4 repeat=18 ticks=185348
job-mix-repeat: tasks=4 repeat=19 ticks=181336
job-mix-repeat: tasks=4 repeat=20 ticks=183066
job-mix: tasks=4 jobs=512 repeats=21 ticks_min=174304 ticks_median=184043 ticks_max=195375 jpm_median=667670
job-mix-kind: tasks=4 kind=compute jobs=1344 ticks=3416685 per_job=2542 region_ticks=0
job-mix-kind: tasks=4 kind=touch jobs=1344 ticks=1113409 per_job=828 region_ticks=0
job-mix-kind: tasks=4 kind=null_syscall jobs=1344 ticks=464311 per_job=345 region_ticks=0
job-mix-kind: tasks=4 kind=yield jobs=1344 ticks=551371 per_job=410 region_ticks=0
job-mix-kind: tasks=4 kind=round_trip jobs=2688 ticks=6265442 per_job=2330 region_ticks=0
job-mix-kind: tasks=4 kind=map jobs=1344 ticks=863456 per_job=642 region_ticks=193799
job-mix-kind: tasks=4 kind=spawn jobs=1344 ticks=2333070 per_job=1735 region_ticks=321915
job-mix-lock: tasks=4 rank=15 name=- contended=3 wait_ticks=6
job-mix-lock: tasks=4 rank=45 name=- contended=2791 wait_ticks=43461
job-mix-lock: tasks=4 rank=58 name=memory_region contended=782 wait_ticks=3796
job-mix-lock: tasks=4 rank=59 name=- contended=1063 wait_ticks=4141
job-mix-lock: tasks=4 rank=60 name=ipc_tables contended=687992 wait_ticks=2593130
job-mix-lock: tasks=4 rank=61 name=address_spaces contended=4138 wait_ticks=74280
job-mix-lock: tasks=4 site=reap reaps=2688 stack_free_ticks=449889 remove_ticks=7618
job-mix-lock: tasks=4 site=current_cap calls=479201 contended=198188 wait_ticks=734022
job-mix-repeat: tasks=8 repeat=0 ticks=364384
job-mix-repeat: tasks=8 repeat=1 ticks=366411
job-mix-repeat: tasks=8 repeat=2 ticks=367485
job-mix-repeat: tasks=8 repeat=3 ticks=363052
job-mix-repeat: tasks=8 repeat=4 ticks=368337
job-mix-repeat: tasks=8 repeat=5 ticks=363072
job-mix-repeat: tasks=8 repeat=6 ticks=368208
job-mix-repeat: tasks=8 repeat=7 ticks=371855
job-mix-repeat: tasks=8 repeat=8 ticks=363938
job-mix-repeat: tasks=8 repeat=9 ticks=367163
job-mix-repeat: tasks=8 repeat=10 ticks=363196
job-mix-repeat: tasks=8 repeat=11 ticks=375590
job-mix-repeat: tasks=8 repeat=12 ticks=370374
job-mix-repeat: tasks=8 repeat=13 ticks=361354
job-mix-repeat: tasks=8 repeat=14 ticks=360520
job-mix-repeat: tasks=8 repeat=15 ticks=375362
job-mix-repeat: tasks=8 repeat=16 ticks=375088
job-mix-repeat: tasks=8 repeat=17 ticks=370787
job-mix-repeat: tasks=8 repeat=18 ticks=364048
job-mix-repeat: tasks=8 repeat=19 ticks=368501
job-mix-repeat: tasks=8 repeat=20 ticks=358342
job-mix: tasks=8 jobs=1024 repeats=21 ticks_min=358342 ticks_median=367163 ticks_max=375590 jpm_median=669348
job-mix-kind: tasks=8 kind=compute jobs=2688 ticks=7103731 per_job=2642 region_ticks=0
job-mix-kind: tasks=8 kind=touch jobs=2688 ticks=2290655 per_job=852 region_ticks=0
job-mix-kind: tasks=8 kind=null_syscall jobs=2688 ticks=1094497 per_job=407 region_ticks=0
job-mix-kind: tasks=8 kind=yield jobs=2688 ticks=4332869 per_job=1611 region_ticks=0
job-mix-kind: tasks=8 kind=round_trip jobs=5376 ticks=33720519 per_job=6272 region_ticks=0
job-mix-kind: tasks=8 kind=map jobs=2688 ticks=2017726 per_job=750 region_ticks=419569
job-mix-kind: tasks=8 kind=spawn jobs=2688 ticks=7203158 per_job=2679 region_ticks=665438
job-mix-lock: tasks=8 rank=15 name=- contended=7 wait_ticks=14
job-mix-lock: tasks=8 rank=30 name=- contended=7 wait_ticks=15
job-mix-lock: tasks=8 rank=45 name=- contended=5148 wait_ticks=90199
job-mix-lock: tasks=8 rank=55 name=- contended=1 wait_ticks=2
job-mix-lock: tasks=8 rank=58 name=memory_region contended=1386 wait_ticks=6733
job-mix-lock: tasks=8 rank=59 name=- contended=2283 wait_ticks=9421
job-mix-lock: tasks=8 rank=60 name=ipc_tables contended=1573606 wait_ticks=6793555
job-mix-lock: tasks=8 rank=61 name=address_spaces contended=10949 wait_ticks=160933
job-mix-lock: tasks=8 site=reap reaps=5376 stack_free_ticks=912985 remove_ticks=15281
job-mix-lock: tasks=8 site=current_cap calls=958242 contended=462777 wait_ticks=2010604
job-mix-repeat: tasks=16 repeat=0 ticks=717664
job-mix-repeat: tasks=16 repeat=1 ticks=697219
job-mix-repeat: tasks=16 repeat=2 ticks=729194
job-mix-repeat: tasks=16 repeat=3 ticks=721790
job-mix-repeat: tasks=16 repeat=4 ticks=715748
job-mix-repeat: tasks=16 repeat=5 ticks=737197
job-mix-repeat: tasks=16 repeat=6 ticks=715989
job-mix-repeat: tasks=16 repeat=7 ticks=725796
job-mix-repeat: tasks=16 repeat=8 ticks=709902
job-mix-repeat: tasks=16 repeat=9 ticks=709017
job-mix-repeat: tasks=16 repeat=10 ticks=711129
job-mix-repeat: tasks=16 repeat=11 ticks=718381
job-mix-repeat: tasks=16 repeat=12 ticks=722476
job-mix-repeat: tasks=16 repeat=13 ticks=728779
job-mix-repeat: tasks=16 repeat=14 ticks=731809
job-mix-repeat: tasks=16 repeat=15 ticks=719112
job-mix-repeat: tasks=16 repeat=16 ticks=738549
job-mix-repeat: tasks=16 repeat=17 ticks=722880
job-mix-repeat: tasks=16 repeat=18 ticks=735836
job-mix-repeat: tasks=16 repeat=19 ticks=723156
job-mix-repeat: tasks=16 repeat=20 ticks=718001
job-mix: tasks=16 jobs=2048 repeats=21 ticks_min=697219 ticks_median=721790 ticks_max=738549 jpm_median=680973
job-mix-kind: tasks=16 kind=compute jobs=5376 ticks=14673444 per_job=2729 region_ticks=0
job-mix-kind: tasks=16 kind=touch jobs=5376 ticks=4771942 per_job=887 region_ticks=0
job-mix-kind: tasks=16 kind=null_syscall jobs=5376 ticks=2271694 per_job=422 region_ticks=0
job-mix-kind: tasks=16 kind=yield jobs=5376 ticks=18238563 per_job=3392 region_ticks=0
job-mix-kind: tasks=16 kind=round_trip jobs=10752 ticks=165940617 per_job=15433 region_ticks=0
job-mix-kind: tasks=16 kind=map jobs=5376 ticks=4234666 per_job=787 region_ticks=863506
job-mix-kind: tasks=16 kind=spawn jobs=5376 ticks=18324669 per_job=3408 region_ticks=1371602
job-mix-lock: tasks=16 rank=15 name=- contended=20 wait_ticks=36
job-mix-lock: tasks=16 rank=30 name=- contended=12 wait_ticks=21
job-mix-lock: tasks=16 rank=45 name=- contended=12124 wait_ticks=212436
job-mix-lock: tasks=16 rank=55 name=- contended=2 wait_ticks=3
job-mix-lock: tasks=16 rank=58 name=memory_region contended=2870 wait_ticks=14209
job-mix-lock: tasks=16 rank=59 name=- contended=5015 wait_ticks=20662
job-mix-lock: tasks=16 rank=60 name=ipc_tables contended=3147246 wait_ticks=13993732
job-mix-lock: tasks=16 rank=61 name=address_spaces contended=23621 wait_ticks=348853
job-mix-lock: tasks=16 site=reap reaps=10752 stack_free_ticks=1848757 remove_ticks=30856
job-mix-lock: tasks=16 site=current_cap calls=1915195 contended=958428 wait_ticks=4298025
job-mix-repeat: tasks=32 repeat=0 ticks=1446966
job-mix-repeat: tasks=32 repeat=1 ticks=1428166
job-mix-repeat: tasks=32 repeat=2 ticks=1435421
job-mix-repeat: tasks=32 repeat=3 ticks=1441571
job-mix-repeat: tasks=32 repeat=4 ticks=1439868
job-mix-repeat: tasks=32 repeat=5 ticks=1423776
job-mix-repeat: tasks=32 repeat=6 ticks=1438167
job-mix-repeat: tasks=32 repeat=7 ticks=1447848
job-mix-repeat: tasks=32 repeat=8 ticks=1437163
job-mix-repeat: tasks=32 repeat=9 ticks=1435025
job-mix-repeat: tasks=32 repeat=10 ticks=1444088
job-mix-repeat: tasks=32 repeat=11 ticks=1430439
job-mix-repeat: tasks=32 repeat=12 ticks=1457627
job-mix-repeat: tasks=32 repeat=13 ticks=1430144
job-mix-repeat: tasks=32 repeat=14 ticks=1427837
job-mix-repeat: tasks=32 repeat=15 ticks=1436551
job-mix-repeat: tasks=32 repeat=16 ticks=1430182
job-mix-repeat: tasks=32 repeat=17 ticks=1442078
job-mix-repeat: tasks=32 repeat=18 ticks=1433245
job-mix-repeat: tasks=32 repeat=19 ticks=1436496
job-mix-repeat: tasks=32 repeat=20 ticks=1440935
job-mix: tasks=32 jobs=4096 repeats=21 ticks_min=1423776 ticks_median=1436551 ticks_max=1457627 jpm_median=684305
job-mix-kind: tasks=32 kind=compute jobs=10752 ticks=30656605 per_job=2851 region_ticks=0
job-mix-kind: tasks=32 kind=touch jobs=10752 ticks=9926925 per_job=923 region_ticks=0
job-mix-kind: tasks=32 kind=null_syscall jobs=10752 ticks=4792452 per_job=445 region_ticks=0
job-mix-kind: tasks=32 kind=yield jobs=10752 ticks=51119145 per_job=4754 region_ticks=0
job-mix-kind: tasks=32 kind=round_trip jobs=21504 ticks=782664455 per_job=36396 region_ticks=0
job-mix-kind: tasks=32 kind=map jobs=10752 ticks=9148163 per_job=850 region_ticks=1845795
job-mix-kind: tasks=32 kind=spawn jobs=10752 ticks=44270158 per_job=4117 region_ticks=2820494
job-mix-lock: tasks=32 rank=15 name=- contended=50 wait_ticks=101
job-mix-lock: tasks=32 rank=30 name=- contended=29 wait_ticks=60
job-mix-lock: tasks=32 rank=45 name=- contended=25406 wait_ticks=437649
job-mix-lock: tasks=32 rank=55 name=- contended=2 wait_ticks=2
job-mix-lock: tasks=32 rank=58 name=memory_region contended=6057 wait_ticks=30602
job-mix-lock: tasks=32 rank=59 name=- contended=9938 wait_ticks=43493
job-mix-lock: tasks=32 rank=60 name=ipc_tables contended=6323466 wait_ticks=28791868
job-mix-lock: tasks=32 rank=61 name=address_spaces contended=47959 wait_ticks=755285
job-mix-lock: tasks=32 site=reap reaps=21504 stack_free_ticks=3711986 remove_ticks=63101
job-mix-lock: tasks=32 site=current_cap calls=3830579 contended=1952980 wait_ticks=8994961
job-mix: done
